Archive member included to satisfy reference by file (symbol)

libpairing.a(point_decode.c.obj)
                              CMakeFiles/multi_pairing_m4.dir/uvision/main_m4.c.obj (decode_g1)
libpairing.a(crypto_init.c.obj)
                              CMakeFiles/multi_pairing_m4.dir/uvision/main_m4.c.obj (pairing_init)
lib/relic/lib/librelic_s.a(relic_core.c.obj)
                              libpairing.a(crypto_init.c.obj) (core_init)
lib/relic/lib/librelic_s.a(relic_arch_none.c.obj)
                              lib/relic/lib/librelic_s.a(relic_core.c.obj) (arch_init)
lib/relic/lib/librelic_s.a(relic_rand_core.c.obj)
                              lib/relic/lib/librelic_s.a(relic_core.c.obj) (rand_init)
lib/relic/lib/librelic_s.a(relic_rand_call.c.obj)
                              lib/relic/lib/librelic_s.a(relic_rand_core.c.obj) (rand_seed)
lib/relic/lib/librelic_s.a(relic_bn_mem.c.obj)
                              CMakeFiles/multi_pairing_m4.dir/uvision/main_m4.c.obj (bn_make)
lib/relic/lib/librelic_s.a(relic_bn_util.c.obj)
                              libpairing.a(point_decode.c.obj) (bn_read_bin)
lib/relic/lib/librelic_s.a(relic_dv_util.c.obj)
                              lib/relic/lib/librelic_s.a(relic_bn_util.c.obj) (dv_zero)
lib/relic/lib/librelic_s.a(relic_fp_prime.c.obj)
                              lib/relic/lib/librelic_s.a(relic_core.c.obj) (fp_prime_init)
lib/relic/lib/librelic_s.a(relic_fp_rdc.c.obj)
                              lib/relic/lib/librelic_s.a(relic_fp_prime.c.obj) (fp_rdc_monty_comba)
lib/relic/lib/librelic_s.a(relic_fp_srt.c.obj)
                              lib/relic/lib/librelic_s.a(relic_fp_prime.c.obj) (fp_is_sqr)
lib/relic/lib/librelic_s.a(relic_fp_util.c.obj)
                              lib/relic/lib/librelic_s.a(relic_fp_rdc.c.obj) (fp_copy)
lib/relic/lib/librelic_s.a(relic_fpx_cmp.c.obj)
                              CMakeFiles/multi_pairing_m4.dir/uvision/main_m4.c.obj (fp12_cmp)
lib/relic/lib/librelic_s.a(relic_fpx_field.c.obj)
                              lib/relic/lib/librelic_s.a(relic_fp_prime.c.obj) (fp2_field_init)
lib/relic/lib/librelic_s.a(relic_fpx_srt.c.obj)
                              lib/relic/lib/librelic_s.a(relic_fpx_field.c.obj) (fp2_srt)
lib/relic/lib/librelic_s.a(relic_fpx_util.c.obj)
                              lib/relic/lib/librelic_s.a(relic_fpx_srt.c.obj) (fp2_copy)
lib/relic/lib/librelic_s.a(relic_ep_add.c.obj)
                              CMakeFiles/multi_pairing_m4.dir/uvision/main_m4.c.obj (ep_add_projc)
lib/relic/lib/librelic_s.a(relic_ep_curve.c.obj)
                              lib/relic/lib/librelic_s.a(relic_core.c.obj) (ep_curve_init)
lib/relic/lib/librelic_s.a(relic_ep_dbl.c.obj)
                              lib/relic/lib/librelic_s.a(relic_ep_add.c.obj) (ep_dbl_basic)
lib/relic/lib/librelic_s.a(relic_ep_mul.c.obj)
                              lib/relic/lib/librelic_s.a(relic_ep_curve.c.obj) (ep_mul_basic)
lib/relic/lib/librelic_s.a(relic_ep_neg.c.obj)
                              lib/relic/lib/librelic_s.a(relic_ep_add.c.obj) (ep_neg)
lib/relic/lib/librelic_s.a(relic_ep_norm.c.obj)
                              CMakeFiles/multi_pairing_m4.dir/uvision/main_m4.c.obj (ep_norm)
lib/relic/lib/librelic_s.a(relic_ep_param.c.obj)
                              libpairing.a(crypto_init.c.obj) (ep_param_set)
lib/relic/lib/librelic_s.a(relic_ep_psi.c.obj)
                              lib/relic/lib/librelic_s.a(relic_ep_curve.c.obj) (ep_psi)
lib/relic/lib/librelic_s.a(relic_ep_tpl.c.obj)
                              lib/relic/lib/librelic_s.a(relic_ep_mul.c.obj) (ep_tpl_projc)
lib/relic/lib/librelic_s.a(relic_ep_util.c.obj)
                              lib/relic/lib/librelic_s.a(relic_ep_add.c.obj) (ep_is_infty)
lib/relic/lib/librelic_s.a(relic_ep2_curve.c.obj)
                              libpairing.a(crypto_init.c.obj) (ep2_curve_set_twist)
lib/relic/lib/librelic_s.a(relic_ep2_norm.c.obj)
                              lib/relic/lib/librelic_s.a(relic_ep2_curve.c.obj) (ep2_norm)
lib/relic/lib/librelic_s.a(relic_ep2_util.c.obj)
                              lib/relic/lib/librelic_s.a(relic_ep2_norm.c.obj) (ep2_is_infty)
lib/relic/lib/librelic_s.a(relic_pp_map.c.obj)
                              lib/relic/lib/librelic_s.a(relic_core.c.obj) (pp_map_init)
lib/relic/lib/librelic_s.a(relic_pp_map_k12.c.obj)
                              CMakeFiles/multi_pairing_m4.dir/uvision/main_m4.c.obj (pp_map_sim_oatep_k12)
lib/relic/lib/librelic_s.a(relic_bn_div_low.c.obj)
                              lib/relic/lib/librelic_s.a(relic_fp_rdc.c.obj) (bn_divn_low)
lib/relic/lib/librelic_s.a(relic_bn_mul_low.c.obj)
                              lib/relic/lib/librelic_s.a(relic_bn_div_low.c.obj) (bn_mul1_low)
lib/relic/lib/librelic_s.a(relic_bn_shift_low.c.obj)
                              lib/relic/lib/librelic_s.a(relic_bn_div_low.c.obj) (bn_lshb_low)
lib/relic/lib/librelic_s.a(relic_fp_add_low.c.obj)
[...]
Memory Configuration

Name             Origin             Length             Attributes
FLASH            0x08000000         0x00100000         xr
SRAM             0x20000000         0x00020000         xrw
*default*        0x00000000         0xffffffff

Linker script and memory map

LOAD CMakeFiles/multi_pairing_m4.dir/uvision/main_m4.c.obj
LOAD CMakeFiles/multi_pairing_m4.dir/uvision/startup.c.obj
START GROUP
LOAD libpairing.a
LOAD lib/relic/lib/librelic_s.a
LOAD /opt/homebrew/Cellar/arm-none-eabi-gcc/16.1.0/lib/gcc/arm-none-eabi/16.1.0/thumb/v7e-m/nofp/libgcc.a
END GROUP
                0x20020000                        _stack_top = (ORIGIN (SRAM) + LENGTH (SRAM))

.isr_vector     0x08000000       0x40
 *(.isr_vector)
 .isr_vector    0x08000000       0x40 CMakeFiles/multi_pairing_m4.dir/uvision/startup.c.obj
                0x08000000                vector_table

.text           0x08000040     0xd285
 *(.text*)
 .text.SysTick_Handler
                0x08000040       0x10 CMakeFiles/multi_pairing_m4.dir/uvision/main_m4.c.obj
                0x08000040                SysTick_Handler
 .text.startup.main
                0x08000050      0x20c CMakeFiles/multi_pairing_m4.dir/uvision/main_m4.c.obj
                0x08000050                main
 .text.Default_Handler
                0x0800025c        0x4 CMakeFiles/multi_pairing_m4.dir/uvision/startup.c.obj
 .text._start   0x08000260       0x48 CMakeFiles/multi_pairing_m4.dir/uvision/startup.c.obj
                0x08000260                _start
 .text.put_uint
                0x080002a8       0x64 CMakeFiles/multi_pairing_m4.dir/uvision/startup.c.obj
 .text.memset   0x0800030c       0x10 CMakeFiles/multi_pairing_m4.dir/uvision/startup.c.obj
                0x0800030c                memset
 .text.memcpy   0x0800031c       0x14 CMakeFiles/multi_pairing_m4.dir/uvision/startup.c.obj
                0x0800031c                memcpy
 .text.strlen   0x08000330       0x18 CMakeFiles/multi_pairing_m4.dir/uvision/startup.c.obj
                0x08000330                strlen
 .text.strrchr  0x08000348       0x1c CMakeFiles/multi_pairing_m4.dir/uvision/startup.c.obj
                0x08000348                strrchr
 .text.printf   0x08000364      0x1c4 CMakeFiles/multi_pairing_m4.dir/uvision/startup.c.obj
                0x08000364                printf
 .text.vprintf  0x08000528      0x1ac CMakeFiles/multi_pairing_m4.dir/uvision/startup.c.obj
                0x08000528                vprintf
 .text.fflush   0x080006d4        0x4 CMakeFiles/multi_pairing_m4.dir/uvision/startup.c.obj
                0x080006d4                fflush
 .text.decode_g1
                0x080006d8       0x3c libpairing.a(point_decode.c.obj)
                0x080006d8                decode_g1
 .text.decode_g2
                0x08000714       0x54 libpairing.a(point_decode.c.obj)
                0x08000714                decode_g2
 .text.decode_fr
                0x08000768        0xc libpairing.a(point_decode.c.obj)
                0x08000768                decode_fr
 .text.decode_gt
                0x08000774       0x4c libpairing.a(point_decode.c.obj)
                0x08000774                decode_gt
 .text.pairing_init
                0x080007c0       0x20 libpairing.a(crypto_init.c.obj)
                0x080007c0                pairing_init
 .text.pairing_cleanup
                0x080007e0        0x4 libpairing.a(crypto_init.c.obj)
                0x080007e0                pairing_cleanup
 .text.core_init
                0x080007e4       0x34 lib/relic/lib/librelic_s.a(relic_core.c.obj)
                0x080007e4                core_init
 .text.core_clean
                0x08000818       0x28 lib/relic/lib/librelic_s.a(relic_core.c.obj)
                0x08000818                core_clean
 .text.core_get
                0x08000840        0xc lib/relic/lib/librelic_s.a(relic_core.c.obj)
                0x08000840                core_get
 .text.arch_init
                0x0800084c        0x4 lib/relic/lib/librelic_s.a(relic_arch_none.c.obj)
                0x0800084c                arch_init
 .text.arch_clean
                0x08000850        0x4 lib/relic/lib/librelic_s.a(relic_arch_none.c.obj)
                0x08000850                arch_clean
 .text.arch_lzcnt
                0x08000854        0x8 lib/relic/lib/librelic_s.a(relic_arch_none.c.obj)
                0x08000854                arch_lzcnt
 .text.rand_init
                0x0800085c       0x1c lib/relic/lib/librelic_s.a(relic_rand_core.c.obj)
                0x0800085c                rand_init
 .text.rand_clean
                0x08000878       0x18 lib/relic/lib/librelic_s.a(relic_rand_core.c.obj)
                0x08000878                rand_clean
 .text.rand_seed
                0x08000890       0x24 lib/relic/lib/librelic_s.a(relic_rand_call.c.obj)
                0x08000890                rand_seed
 .text.bn_make  0x080008b4       0x48 lib/relic/lib/librelic_s.a(relic_bn_mem.c.obj)
                0x080008b4                bn_make
 .text.bn_clean
                0x080008fc        0xc lib/relic/lib/librelic_s.a(relic_bn_mem.c.obj)
                0x080008fc                bn_clean
 .text.bn_grow  0x08000908       0x38 lib/relic/lib/librelic_s.a(relic_bn_mem.c.obj)
                0x08000908                bn_grow
 .text.bn_trim  0x08000940       0x30 lib/relic/lib/librelic_s.a(relic_bn_mem.c.obj)
                0x08000940                bn_trim
 .text.bn_copy  0x08000970       0x34 lib/relic/lib/librelic_s.a(relic_bn_util.c.obj)
                0x08000970                bn_copy
 .text.bn_abs   0x080009a4       0x34 lib/relic/lib/librelic_s.a(relic_bn_util.c.obj)
                0x080009a4                bn_abs
 .text.bn_neg   0x080009d8       0x50 lib/relic/lib/librelic_s.a(relic_bn_util.c.obj)
                0x080009d8                bn_neg
 .text.bn_sign  0x08000a28        0x4 lib/relic/lib/librelic_s.a(relic_bn_util.c.obj)
                0x08000a28                bn_sign
 .text.bn_zero  0x08000a2c       0x18 lib/relic/lib/librelic_s.a(relic_bn_util.c.obj)
                0x08000a2c                bn_zero
 .text.bn_is_zero
                0x08000a44       0x1c lib/relic/lib/librelic_s.a(relic_bn_util.c.obj)
                0x08000a44                bn_is_zero
 .text.bn_is_even
                0x08000a60       0x1c lib/relic/lib/librelic_s.a(relic_bn_util.c.obj)
                0x08000a60                bn_is_even
 .text.bn_bits  0x08000a7c       0x34 lib/relic/lib/librelic_s.a(relic_bn_util.c.obj)
                0x08000a7c                bn_bits
 .text.bn_get_bit
                0x08000ab0       0x64 lib/relic/lib/librelic_s.a(relic_bn_util.c.obj)
                0x08000ab0                bn_get_bit
 .text.bn_set_bit
                0x08000b14       0x50 lib/relic/lib/librelic_s.a(relic_bn_util.c.obj)
                0x08000b14                bn_set_bit
 .text.bn_get_dig
                0x08000b64        0x8 lib/relic/lib/librelic_s.a(relic_bn_util.c.obj)
                0x08000b64                bn_get_dig
 .text.bn_set_dig
                0x08000b6c       0x20 lib/relic/lib/librelic_s.a(relic_bn_util.c.obj)
                0x08000b6c                bn_set_dig
 .text.bn_set_2b
                0x08000b8c       0x7c lib/relic/lib/librelic_s.a(relic_bn_util.c.obj)
                0x08000b8c                bn_set_2b
 .text.bn_read_str
                0x08000c08       0xe0 lib/relic/lib/librelic_s.a(relic_bn_util.c.obj)
                0x08000c08                bn_read_str
 .text.bn_read_bin
                0x08000ce8       0xdc lib/relic/lib/librelic_s.a(relic_bn_util.c.obj)
                0x08000ce8                bn_read_bin
 .text.bn_write_bin
                0x08000dc4       0xe0 lib/relic/lib/librelic_s.a(relic_bn_util.c.obj)
                0x08000dc4                bn_write_bin
 .text.dv_zero  0x08000ea4       0x48 lib/relic/lib/librelic_s.a(relic_dv_util.c.obj)
                0x08000ea4                dv_zero
 .text.dv_copy  0x08000eec        0x8 lib/relic/lib/librelic_s.a(relic_dv_util.c.obj)
                0x08000eec                dv_copy
 .text.dv_copy_sec
                0x08000ef4       0x2c lib/relic/lib/librelic_s.a(relic_dv_util.c.obj)
                0x08000ef4                dv_copy_sec
 .text.dv_cmp   0x08000f20       0x48 lib/relic/lib/librelic_s.a(relic_dv_util.c.obj)
                0x08000f20                dv_cmp
 .text.dv_cmp_sec
                0x08000f68       0x34 lib/relic/lib/librelic_s.a(relic_dv_util.c.obj)
                0x08000f68                dv_cmp_sec
 .text.dv_rshd  0x08000f9c       0x40 lib/relic/lib/librelic_s.a(relic_dv_util.c.obj)
                0x08000f9c                dv_rshd
 .text.dv_lshd  0x08000fdc       0x44 lib/relic/lib/librelic_s.a(relic_dv_util.c.obj)
                0x08000fdc                dv_lshd
 .text.fp_prime_set
                0x08001020      0x334 lib/relic/lib/librelic_s.a(relic_fp_prime.c.obj)
 .text.fp_prime_init
                0x08001354       0x70 lib/relic/lib/librelic_s.a(relic_fp_prime.c.obj)
                0x08001354                fp_prime_init
 .text.fp_prime_clean
                0x080013c4       0x64 lib/relic/lib/librelic_s.a(relic_fp_prime.c.obj)
                0x080013c4                fp_prime_clean
 .text.fp_prime_get
                0x08001428        0xc lib/relic/lib/librelic_s.a(relic_fp_prime.c.obj)
                0x08001428                fp_prime_get
 .text.fp_prime_get_rdc
                0x08001434        0xc lib/relic/lib/librelic_s.a(relic_fp_prime.c.obj)
                0x08001434                fp_prime_get_rdc
 .text.fp_prime_get_par
                0x08001440       0x18 lib/relic/lib/librelic_s.a(relic_fp_prime.c.obj)
                0x08001440                fp_prime_get_par
 .text.fp_prime_get_par_sps
                0x08001458       0x28 lib/relic/lib/librelic_s.a(relic_fp_prime.c.obj)
                0x08001458                fp_prime_get_par_sps
 .text.fp_prime_get_srt
                0x08001480        0xc lib/relic/lib/librelic_s.a(relic_fp_prime.c.obj)
                0x08001480                fp_prime_get_srt
 .text.fp_prime_get_mod8
                0x0800148c        0xc lib/relic/lib/librelic_s.a(relic_fp_prime.c.obj)
                0x0800148c                fp_prime_get_mod8
 .text.fp_prime_get_mod18
                0x08001498        0xc lib/relic/lib/librelic_s.a(relic_fp_prime.c.obj)
                0x08001498                fp_prime_get_mod18
 .text.fp_prime_get_qnr
                0x080014a4        0xc lib/relic/lib/librelic_s.a(relic_fp_prime.c.obj)
                0x080014a4                fp_prime_get_qnr
 .text.fp_prime_get_2ad
                0x080014b0        0xc lib/relic/lib/librelic_s.a(relic_fp_prime.c.obj)
                0x080014b0                fp_prime_get_2ad
 .text.fp_prime_set_pairf
                0x080014bc      0x188 lib/relic/lib/librelic_s.a(relic_fp_prime.c.obj)
                0x080014bc                fp_prime_set_pairf
 .text.fp_prime_conv
                0x08001644       0x60 lib/relic/lib/librelic_s.a(relic_fp_prime.c.obj)
                0x08001644                fp_prime_conv
 .text.fp_prime_conv_dig
                0x080016a4       0x48 lib/relic/lib/librelic_s.a(relic_fp_prime.c.obj)
                0x080016a4                fp_prime_conv_dig
 .text.fp_prime_back
                0x080016ec       0x48 lib/relic/lib/librelic_s.a(relic_fp_prime.c.obj)
                0x080016ec                fp_prime_back
 .text.fp_rdc_monty_comba
                0x08001734        0x4 lib/relic/lib/librelic_s.a(relic_fp_rdc.c.obj)
                0x08001734                fp_rdc_monty_comba
 .text.fp_is_sqr
                0x08001738       0x20 lib/relic/lib/librelic_s.a(relic_fp_srt.c.obj)
                0x08001738                fp_is_sqr
 .text.fp_srt   0x08001758      0x1cc lib/relic/lib/librelic_s.a(relic_fp_srt.c.obj)
                0x08001758                fp_srt
 .text.fp_copy  0x08001924        0x8 lib/relic/lib/librelic_s.a(relic_fp_util.c.obj)
                0x08001924                fp_copy
 .text.fp_copy_sec
                0x0800192c        0x8 lib/relic/lib/librelic_s.a(relic_fp_util.c.obj)
                0x0800192c                fp_copy_sec
 .text.fp_zero  0x08001934        0x8 lib/relic/lib/librelic_s.a(relic_fp_util.c.obj)
                0x08001934                fp_zero
 .text.fp_is_zero
                0x0800193c       0x4c lib/relic/lib/librelic_s.a(relic_fp_util.c.obj)
                0x0800193c                fp_is_zero
 .text.fp_is_even
                0x08001988       0x20 lib/relic/lib/librelic_s.a(relic_fp_util.c.obj)
                0x08001988                fp_is_even
 .text.fp_bits  0x080019a8       0x28 lib/relic/lib/librelic_s.a(relic_fp_util.c.obj)
                0x080019a8                fp_bits
 .text.fp_set_dig
                0x080019d0        0x4 lib/relic/lib/librelic_s.a(relic_fp_util.c.obj)
                0x080019d0                fp_set_dig
 .text.fp_norm  0x080019d4       0x30 lib/relic/lib/librelic_s.a(relic_fp_util.c.obj)
                0x080019d4                fp_norm
 .text.fp_read_str
                0x08001a04       0x64 lib/relic/lib/librelic_s.a(relic_fp_util.c.obj)
                0x08001a04                fp_read_str
 .text.fp_read_bin
                0x08001a68       0xc4 lib/relic/lib/librelic_s.a(relic_fp_util.c.obj)
                0x08001a68                fp_read_bin
 .text.fp2_cmp  0x08001b2c       0x28 lib/relic/lib/librelic_s.a(relic_fpx_cmp.c.obj)
                0x08001b2c                fp2_cmp
 .text.fp2_cmp_dig
                0x08001b54       0x20 lib/relic/lib/librelic_s.a(relic_fpx_cmp.c.obj)
                0x08001b54                fp2_cmp_dig
 .text.fp6_cmp  0x08001b74       0x68 lib/relic/lib/librelic_s.a(relic_fpx_cmp.c.obj)
                0x08001b74                fp6_cmp
 .text.fp6_cmp_dig
                0x08001bdc       0x38 lib/relic/lib/librelic_s.a(relic_fpx_cmp.c.obj)
                0x08001bdc                fp6_cmp_dig
 .text.fp12_cmp
                0x08001c14       0x24 lib/relic/lib/librelic_s.a(relic_fpx_cmp.c.obj)
                0x08001c14                fp12_cmp
 .text.fp12_cmp_dig
                0x08001c38       0x20 lib/relic/lib/librelic_s.a(relic_fpx_cmp.c.obj)
                0x08001c38                fp12_cmp_dig
 .text.fp2_field_get_qnr
                0x08001c58       0x10 lib/relic/lib/librelic_s.a(relic_fpx_field.c.obj)
                0x08001c58                fp2_field_get_qnr
 .text.fp2_field_init
                0x08001c68      0x304 lib/relic/lib/librelic_s.a(relic_fpx_field.c.obj)
                0x08001c68                fp2_field_init
 .text.fp2_srt.part.0
                0x08001f6c      0x284 lib/relic/lib/librelic_s.a(relic_fpx_srt.c.obj)
 .text.fp2_srt  0x080021f0       0x2c lib/relic/lib/librelic_s.a(relic_fpx_srt.c.obj)
                0x080021f0                fp2_srt
 .text.fp2_copy
                0x0800221c       0x20 lib/relic/lib/librelic_s.a(relic_fpx_util.c.obj)
                0x0800221c                fp2_copy
 .text.fp2_copy_sec
                0x0800223c       0x24 lib/relic/lib/librelic_s.a(relic_fpx_util.c.obj)
                0x0800223c                fp2_copy_sec
 .text.fp2_zero
                0x08002260       0x18 lib/relic/lib/librelic_s.a(relic_fpx_util.c.obj)
                0x08002260                fp2_zero
 .text.fp2_is_zero
                0x08002278       0x1c lib/relic/lib/librelic_s.a(relic_fpx_util.c.obj)
                0x08002278                fp2_is_zero
 .text.fp2_set_dig
                0x08002294       0x18 lib/relic/lib/librelic_s.a(relic_fpx_util.c.obj)
                0x08002294                fp2_set_dig
 .text.fp6_copy
                0x080022ac       0x4c lib/relic/lib/librelic_s.a(relic_fpx_util.c.obj)
                0x080022ac                fp6_copy
 .text.fp6_zero
                0x080022f8       0x34 lib/relic/lib/librelic_s.a(relic_fpx_util.c.obj)
                0x080022f8                fp6_zero
 .text.fp6_is_zero
                0x0800232c       0x4c lib/relic/lib/librelic_s.a(relic_fpx_util.c.obj)
                0x0800232c                fp6_is_zero
 .text.fp12_copy
                0x08002378       0x20 lib/relic/lib/librelic_s.a(relic_fpx_util.c.obj)
                0x08002378                fp12_copy
 .text.fp12_zero
                0x08002398       0x3c lib/relic/lib/librelic_s.a(relic_fpx_util.c.obj)
                0x08002398                fp12_zero
 .text.fp12_set_dig
                0x080023d4       0x3c lib/relic/lib/librelic_s.a(relic_fpx_util.c.obj)
                0x080023d4                fp12_set_dig
 .text.ep_add_projc
                0x08002410      0x960 lib/relic/lib/librelic_s.a(relic_ep_add.c.obj)
                0x08002410                ep_add_projc
 .text.ep_sub   0x08002d70       0x28 lib/relic/lib/librelic_s.a(relic_ep_add.c.obj)
                0x08002d70                ep_sub
 .text.ep_curve_set_map
                0x08002d98      0x2a0 lib/relic/lib/librelic_s.a(relic_ep_curve.c.obj)
 .text.detect_opt
                0x08003038       0x68 lib/relic/lib/librelic_s.a(relic_ep_curve.c.obj)
 .text.ep_curve_set
                0x080030a0       0x7c lib/relic/lib/librelic_s.a(relic_ep_curve.c.obj)
 .text.ep_curve_init
                0x0800311c       0x4c lib/relic/lib/librelic_s.a(relic_ep_curve.c.obj)
                0x0800311c                ep_curve_init
 .text.ep_curve_clean
                0x08003168       0x3c lib/relic/lib/librelic_s.a(relic_ep_curve.c.obj)
                0x08003168                ep_curve_clean
 .text.ep_curve_get_a
                0x080031a4        0xc lib/relic/lib/librelic_s.a(relic_ep_curve.c.obj)
                0x080031a4                ep_curve_get_a
 .text.ep_curve_get_b
                0x080031b0        0xc lib/relic/lib/librelic_s.a(relic_ep_curve.c.obj)
                0x080031b0                ep_curve_get_b
 .text.ep_curve_get_beta
                0x080031bc        0xc lib/relic/lib/librelic_s.a(relic_ep_curve.c.obj)
                0x080031bc                ep_curve_get_beta
 .text.ep_curve_get_v1
                0x080031c8        0xc lib/relic/lib/librelic_s.a(relic_ep_curve.c.obj)
                0x080031c8                ep_curve_get_v1
 .text.ep_curve_get_v2
                0x080031d4       0x10 lib/relic/lib/librelic_s.a(relic_ep_curve.c.obj)
                0x080031d4                ep_curve_get_v2
 .text.ep_curve_opt_a
                0x080031e4       0x10 lib/relic/lib/librelic_s.a(relic_ep_curve.c.obj)
                0x080031e4                ep_curve_opt_a
 .text.ep_curve_opt_b
                0x080031f4       0x10 lib/relic/lib/librelic_s.a(relic_ep_curve.c.obj)
                0x080031f4                ep_curve_opt_b
 .text.ep_curve_mul_a
                0x08003204       0x54 lib/relic/lib/librelic_s.a(relic_ep_curve.c.obj)
                0x08003204                ep_curve_mul_a
 .text.ep_curve_mul_b
                0x08003258       0x40 lib/relic/lib/librelic_s.a(relic_ep_curve.c.obj)
                0x08003258                ep_curve_mul_b
 .text.ep_curve_is_endom
                0x08003298       0x10 lib/relic/lib/librelic_s.a(relic_ep_curve.c.obj)
                0x08003298                ep_curve_is_endom
 .text.ep_curve_is_pairf
                0x080032a8       0x10 lib/relic/lib/librelic_s.a(relic_ep_curve.c.obj)
                0x080032a8                ep_curve_is_pairf
 .text.ep_curve_get_ord
                0x080032b8       0x18 lib/relic/lib/librelic_s.a(relic_ep_curve.c.obj)
                0x080032b8                ep_curve_get_ord
 .text.ep_curve_set_endom
                0x080032d0      0x2e8 lib/relic/lib/librelic_s.a(relic_ep_curve.c.obj)
                0x080032d0                ep_curve_set_endom
 .text.ep_dbl_projc
                0x080035b8      0x3f0 lib/relic/lib/librelic_s.a(relic_ep_dbl.c.obj)
                0x080035b8                ep_dbl_projc
 .text.ep_mul_naf_imp
                0x080039a8       0xbc lib/relic/lib/librelic_s.a(relic_ep_mul.c.obj)
 .text.ep_mul_glv_imp
                0x08003a64      0x1a4 lib/relic/lib/librelic_s.a(relic_ep_mul.c.obj)
 .text.ep_mul_dig.part.0
                0x08003c08       0xa4 lib/relic/lib/librelic_s.a(relic_ep_mul.c.obj)
 .text.ep_mul_basic
                0x08003cac      0x108 lib/relic/lib/librelic_s.a(relic_ep_mul.c.obj)
                0x08003cac                ep_mul_basic
 .text.ep_mul_lwnaf
                0x08003db4       0x40 lib/relic/lib/librelic_s.a(relic_ep_mul.c.obj)
                0x08003db4                ep_mul_lwnaf
 .text.ep_neg   0x08003df4       0x44 lib/relic/lib/librelic_s.a(relic_ep_neg.c.obj)
                0x08003df4                ep_neg
 .text.ep_norm_imp
                0x08003e38       0x94 lib/relic/lib/librelic_s.a(relic_ep_norm.c.obj)
 .text.ep_norm  0x08003ecc       0x40 lib/relic/lib/librelic_s.a(relic_ep_norm.c.obj)
                0x08003ecc                ep_norm
 .text.ep_norm_sim
                0x08003f0c       0xf4 lib/relic/lib/librelic_s.a(relic_ep_norm.c.obj)
                0x08003f0c                ep_norm_sim
 .text.ep_param_get
                0x08004000        0xc lib/relic/lib/librelic_s.a(relic_ep_param.c.obj)
                0x08004000                ep_param_get
 .text.ep_param_set
                0x0800400c      0x304 lib/relic/lib/librelic_s.a(relic_ep_param.c.obj)
                0x0800400c                ep_param_set
 .text.ep_psi   0x08004310       0x60 lib/relic/lib/librelic_s.a(relic_ep_psi.c.obj)
                0x08004310                ep_psi
 .text.ep_tpl_projc
                0x08004370       0x34 lib/relic/lib/librelic_s.a(relic_ep_tpl.c.obj)
                0x08004370                ep_tpl_projc
 .text.ep_is_infty
                0x080043a4       0x14 lib/relic/lib/librelic_s.a(relic_ep_util.c.obj)
                0x080043a4                ep_is_infty
 .text.ep_set_infty
                0x080043b8       0x20 lib/relic/lib/librelic_s.a(relic_ep_util.c.obj)
                0x080043b8                ep_set_infty
 .text.ep_copy  0x080043d8       0x28 lib/relic/lib/librelic_s.a(relic_ep_util.c.obj)
                0x080043d8                ep_copy
 .text.ep_rhs   0x08004400       0x6c lib/relic/lib/librelic_s.a(relic_ep_util.c.obj)
                0x08004400                ep_rhs
 .text.ep_on_curve
                0x0800446c       0x44 lib/relic/lib/librelic_s.a(relic_ep_util.c.obj)
                0x0800446c                ep_on_curve
 .text.ep_tab   0x080044b0       0x70 lib/relic/lib/librelic_s.a(relic_ep_util.c.obj)
                0x080044b0                ep_tab
 .text.detect_opt
                0x08004520       0x78 lib/relic/lib/librelic_s.a(relic_ep2_curve.c.obj)
 .text.ep2_curve_init
                0x08004598       0x24 lib/relic/lib/librelic_s.a(relic_ep2_curve.c.obj)
                0x08004598                ep2_curve_init
 .text.ep2_curve_clean
                0x080045bc       0x2c lib/relic/lib/librelic_s.a(relic_ep2_curve.c.obj)
                0x080045bc                ep2_curve_clean
 .text.ep2_curve_opt_a
                0x080045e8       0x10 lib/relic/lib/librelic_s.a(relic_ep2_curve.c.obj)
                0x080045e8                ep2_curve_opt_a
 .text.ep2_curve_opt_b
                0x080045f8       0x10 lib/relic/lib/librelic_s.a(relic_ep2_curve.c.obj)
                0x080045f8                ep2_curve_opt_b
 .text.ep2_curve_mul_a
                0x08004608       0x9c lib/relic/lib/librelic_s.a(relic_ep2_curve.c.obj)
                0x08004608                ep2_curve_mul_a
 .text.ep2_curve_mul_b
                0x080046a4       0x8c lib/relic/lib/librelic_s.a(relic_ep2_curve.c.obj)
                0x080046a4                ep2_curve_mul_b
 .text.ep2_curve_is_twist
                0x08004730       0x10 lib/relic/lib/librelic_s.a(relic_ep2_curve.c.obj)
                0x08004730                ep2_curve_is_twist
 .text.ep2_curve_get_a
                0x08004740       0x10 lib/relic/lib/librelic_s.a(relic_ep2_curve.c.obj)
                0x08004740                ep2_curve_get_a
 .text.ep2_curve_get_b
                0x08004750       0x10 lib/relic/lib/librelic_s.a(relic_ep2_curve.c.obj)
                0x08004750                ep2_curve_get_b
 .text.ep2_curve_set_twist
                0x08004760      0x62c lib/relic/lib/librelic_s.a(relic_ep2_curve.c.obj)
                0x08004760                ep2_curve_set_twist
 .text.ep2_norm_imp
                0x08004d8c       0x9c lib/relic/lib/librelic_s.a(relic_ep2_norm.c.obj)
 .text.ep2_norm
                0x08004e28       0x40 lib/relic/lib/librelic_s.a(relic_ep2_norm.c.obj)
                0x08004e28                ep2_norm
 .text.ep2_is_infty
                0x08004e68       0x14 lib/relic/lib/librelic_s.a(relic_ep2_util.c.obj)
                0x08004e68                ep2_is_infty
 .text.ep2_set_infty
                0x08004e7c       0x20 lib/relic/lib/librelic_s.a(relic_ep2_util.c.obj)
                0x08004e7c                ep2_set_infty
 .text.ep2_copy
                0x08004e9c       0x2c lib/relic/lib/librelic_s.a(relic_ep2_util.c.obj)
                0x08004e9c                ep2_copy
 .text.ep2_rhs  0x08004ec8       0x6c lib/relic/lib/librelic_s.a(relic_ep2_util.c.obj)
                0x08004ec8                ep2_rhs
 .text.ep2_on_curve
                0x08004f34       0x44 lib/relic/lib/librelic_s.a(relic_ep2_util.c.obj)
                0x08004f34                ep2_on_curve
 .text.pp_map_init
                0x08004f78        0x4 lib/relic/lib/librelic_s.a(relic_pp_map.c.obj)
                0x08004f78                pp_map_init
 .text.pp_map_clean
                0x08004f7c        0x4 lib/relic/lib/librelic_s.a(relic_pp_map.c.obj)
                0x08004f7c                pp_map_clean
 .text.pp_mil_k12
                0x08004f80      0x25c lib/relic/lib/librelic_s.a(relic_pp_map_k12.c.obj)
 .text.pp_fin_k12_oatep
                0x080051dc       0x74 lib/relic/lib/librelic_s.a(relic_pp_map_k12.c.obj)
 .text.pp_map_sim_oatep_k12
                0x08005250      0x1b4 lib/relic/lib/librelic_s.a(relic_pp_map_k12.c.obj)
                0x08005250                pp_map_sim_oatep_k12
 .text.bn_divn_low
                0x08005404      0x254 lib/relic/lib/librelic_s.a(relic_bn_div_low.c.obj)
                0x08005404                bn_divn_low
 .text.bn_div1_low
                0x08005658       0x48 lib/relic/lib/librelic_s.a(relic_bn_div_low.c.obj)
                0x08005658                bn_div1_low
 .text.bn_mul1_low
                0x080056a0       0x38 lib/relic/lib/librelic_s.a(relic_bn_mul_low.c.obj)
                0x080056a0                bn_mul1_low
 .text.bn_muls_low
                0x080056d8       0x70 lib/relic/lib/librelic_s.a(relic_bn_mul_low.c.obj)
                0x080056d8                bn_muls_low
 .text.bn_muln_low
                0x08005748       0xf0 lib/relic/lib/librelic_s.a(relic_bn_mul_low.c.obj)
                0x08005748                bn_muln_low
 .text.bn_muld_low
                0x08005838      0x25c lib/relic/lib/librelic_s.a(relic_bn_mul_low.c.obj)
                0x08005838                bn_muld_low
 .text.bn_lsh1_low
                0x08005a94       0x2c lib/relic/lib/librelic_s.a(relic_bn_shift_low.c.obj)
                0x08005a94                bn_lsh1_low
 .text.bn_lshb_low
                0x08005ac0       0x50 lib/relic/lib/librelic_s.a(relic_bn_shift_low.c.obj)
                0x08005ac0                bn_lshb_low
 .text.bn_rsh1_low
                0x08005b10       0x34 lib/relic/lib/librelic_s.a(relic_bn_shift_low.c.obj)
                0x08005b10                bn_rsh1_low
 .text.bn_rshb_low
                0x08005b44       0x64 lib/relic/lib/librelic_s.a(relic_bn_shift_low.c.obj)
                0x08005b44                bn_rshb_low
 .text.bn_rshs_low
                0x08005ba8       0x68 lib/relic/lib/librelic_s.a(relic_bn_shift_low.c.obj)
                0x08005ba8                bn_rshs_low
 .text.fp_addn_low
                0x08005c10       0x34 lib/relic/lib/librelic_s.a(relic_fp_add_low.c.obj)
                0x08005c10                fp_addn_low
 .text.fp_addm_low
                0x08005c44       0x88 lib/relic/lib/librelic_s.a(relic_fp_add_low.c.obj)
                0x08005c44                fp_addm_low
 .text.fp_addd_low
                0x08005ccc       0x38 lib/relic/lib/librelic_s.a(relic_fp_add_low.c.obj)
                0x08005ccc                fp_addd_low
 .text.fp_addc_low
                0x08005d04       0x8c lib/relic/lib/librelic_s.a(relic_fp_add_low.c.obj)
                0x08005d04                fp_addc_low
 .text.fp_subn_low
                0x08005d90       0x44 lib/relic/lib/librelic_s.a(relic_fp_add_low.c.obj)
                0x08005d90                fp_subn_low
 .text.fp_subm_low
                0x08005dd4       0x74 lib/relic/lib/librelic_s.a(relic_fp_add_low.c.obj)
                0x08005dd4                fp_subm_low
 .text.fp_subc_low
                0x08005e48       0x78 lib/relic/lib/librelic_s.a(relic_fp_add_low.c.obj)
                0x08005e48                fp_subc_low
 .text.fp_subd_low
                0x08005ec0       0x44 lib/relic/lib/librelic_s.a(relic_fp_add_low.c.obj)
                0x08005ec0                fp_subd_low
 .text.fp_negm_low
                0x08005f04       0x64 lib/relic/lib/librelic_s.a(relic_fp_add_low.c.obj)
                0x08005f04                fp_negm_low
 .text.fp_dblm_low
                0x08005f68       0x80 lib/relic/lib/librelic_s.a(relic_fp_add_low.c.obj)
                0x08005f68                fp_dblm_low
 .text.fp_hlvm_low
                0x08005fe8       0x70 lib/relic/lib/librelic_s.a(relic_fp_add_low.c.obj)
                0x08005fe8                fp_hlvm_low
 .text.fp_hlvd_low
                0x08006058       0xa8 lib/relic/lib/librelic_s.a(relic_fp_add_low.c.obj)
                0x08006058                fp_hlvd_low
 .text.fp_mul1_low
                0x08006100       0x2c lib/relic/lib/librelic_s.a(relic_fp_mul_low.c.obj)
                0x08006100                fp_mul1_low
 .text.fp_muln_low
                0x0800612c       0xe4 lib/relic/lib/librelic_s.a(relic_fp_mul_low.c.obj)
                0x0800612c                fp_muln_low
 .text.fp_mulm_low
                0x08006210       0x18 lib/relic/lib/librelic_s.a(relic_fp_mul_low.c.obj)
                0x08006210                fp_mulm_low
 .text.fp_rdcn_low
                0x08006228      0x178 lib/relic/lib/librelic_s.a(relic_fp_rdc_low.c.obj)
                0x08006228                fp_rdcn_low
 .text.fp_rsh1_low
                0x080063a0       0x24 lib/relic/lib/librelic_s.a(relic_fp_shift_low.c.obj)
                0x080063a0                fp_rsh1_low
 .text.util_conv_char
                0x080063c4        0xc lib/relic/lib/librelic_s.a(relic_util.c.obj)
                0x080063c4                util_conv_char
 .text.util_bits_dig
                0x080063d0        0xc lib/relic/lib/librelic_s.a(relic_util.c.obj)
                0x080063d0                util_bits_dig
 .text.util_printf
                0x080063dc       0x28 lib/relic/lib/librelic_s.a(relic_util.c.obj)
                0x080063dc                util_printf
 .text.bn_add_imp
                0x08006404       0x88 lib/relic/lib/librelic_s.a(relic_bn_add.c.obj)
 .text.bn_sub_imp
                0x0800648c       0x6c lib/relic/lib/librelic_s.a(relic_bn_add.c.obj)
 .text.bn_add   0x080064f8       0x68 lib/relic/lib/librelic_s.a(relic_bn_add.c.obj)
                0x080064f8                bn_add
 .text.bn_add_dig
                0x08006560       0x80 lib/relic/lib/librelic_s.a(relic_bn_add.c.obj)
                0x08006560                bn_add_dig
 .text.bn_sub   0x080065e0       0x70 lib/relic/lib/librelic_s.a(relic_bn_add.c.obj)
                0x080065e0                bn_sub
 .text.bn_sub_dig
                0x08006650       0x80 lib/relic/lib/librelic_s.a(relic_bn_add.c.obj)
                0x08006650                bn_sub_dig
 .text.bn_cmp_abs
                0x080066d0       0x40 lib/relic/lib/librelic_s.a(relic_bn_cmp.c.obj)
                0x080066d0                bn_cmp_abs
 .text.bn_cmp_dig
                0x08006710       0x24 lib/relic/lib/librelic_s.a(relic_bn_cmp.c.obj)
                0x08006710                bn_cmp_dig
 .text.bn_cmp   0x08006734       0x4c lib/relic/lib/librelic_s.a(relic_bn_cmp.c.obj)
                0x08006734                bn_cmp
 .text.bn_div_imp
                0x08006780      0x178 lib/relic/lib/librelic_s.a(relic_bn_div.c.obj)
 .text.bn_div   0x080068f8       0x54 lib/relic/lib/librelic_s.a(relic_bn_div.c.obj)
                0x080068f8                bn_div
 .text.bn_div_rem
                0x0800694c       0x58 lib/relic/lib/librelic_s.a(relic_bn_div.c.obj)
                0x0800694c                bn_div_rem
 .text.bn_div_dig
                0x080069a4       0x8c lib/relic/lib/librelic_s.a(relic_bn_div.c.obj)
                0x080069a4                bn_div_dig
 .text.bn_div_rem_dig
                0x08006a30       0xac lib/relic/lib/librelic_s.a(relic_bn_div.c.obj)
                0x08006a30                bn_div_rem_dig
 .text.bn_gcd_ext_mid
                0x08006adc      0x24c lib/relic/lib/librelic_s.a(relic_bn_gcd.c.obj)
                0x08006adc                bn_gcd_ext_mid
 .text.bn_mod_dig
                0x08006d28        0xc lib/relic/lib/librelic_s.a(relic_bn_mod.c.obj)
                0x08006d28                bn_mod_dig
 .text.bn_mod_basic
                0x08006d34        0xc lib/relic/lib/librelic_s.a(relic_bn_mod.c.obj)
                0x08006d34                bn_mod_basic
 .text.bn_mod_pre_monty
                0x08006d40       0x84 lib/relic/lib/librelic_s.a(relic_bn_mod.c.obj)
                0x08006d40                bn_mod_pre_monty
 .text.bn_mul_dig
                0x08006dc4       0x44 lib/relic/lib/librelic_s.a(relic_bn_mul.c.obj)
                0x08006dc4                bn_mul_dig
 .text.bn_mul_comba
                0x08006e08       0x78 lib/relic/lib/librelic_s.a(relic_bn_mul.c.obj)
                0x08006e08                bn_mul_comba
 .text.get_bits
                0x08006e80       0xa8 lib/relic/lib/librelic_s.a(relic_bn_rec.c.obj)
 .text.bn_rec_slw
                0x08006f28       0xc0 lib/relic/lib/librelic_s.a(relic_bn_rec.c.obj)
                0x08006f28                bn_rec_slw
 .text.bn_rec_naf
                0x08006fe8      0x150 lib/relic/lib/librelic_s.a(relic_bn_rec.c.obj)
                0x08006fe8                bn_rec_naf
 .text.bn_rec_glv
                0x08007138      0x298 lib/relic/lib/librelic_s.a(relic_bn_rec.c.obj)
                0x08007138                bn_rec_glv
 .text.bn_dbl   0x080073d0       0x34 lib/relic/lib/librelic_s.a(relic_bn_shift.c.obj)
                0x080073d0                bn_dbl
 .text.bn_hlv   0x08007404       0x20 lib/relic/lib/librelic_s.a(relic_bn_shift.c.obj)
                0x08007404                bn_hlv
 .text.bn_lsh   0x08007424       0x8c lib/relic/lib/librelic_s.a(relic_bn_shift.c.obj)
                0x08007424                bn_lsh
 .text.bn_rsh   0x080074b0       0x7c lib/relic/lib/librelic_s.a(relic_bn_shift.c.obj)
                0x080074b0                bn_rsh
 .text.bn_sqr_comba
                0x0800752c       0x38 lib/relic/lib/librelic_s.a(relic_bn_sqr.c.obj)
                0x0800752c                bn_sqr_comba
 .text.bn_srt   0x08007564      0x108 lib/relic/lib/librelic_s.a(relic_bn_srt.c.obj)
                0x08007564                bn_srt
 .text.fp_add_integ
                0x0800766c        0x4 lib/relic/lib/librelic_s.a(relic_fp_add.c.obj)
                0x0800766c                fp_add_integ
 .text.fp_add_dig
                0x08007670       0x38 lib/relic/lib/librelic_s.a(relic_fp_add.c.obj)
                0x08007670                fp_add_dig
 .text.fp_sub_integ
                0x080076a8        0x4 lib/relic/lib/librelic_s.a(relic_fp_add.c.obj)
                0x080076a8                fp_sub_integ
 .text.fp_sub_dig
                0x080076ac       0x38 lib/relic/lib/librelic_s.a(relic_fp_add.c.obj)
                0x080076ac                fp_sub_dig
 .text.fp_neg_integ
                0x080076e4        0x4 lib/relic/lib/librelic_s.a(relic_fp_add.c.obj)
                0x080076e4                fp_neg_integ
 .text.fp_dbl_integ
                0x080076e8        0x4 lib/relic/lib/librelic_s.a(relic_fp_add.c.obj)
                0x080076e8                fp_dbl_integ
 .text.fp_cmp_dig
                0x080076ec       0x38 lib/relic/lib/librelic_s.a(relic_fp_cmp.c.obj)
                0x080076ec                fp_cmp_dig
 .text.fp_cmp   0x08007724       0x34 lib/relic/lib/librelic_s.a(relic_fp_cmp.c.obj)
                0x08007724                fp_cmp
 .text.fp_is_cub.part.0
                0x08007758       0x54 lib/relic/lib/librelic_s.a(relic_fp_crt.c.obj)
 .text.fp_is_cub
                0x080077ac       0x30 lib/relic/lib/librelic_s.a(relic_fp_crt.c.obj)
                0x080077ac                fp_is_cub
 .text.fp_hlv_integ
                0x080077dc        0x4 lib/relic/lib/librelic_s.a(relic_fp_div.c.obj)
                0x080077dc                fp_hlv_integ
 .text.fp_exp_slide
                0x080077e0       0xe4 lib/relic/lib/librelic_s.a(relic_fp_exp.c.obj)
                0x080077e0                fp_exp_slide
 .text.fp_inv_jmpds.part.0
                0x080078c4      0x670 lib/relic/lib/librelic_s.a(relic_fp_inv.c.obj)
 .text.fp_inv_jmpds
                0x08007f34       0x50 lib/relic/lib/librelic_s.a(relic_fp_inv.c.obj)
                0x08007f34                fp_inv_jmpds
 .text.fp_inv_sim
                0x08007f84       0xcc lib/relic/lib/librelic_s.a(relic_fp_inv.c.obj)
                0x08007f84                fp_inv_sim
 .text.fp_mul_dig
                0x08008050       0x20 lib/relic/lib/librelic_s.a(relic_fp_mul.c.obj)
                0x08008050                fp_mul_dig
 .text.fp_mul_integ
                0x08008070        0x4 lib/relic/lib/librelic_s.a(relic_fp_mul.c.obj)
                0x08008070                fp_mul_integ
 .text.fp_param_set
                0x08008074       0x8c lib/relic/lib/librelic_s.a(relic_fp_param.c.obj)
                0x08008074                fp_param_set
 .text.jumpdivstep
                0x08008100      0x108 lib/relic/lib/librelic_s.a(relic_fp_smb.c.obj)
 .text.fp_smb_jmpds
                0x08008208      0x22c lib/relic/lib/librelic_s.a(relic_fp_smb.c.obj)
                0x08008208                fp_smb_jmpds
 .text.fp_sqr_integ
                0x08008434        0x4 lib/relic/lib/librelic_s.a(relic_fp_sqr.c.obj)
                0x08008434                fp_sqr_integ
 .text.fp12_mul_unr
                0x08008438       0xbc lib/relic/lib/librelic_s.a(relic_fp12_mul.c.obj)
                0x08008438                fp12_mul_unr
 .text.fp12_mul_lazyr
                0x080084f4       0x38 lib/relic/lib/librelic_s.a(relic_fp12_mul.c.obj)
                0x080084f4                fp12_mul_lazyr
 .text.fp12_mul_dxs_lazyr
                0x0800852c      0x360 lib/relic/lib/librelic_s.a(relic_fp12_mul.c.obj)
                0x0800852c                fp12_mul_dxs_lazyr
 .text.fp12_sqr_unr
                0x0800888c      0x1fc lib/relic/lib/librelic_s.a(relic_fp12_sqr.c.obj)
                0x0800888c                fp12_sqr_unr
 .text.fp12_sqr_lazyr
                0x08008a88       0x38 lib/relic/lib/librelic_s.a(relic_fp12_sqr.c.obj)
                0x08008a88                fp12_sqr_lazyr
 .text.fp12_sqr_cyc_lazyr
                0x08008ac0      0x228 lib/relic/lib/librelic_s.a(relic_fp12_sqr.c.obj)
                0x08008ac0                fp12_sqr_cyc_lazyr
 .text.fp12_sqr_pck_lazyr
                0x08008ce8      0x170 lib/relic/lib/librelic_s.a(relic_fp12_sqr.c.obj)
                0x08008ce8                fp12_sqr_pck_lazyr
 .text.fp2_mul_integ
                0x08008e58        0x4 lib/relic/lib/librelic_s.a(relic_fp2_mul.c.obj)
                0x08008e58                fp2_mul_integ
 .text.fp2_mul_nor_integ
                0x08008e5c        0x4 lib/relic/lib/librelic_s.a(relic_fp2_mul.c.obj)
                0x08008e5c                fp2_mul_nor_integ
 .text.fp2_mul_art
                0x08008e60       0x58 lib/relic/lib/librelic_s.a(relic_fp2_mul.c.obj)
                0x08008e60                fp2_mul_art
 .text.fp2_mul_frb
                0x08008eb8       0x4c lib/relic/lib/librelic_s.a(relic_fp2_mul.c.obj)
                0x08008eb8                fp2_mul_frb
 .text.fp2_mul_dig
                0x08008f04       0x24 lib/relic/lib/librelic_s.a(relic_fp2_mul.c.obj)
                0x08008f04                fp2_mul_dig
 .text.fp2_sqr_integ
                0x08008f28        0x4 lib/relic/lib/librelic_s.a(relic_fp2_sqr.c.obj)
                0x08008f28                fp2_sqr_integ
 .text.fp4_mul_unr
                0x08008f2c       0x78 lib/relic/lib/librelic_s.a(relic_fp4_mul.c.obj)
                0x08008f2c                fp4_mul_unr
 .text.fp4_sqr_unr
                0x08008fa4       0x60 lib/relic/lib/librelic_s.a(relic_fp4_sqr.c.obj)
                0x08008fa4                fp4_sqr_unr
 .text.fp6_mul_unr
                0x08009004      0x134 lib/relic/lib/librelic_s.a(relic_fp6_mul.c.obj)
                0x08009004                fp6_mul_unr
 .text.fp6_mul_lazyr
                0x08009138       0x34 lib/relic/lib/librelic_s.a(relic_fp6_mul.c.obj)
                0x08009138                fp6_mul_lazyr
 .text.fp6_mul_art
                0x0800916c       0x34 lib/relic/lib/librelic_s.a(relic_fp6_mul.c.obj)
                0x0800916c                fp6_mul_art
 .text.fp2_add_integ
                0x080091a0        0x4 lib/relic/lib/librelic_s.a(relic_fpx_add.c.obj)
                0x080091a0                fp2_add_integ
 .text.fp2_sub_integ
                0x080091a4        0x4 lib/relic/lib/librelic_s.a(relic_fpx_add.c.obj)
                0x080091a4                fp2_sub_integ
 .text.fp2_dbl_integ
                0x080091a8        0x4 lib/relic/lib/librelic_s.a(relic_fpx_add.c.obj)
                0x080091a8                fp2_dbl_integ
 .text.fp2_neg  0x080091ac       0x20 lib/relic/lib/librelic_s.a(relic_fpx_add.c.obj)
                0x080091ac                fp2_neg
 .text.fp6_add  0x080091cc       0x30 lib/relic/lib/librelic_s.a(relic_fpx_add.c.obj)
                0x080091cc                fp6_add
 .text.fp6_sub  0x080091fc       0x30 lib/relic/lib/librelic_s.a(relic_fpx_add.c.obj)
                0x080091fc                fp6_sub
 .text.fp6_neg  0x0800922c       0x4c lib/relic/lib/librelic_s.a(relic_fpx_add.c.obj)
                0x0800922c                fp6_neg
 .text.fp12_conv_cyc
                0x08009278       0x38 lib/relic/lib/librelic_s.a(relic_fpx_cyc.c.obj)
                0x08009278                fp12_conv_cyc
 .text.fp12_back_cyc_sim
                0x080092b0      0x1f8 lib/relic/lib/librelic_s.a(relic_fpx_cyc.c.obj)
                0x080092b0                fp12_back_cyc_sim
 .text.fp12_exp_cyc_sps
                0x080094a8      0x198 lib/relic/lib/librelic_s.a(relic_fpx_cyc.c.obj)
                0x080094a8                fp12_exp_cyc_sps
 .text.fp2_exp  0x08009640       0x78 lib/relic/lib/librelic_s.a(relic_fpx_exp.c.obj)
                0x08009640                fp2_exp
 .text.fp2_frb  0x080096b8       0x38 lib/relic/lib/librelic_s.a(relic_fpx_frb.c.obj)
                0x080096b8                fp2_frb
 .text.fp6_frb  0x080096f0       0xa8 lib/relic/lib/librelic_s.a(relic_fpx_frb.c.obj)
                0x080096f0                fp6_frb
 .text.fp12_frb
                0x08009798       0xc8 lib/relic/lib/librelic_s.a(relic_fpx_frb.c.obj)
                0x08009798                fp12_frb
 .text.fp2_inv  0x08009860       0xb0 lib/relic/lib/librelic_s.a(relic_fpx_inv.c.obj)
                0x08009860                fp2_inv
 .text.fp2_inv_sim
                0x08009910       0xcc lib/relic/lib/librelic_s.a(relic_fpx_inv.c.obj)
                0x08009910                fp2_inv_sim
 .text.fp6_inv  0x080099dc       0xec lib/relic/lib/librelic_s.a(relic_fpx_inv.c.obj)
                0x080099dc                fp6_inv
 .text.fp12_inv
                0x08009ac8       0x58 lib/relic/lib/librelic_s.a(relic_fpx_inv.c.obj)
                0x08009ac8                fp12_inv
 .text.fp12_inv_cyc
                0x08009b20       0x20 lib/relic/lib/librelic_s.a(relic_fpx_inv.c.obj)
                0x08009b20                fp12_inv_cyc
 .text.ep_cmp   0x08009b40      0x118 lib/relic/lib/librelic_s.a(relic_ep_cmp.c.obj)
                0x08009b40                ep_cmp
 .text.ep2_add_projc_imp
                0x08009c58      0x92c lib/relic/lib/librelic_s.a(relic_ep2_add.c.obj)
 .text.ep2_add_projc
                0x0800a584       0x40 lib/relic/lib/librelic_s.a(relic_ep2_add.c.obj)
                0x0800a584                ep2_add_projc
 .text.ep2_sub  0x0800a5c4       0x28 lib/relic/lib/librelic_s.a(relic_ep2_add.c.obj)
                0x0800a5c4                ep2_sub
 .text.ep2_dbl_projc_imp
                0x0800a5ec      0x3b0 lib/relic/lib/librelic_s.a(relic_ep2_dbl.c.obj)
 .text.ep2_dbl_projc
                0x0800a99c       0x2c lib/relic/lib/librelic_s.a(relic_ep2_dbl.c.obj)
                0x0800a99c                ep2_dbl_projc
 .text.ep2_frb  0x0800a9c8       0xac lib/relic/lib/librelic_s.a(relic_ep2_frb.c.obj)
                0x0800a9c8                ep2_frb
 .text.ep2_mul_dig.part.0
                0x0800aa74       0x88 lib/relic/lib/librelic_s.a(relic_ep2_mul.c.obj)
 .text.ep2_mul_basic
                0x0800aafc       0xe8 lib/relic/lib/librelic_s.a(relic_ep2_mul.c.obj)
                0x0800aafc                ep2_mul_basic
 .text.ep2_neg  0x0800abe4       0x48 lib/relic/lib/librelic_s.a(relic_ep2_neg.c.obj)
                0x0800abe4                ep2_neg
 .text.pp_add_k12_projc_lazyr
                0x0800ac2c      0x170 lib/relic/lib/librelic_s.a(relic_pp_add_k12.c.obj)
                0x0800ac2c                pp_add_k12_projc_lazyr
 .text.pp_dbl_k12_projc_lazyr
                0x0800ad9c      0x2a0 lib/relic/lib/librelic_s.a(relic_pp_dbl_k12.c.obj)
                0x0800ad9c                pp_dbl_k12_projc_lazyr
 .text.pp_exp_sm9
                0x0800b03c      0x1d4 lib/relic/lib/librelic_s.a(relic_pp_exp_k12.c.obj)
 .text.pp_exp_bn
                0x0800b210      0x148 lib/relic/lib/librelic_s.a(relic_pp_exp_k12.c.obj)
 .text.pp_exp_b12
                0x0800b358      0x1b0 lib/relic/lib/librelic_s.a(relic_pp_exp_k12.c.obj)
 .text.pp_exp_k12
                0x0800b508       0x3c lib/relic/lib/librelic_s.a(relic_pp_exp_k12.c.obj)
                0x0800b508                pp_exp_k12
 .text.bn_add1_low
                0x0800b544       0x50 lib/relic/lib/librelic_s.a(relic_bn_add_low.c.obj)
                0x0800b544                bn_add1_low
 .text.bn_addn_low
                0x0800b594       0x44 lib/relic/lib/librelic_s.a(relic_bn_add_low.c.obj)
                0x0800b594                bn_addn_low
 .text.bn_sub1_low
                0x0800b5d8       0x50 lib/relic/lib/librelic_s.a(relic_bn_add_low.c.obj)
                0x0800b5d8                bn_sub1_low
 .text.bn_subn_low
                0x0800b628       0x50 lib/relic/lib/librelic_s.a(relic_bn_add_low.c.obj)
                0x0800b628                bn_subn_low
 .text.bn_negs_low
                0x0800b678       0x34 lib/relic/lib/librelic_s.a(relic_bn_add_low.c.obj)
                0x0800b678                bn_negs_low
 .text.bn_sqrn_low
                0x0800b6ac      0x1fc lib/relic/lib/librelic_s.a(relic_bn_sqr_low.c.obj)
                0x0800b6ac                bn_sqrn_low
 .text.fp_sqrn_low
                0x0800b8a8      0x1bc lib/relic/lib/librelic_s.a(relic_fp_sqr_low.c.obj)
                0x0800b8a8                fp_sqrn_low
 .text.fp_sqrm_low
                0x0800ba64       0x18 lib/relic/lib/librelic_s.a(relic_fp_sqr_low.c.obj)
                0x0800ba64                fp_sqrm_low
 .text.fp2_addn_low
                0x0800ba7c       0x24 lib/relic/lib/librelic_s.a(relic_fpx_add_low.c.obj)
                0x0800ba7c                fp2_addn_low
 .text.fp2_addm_low
                0x0800baa0       0x24 lib/relic/lib/librelic_s.a(relic_fpx_add_low.c.obj)
                0x0800baa0                fp2_addm_low
 .text.fp2_addd_low
                0x0800bac4       0x28 lib/relic/lib/librelic_s.a(relic_fpx_add_low.c.obj)
                0x0800bac4                fp2_addd_low
 .text.fp2_addc_low
                0x0800baec       0x2c lib/relic/lib/librelic_s.a(relic_fpx_add_low.c.obj)
                0x0800baec                fp2_addc_low
 .text.fp2_subm_low
                0x0800bb18       0x24 lib/relic/lib/librelic_s.a(relic_fpx_add_low.c.obj)
                0x0800bb18                fp2_subm_low
 .text.fp2_subc_low
                0x0800bb3c       0x2c lib/relic/lib/librelic_s.a(relic_fpx_add_low.c.obj)
                0x0800bb3c                fp2_subc_low
 .text.fp2_dblm_low
                0x0800bb68       0x20 lib/relic/lib/librelic_s.a(relic_fpx_add_low.c.obj)
                0x0800bb68                fp2_dblm_low
 .text.fp2_norm_low
                0x0800bb88       0x8c lib/relic/lib/librelic_s.a(relic_fpx_add_low.c.obj)
                0x0800bb88                fp2_norm_low
 .text.fp2_nord_low
                0x0800bc14      0x108 lib/relic/lib/librelic_s.a(relic_fpx_add_low.c.obj)
                0x0800bc14                fp2_nord_low
 .text.fp2_muln_low
                0x0800bd1c       0x88 lib/relic/lib/librelic_s.a(relic_fpx_mul_low.c.obj)
                0x0800bd1c                fp2_muln_low
 .text.fp2_mulm_low
                0x0800bda4       0x1c lib/relic/lib/librelic_s.a(relic_fpx_mul_low.c.obj)
                0x0800bda4                fp2_mulm_low
 .text.fp2_rdcn_low
                0x0800bdc0       0x20 lib/relic/lib/librelic_s.a(relic_fpx_rdc_low.c.obj)
                0x0800bdc0                fp2_rdcn_low
 .text.fp2_sqrn_low
                0x0800bde0       0xdc lib/relic/lib/librelic_s.a(relic_fpx_sqr_low.c.obj)
                0x0800bde0                fp2_sqrn_low
 .text.fp2_sqrm_low
                0x0800bebc       0x1c lib/relic/lib/librelic_s.a(relic_fpx_sqr_low.c.obj)
                0x0800bebc                fp2_sqrm_low
 .text.fp6_sqr_unr
                0x0800bed8       0xfc lib/relic/lib/librelic_s.a(relic_fp6_sqr.c.obj)
                0x0800bed8                fp6_sqr_unr
 .text.fp6_sqr_lazyr
                0x0800bfd4       0x34 lib/relic/lib/librelic_s.a(relic_fp6_sqr.c.obj)
                0x0800bfd4                fp6_sqr_lazyr
 .text          0x0800c008       0x30 /opt/homebrew/Cellar/arm-none-eabi-gcc/16.1.0/lib/gcc/arm-none-eabi/16.1.0/thumb/v7e-m/nofp/libgcc.a(_aeabi_uldivmod.o)
                0x0800c008                __aeabi_uldivmod
 .text          0x0800c038      0x328 /opt/homebrew/Cellar/arm-none-eabi-gcc/16.1.0/lib/gcc/arm-none-eabi/16.1.0/thumb/v7e-m/nofp/libgcc.a(_udivmoddi4.o)
                0x0800c038                __udivmoddi4
 .text          0x0800c360        0x4 /opt/homebrew/Cellar/arm-none-eabi-gcc/16.1.0/lib/gcc/arm-none-eabi/16.1.0/thumb/v7e-m/nofp/libgcc.a(_dvmd_tls.o)
                0x0800c360                __aeabi_ldiv0
                0x0800c360                __aeabi_idiv0
 *(.rodata*)
 .rodata.main.str1.4
                0x0800c364      0xafd CMakeFiles/multi_pairing_m4.dir/uvision/main_m4.c.obj
                                 0xfa (size before relaxing)
 *fill*         0x0800ce61        0x3 
 .rodata.TEST_PUBLIC_INPUT
                0x0800ce64       0x20 CMakeFiles/multi_pairing_m4.dir/uvision/main_m4.c.obj
 .rodata.TEST_PROOF
                0x0800ce84      0x100 CMakeFiles/multi_pairing_m4.dir/uvision/main_m4.c.obj
 .rodata.VK_NEG_DELTA_G2
                0x0800cf84       0x80 CMakeFiles/multi_pairing_m4.dir/uvision/main_m4.c.obj
 .rodata.VK_NEG_GAMMA_G2
                0x0800d004       0x80 CMakeFiles/multi_pairing_m4.dir/uvision/main_m4.c.obj
 .rodata.VK_ALPHA_BETA_GT
                0x0800d084      0x180 CMakeFiles/multi_pairing_m4.dir/uvision/main_m4.c.obj
 .rodata.VK_IC1_G1
                0x0800d204       0x40 CMakeFiles/multi_pairing_m4.dir/uvision/main_m4.c.obj
 .rodata.VK_IC0_G1
                0x0800d244       0x40 CMakeFiles/multi_pairing_m4.dir/uvision/main_m4.c.obj
 .rodata.printf.str1.4
                0x0800d284        0x0 CMakeFiles/multi_pairing_m4.dir/uvision/startup.c.obj
                                 0x11 (size before relaxing)
 .rodata.bn_make.str1.4
                0x0800d284        0x0 lib/relic/lib/librelic_s.a(relic_bn_mem.c.obj)
                                 0x7f (size before relaxing)
 .rodata.bn_set_2b.str1.4
                0x0800d284        0x0 lib/relic/lib/librelic_s.a(relic_bn_util.c.obj)
                                 0x7f (size before relaxing)
 .rodata.dv_zero.str1.4
                0x0800d284        0x0 lib/relic/lib/librelic_s.a(relic_dv_util.c.obj)
                                 0x7f (size before relaxing)
 .rodata.fp_prime_set.str1.4
                0x0800d284        0x0 lib/relic/lib/librelic_s.a(relic_fp_prime.c.obj)
                                 0x7f (size before relaxing)
 .rodata.fp_read_bin.str1.4
                0x0800d284        0x0 lib/relic/lib/librelic_s.a(relic_fp_util.c.obj)
                                 0x7f (size before relaxing)
 .rodata.fp2_srt.part.0.str1.4
                0x0800d284        0x0 lib/relic/lib/librelic_s.a(relic_fpx_srt.c.obj)
                                 0x7f (size before relaxing)
 .rodata.ep_curve_set_map.str1.4
                0x0800d284        0x0 lib/relic/lib/librelic_s.a(relic_ep_curve.c.obj)
                                 0x7f (size before relaxing)
 .rodata.ep_param_set.str1.4
                0x0800d284        0x0 lib/relic/lib/librelic_s.a(relic_ep_param.c.obj)
                                0x15b (size before relaxing)
 .rodata.ep2_curve_set_twist.str1.4
                0x0800d284        0x0 lib/relic/lib/librelic_s.a(relic_ep2_curve.c.obj)
                                0x48b (size before relaxing)
 .rodata.conv_table.0
                0x0800d284       0x41 lib/relic/lib/librelic_s.a(relic_util.c.obj)
 .rodata.bn_div.str1.4
                0x0800d2c5        0x0 lib/relic/lib/librelic_s.a(relic_bn_div.c.obj)
                                 0x7f (size before relaxing)
 .rodata.bn_mod_pre_barrt.str1.4
                0x0800d2c5        0x0 lib/relic/lib/librelic_s.a(relic_bn_mod.c.obj)
                                 0x7f (size before relaxing)
 .rodata.bn_rec_win.str1.4
                0x0800d2c5        0x0 lib/relic/lib/librelic_s.a(relic_bn_rec.c.obj)
                                 0x7f (size before relaxing)
 .rodata.bn_srt.str1.4
                0x0800d2c5        0x0 lib/relic/lib/librelic_s.a(relic_bn_srt.c.obj)
                                 0x7f (size before relaxing)
 .rodata.fp_inv_basic.str1.4
                0x0800d2c5        0x0 lib/relic/lib/librelic_s.a(relic_fp_inv.c.obj)
                                 0x7f (size before relaxing)
 .rodata.fp_param_set.str1.4
                0x0800d2c5        0x0 lib/relic/lib/librelic_s.a(relic_fp_param.c.obj)
                                 0x11 (size before relaxing)

.glue_7         0x0800d2c8        0x0
 .glue_7        0x0800d2c8        0x0 linker stubs

.glue_7t        0x0800d2c8        0x0
 .glue_7t       0x0800d2c8        0x0 linker stubs

.vfp11_veneer   0x0800d2c8        0x0
 .vfp11_veneer  0x0800d2c8        0x0 linker stubs

.v4_bx          0x0800d2c8        0x0
 .v4_bx         0x0800d2c8        0x0 linker stubs

.iplt           0x0800d2c8        0x0
 .iplt          0x0800d2c8        0x0 CMakeFiles/multi_pairing_m4.dir/uvision/main_m4.c.obj

.rel.dyn        0x0800d2c8        0x0
 .rel.iplt      0x0800d2c8        0x0 CMakeFiles/multi_pairing_m4.dir/uvision/main_m4.c.obj

.ARM.exidx      0x0800d2c8        0x8
 .ARM.exidx     0x0800d2c8        0x8 /opt/homebrew/Cellar/arm-none-eabi-gcc/16.1.0/lib/gcc/arm-none-eabi/16.1.0/thumb/v7e-m/nofp/libgcc.a(_udivmoddi4.o)

.data           0x20000000        0x8 load address 0x0800d2d0
 *(.data*)
 .data.stdout   0x20000000        0x4 CMakeFiles/multi_pairing_m4.dir/uvision/startup.c.obj
                0x20000000                stdout
 .data._stdout_f
                0x20000004        0x4 CMakeFiles/multi_pairing_m4.dir/uvision/startup.c.obj

.igot.plt       0x20000008        0x0 load address 0x0800d2d8
 .igot.plt      0x20000008        0x0 CMakeFiles/multi_pairing_m4.dir/uvision/main_m4.c.obj

.bss            0x20000008     0x319c load address 0x0800d2d8
                0x20000008                        __bss_start = .
 *(.bss*)
 .bss.g_done    0x20000008        0x4 CMakeFiles/multi_pairing_m4.dir/uvision/main_m4.c.obj
                0x20000008                g_done
 .bss.g_ticks   0x2000000c        0xc CMakeFiles/multi_pairing_m4.dir/uvision/main_m4.c.obj
                0x2000000c                g_ticks
 .bss.g_valid   0x20000018        0x4 CMakeFiles/multi_pairing_m4.dir/uvision/main_m4.c.obj
                0x20000018                g_valid
 .bss.systick_overflow_count
                0x2000001c        0x4 CMakeFiles/multi_pairing_m4.dir/uvision/main_m4.c.obj
                0x2000001c                systick_overflow_count
 .bss.core_ctx  0x20000020        0x4 lib/relic/lib/librelic_s.a(relic_core.c.obj)
 .bss.first_ctx
                0x20000024     0x3180 lib/relic/lib/librelic_s.a(relic_core.c.obj)
 *(COMMON)
                0x200031a4                        __bss_end = .
                0x200031a4                        _end = .
OUTPUT(multi_pairing_m4 elf32-littlearm)
LOAD linker stubs

.comment        0x00000000       0x12
 .comment       0x00000000       0x12 CMakeFiles/multi_pairing_m4.dir/uvision/main_m4.c.obj
                                 0x13 (size before relaxing)
 .comment       0x00000012        0x0 CMakeFiles/multi_pairing_m4.dir/uvision/startup.c.obj
                                 0x13 (size before relaxing)
 .comment       0x00000012        0x0 libpairing.a(point_decode.c.obj)
                                 0x13 (size before relaxing)
 .comment       0x00000012        0x0 libpairing.a(crypto_init.c.obj)
                                 0x13 (size before relaxing)
 .comment       0x00000012        0x0 lib/relic/lib/librelic_s.a(relic_core.c.obj)
                                 0x13 (size before relaxing)
 .comment       0x00000012        0x0 lib/relic/lib/librelic_s.a(relic_arch_none.c.obj)
                                 0x13 (size before relaxing)
 .comment       0x00000012        0x0 lib/relic/lib/librelic_s.a(relic_rand_core.c.obj)
                                 0x13 (size before relaxing)
 .comment       0x00000012        0x0 lib/relic/lib/librelic_s.a(relic_rand_call.c.obj)
                                 0x13 (size before relaxing)
 .comment       0x00000012        0x0 lib/relic/lib/librelic_s.a(relic_bn_mem.c.obj)
                                 0x13 (size before relaxing)
 .comment       0x00000012        0x0 lib/relic/lib/librelic_s.a(relic_bn_util.c.obj)
                                 0x13 (size before relaxing)
 .comment       0x00000012        0x0 lib/relic/lib/librelic_s.a(relic_dv_util.c.obj)
                                 0x13 (size before relaxing)
 .comment       0x00000012        0x0 lib/relic/lib/librelic_s.a(relic_fp_prime.c.obj)
                                 0x13 (size before relaxing)
 .comment       0x00000012        0x0 lib/relic/lib/librelic_s.a(relic_fp_rdc.c.obj)
                                 0x13 (size before relaxing)
 .comment       0x00000012        0x0 lib/relic/lib/librelic_s.a(relic_fp_srt.c.obj)
                                 0x13 (size before relaxing)
 .comment       0x00000012        0x0 lib/relic/lib/librelic_s.a(relic_fp_util.c.obj)
                                 0x13 (size before relaxing)
 .comment       0x00000012        0x0 lib/relic/lib/librelic_s.a(relic_fpx_cmp.c.obj)
                                 0x13 (size before relaxing)
 .comment       0x00000012        0x0 lib/relic/lib/librelic_s.a(relic_fpx_field.c.obj)
                                 0x13 (size before relaxing)
 .comment       0x00000012        0x0 lib/relic/lib/librelic_s.a(relic_fpx_srt.c.obj)
                                 0x13 (size before relaxing)
 .comment       0x00000012        0x0 lib/relic/lib/librelic_s.a(relic_fpx_util.c.obj)
                                 0x13 (size before relaxing)
 .comment       0x00000012        0x0 lib/relic/lib/librelic_s.a(relic_ep_add.c.obj)
                                 0x13 (size before relaxing)
 .comment       0x00000012        0x0 lib/relic/lib/librelic_s.a(relic_ep_curve.c.obj)
                                 0x13 (size before relaxing)
 .comment       0x00000012        0x0 lib/relic/lib/librelic_s.a(relic_ep_dbl.c.obj)
                                 0x13 (size before relaxing)
 .comment       0x00000012        0x0 lib/relic/lib/librelic_s.a(relic_ep_mul.c.obj)
                                 0x13 (size before relaxing)
 .comment       0x00000012        0x0 lib/relic/lib/librelic_s.a(relic_ep_neg.c.obj)
                                 0x13 (size before relaxing)
 .comment       0x00000012        0x0 lib/relic/lib/librelic_s.a(relic_ep_norm.c.obj)
                                 0x13 (size before relaxing)
 .comment       0x00000012        0x0 lib/relic/lib/librelic_s.a(relic_ep_param.c.obj)
                                 0x13 (size before relaxing)
 .comment       0x00000012        0x0 lib/relic/lib/librelic_s.a(relic_ep_psi.c.obj)
                                 0x13 (size before relaxing)
 .comment       0x00000012        0x0 lib/relic/lib/librelic_s.a(relic_ep_tpl.c.obj)
                                 0x13 (size before relaxing)
 .comment       0x00000012        0x0 lib/relic/lib/librelic_s.a(relic_ep_util.c.obj)
                                 0x13 (size before relaxing)
 .comment       0x00000012        0x0 lib/relic/lib/librelic_s.a(relic_ep2_curve.c.obj)
                                 0x13 (size before relaxing)
 .comment       0x00000012        0x0 lib/relic/lib/librelic_s.a(relic_ep2_norm.c.obj)
                                 0x13 (size before relaxing)
 .comment       0x00000012        0x0 lib/relic/lib/librelic_s.a(relic_ep2_util.c.obj)
                                 0x13 (size before relaxing)
 .comment       0x00000012        0x0 lib/relic/lib/librelic_s.a(relic_pp_map.c.obj)
                                 0x13 (size before relaxing)
 .comment       0x00000012        0x0 lib/relic/lib/librelic_s.a(relic_pp_map_k12.c.obj)
                                 0x13 (size before relaxing)
 .comment       0x00000012        0x0 lib/relic/lib/librelic_s.a(relic_bn_div_low.c.obj)
                                 0x13 (size before relaxing)
 .comment       0x00000012        0x0 lib/relic/lib/librelic_s.a(relic_bn_mul_low.c.obj)
                                 0x13 (size before relaxing)
 .comment       0x00000012        0x0 lib/relic/lib/librelic_s.a(relic_bn_shift_low.c.obj)
                                 0x13 (size before relaxing)
 .comment       0x00000012        0x0 lib/relic/lib/librelic_s.a(relic_fp_add_low.c.obj)
                                 0x13 (size before relaxing)
 .comment       0x00000012        0x0 lib/relic/lib/librelic_s.a(relic_fp_mul_low.c.obj)
                                 0x13 (size before relaxing)
 .comment       0x00000012        0x0 lib/relic/lib/librelic_s.a(relic_fp_rdc_low.c.obj)
                                 0x13 (size before relaxing)
 .comment       0x00000012        0x0 lib/relic/lib/librelic_s.a(relic_fp_shift_low.c.obj)
                                 0x13 (size before relaxing)
 .comment       0x00000012        0x0 lib/relic/lib/librelic_s.a(relic_util.c.obj)
                                 0x13 (size before relaxing)
 .comment       0x00000012        0x0 lib/relic/lib/librelic_s.a(relic_bn_add.c.obj)
                                 0x13 (size before relaxing)
 .comment       0x00000012        0x0 lib/relic/lib/librelic_s.a(relic_bn_cmp.c.obj)
                                 0x13 (size before relaxing)
 .comment       0x00000012        0x0 lib/relic/lib/librelic_s.a(relic_bn_div.c.obj)
                                 0x13 (size before relaxing)
 .comment       0x00000012        0x0 lib/relic/lib/librelic_s.a(relic_bn_gcd.c.obj)
                                 0x13 (size before relaxing)
 .comment       0x00000012        0x0 lib/relic/lib/librelic_s.a(relic_bn_mod.c.obj)
                                 0x13 (size before relaxing)
 .comment       0x00000012        0x0 lib/relic/lib/librelic_s.a(relic_bn_mul.c.obj)
                                 0x13 (size before relaxing)
 .comment       0x00000012        0x0 lib/relic/lib/librelic_s.a(relic_bn_rec.c.obj)
                                 0x13 (size before relaxing)
 .comment       0x00000012        0x0 lib/relic/lib/librelic_s.a(relic_bn_shift.c.obj)
                                 0x13 (size before relaxing)
 .comment       0x00000012        0x0 lib/relic/lib/librelic_s.a(relic_bn_sqr.c.obj)
                                 0x13 (size before relaxing)
 .comment       0x00000012        0x0 lib/relic/lib/librelic_s.a(relic_bn_srt.c.obj)
                                 0x13 (size before relaxing)
 .comment       0x00000012        0x0 lib/relic/lib/librelic_s.a(relic_fp_add.c.obj)
                                 0x13 (size before relaxing)
 .comment       0x00000012        0x0 lib/relic/lib/librelic_s.a(relic_fp_cmp.c.obj)
                                 0x13 (size before relaxing)
 .comment       0x00000012        0x0 lib/relic/lib/librelic_s.a(relic_fp_crt.c.obj)
                                 0x13 (size before relaxing)
 .comment       0x00000012        0x0 lib/relic/lib/librelic_s.a(relic_fp_div.c.obj)
                                 0x13 (size before relaxing)
 .comment       0x00000012        0x0 lib/relic/lib/librelic_s.a(relic_fp_exp.c.obj)
                                 0x13 (size before relaxing)
 .comment       0x00000012        0x0 lib/relic/lib/librelic_s.a(relic_fp_inv.c.obj)
                                 0x13 (size before relaxing)
 .comment       0x00000012        0x0 lib/relic/lib/librelic_s.a(relic_fp_mul.c.obj)
                                 0x13 (size before relaxing)
 .comment       0x00000012        0x0 lib/relic/lib/librelic_s.a(relic_fp_param.c.obj)
                                 0x13 (size before relaxing)
 .comment       0x00000012        0x0 lib/relic/lib/librelic_s.a(relic_fp_smb.c.obj)
                                 0x13 (size before relaxing)
 .comment       0x00000012        0x0 lib/relic/lib/librelic_s.a(relic_fp_sqr.c.obj)
                                 0x13 (size before relaxing)
 .comment       0x00000012        0x0 lib/relic/lib/librelic_s.a(relic_fp12_mul.c.obj)
                                 0x13 (size before relaxing)
 .comment       0x00000012        0x0 lib/relic/lib/librelic_s.a(relic_fp12_sqr.c.obj)
                                 0x13 (size before relaxing)
 .comment       0x00000012        0x0 lib/relic/lib/librelic_s.a(relic_fp2_mul.c.obj)
                                 0x13 (size before relaxing)
 .comment       0x00000012        0x0 lib/relic/lib/librelic_s.a(relic_fp2_sqr.c.obj)
                                 0x13 (size before relaxing)
 .comment       0x00000012        0x0 lib/relic/lib/librelic_s.a(relic_fp4_mul.c.obj)
                                 0x13 (size before relaxing)
 .comment       0x00000012        0x0 lib/relic/lib/librelic_s.a(relic_fp4_sqr.c.obj)
                                 0x13 (size before relaxing)
 .comment       0x00000012        0x0 lib/relic/lib/librelic_s.a(relic_fp6_mul.c.obj)
                                 0x13 (size before relaxing)
 .comment       0x00000012        0x0 lib/relic/lib/librelic_s.a(relic_fpx_add.c.obj)
                                 0x13 (size before relaxing)
 .comment       0x00000012        0x0 lib/relic/lib/librelic_s.a(relic_fpx_cyc.c.obj)
                                 0x13 (size before relaxing)
 .comment       0x00000012        0x0 lib/relic/lib/librelic_s.a(relic_fpx_exp.c.obj)
                                 0x13 (size before relaxing)
 .comment       0x00000012        0x0 lib/relic/lib/librelic_s.a(relic_fpx_frb.c.obj)
                                 0x13 (size before relaxing)
 .comment       0x00000012        0x0 lib/relic/lib/librelic_s.a(relic_fpx_inv.c.obj)
                                 0x13 (size before relaxing)
 .comment       0x00000012        0x0 lib/relic/lib/librelic_s.a(relic_ep_cmp.c.obj)
                                 0x13 (size before relaxing)
 .comment       0x00000012        0x0 lib/relic/lib/librelic_s.a(relic_ep2_add.c.obj)
                                 0x13 (size before relaxing)
 .comment       0x00000012        0x0 lib/relic/lib/librelic_s.a(relic_ep2_dbl.c.obj)
                                 0x13 (size before relaxing)
 .comment       0x00000012        0x0 lib/relic/lib/librelic_s.a(relic_ep2_frb.c.obj)
                                 0x13 (size before relaxing)
 .comment       0x00000012        0x0 lib/relic/lib/librelic_s.a(relic_ep2_mul.c.obj)
                                 0x13 (size before relaxing)
 .comment       0x00000012        0x0 lib/relic/lib/librelic_s.a(relic_ep2_neg.c.obj)
                                 0x13 (size before relaxing)
 .comment       0x00000012        0x0 lib/relic/lib/librelic_s.a(relic_pp_add_k12.c.obj)
                                 0x13 (size before relaxing)
 .comment       0x00000012        0x0 lib/relic/lib/librelic_s.a(relic_pp_dbl_k12.c.obj)
                                 0x13 (size before relaxing)
 .comment       0x00000012        0x0 lib/relic/lib/librelic_s.a(relic_pp_exp_k12.c.obj)
                                 0x13 (size before relaxing)
 .comment       0x00000012        0x0 lib/relic/lib/librelic_s.a(relic_bn_add_low.c.obj)
                                 0x13 (size before relaxing)
 .comment       0x00000012        0x0 lib/relic/lib/librelic_s.a(relic_bn_sqr_low.c.obj)
                                 0x13 (size before relaxing)
 .comment       0x00000012        0x0 lib/relic/lib/librelic_s.a(relic_fp_sqr_low.c.obj)
                                 0x13 (size before relaxing)
 .comment       0x00000012        0x0 lib/relic/lib/librelic_s.a(relic_fpx_add_low.c.obj)
                                 0x13 (size before relaxing)
 .comment       0x00000012        0x0 lib/relic/lib/librelic_s.a(relic_fpx_mul_low.c.obj)
                                 0x13 (size before relaxing)
 .comment       0x00000012        0x0 lib/relic/lib/librelic_s.a(relic_fpx_rdc_low.c.obj)
                                 0x13 (size before relaxing)
 .comment       0x00000012        0x0 lib/relic/lib/librelic_s.a(relic_fpx_sqr_low.c.obj)
                                 0x13 (size before relaxing)
 .comment       0x00000012        0x0 lib/relic/lib/librelic_s.a(relic_fp6_sqr.c.obj)
                                 0x13 (size before relaxing)
 .comment       0x00000012        0x0 /opt/homebrew/Cellar/arm-none-eabi-gcc/16.1.0/lib/gcc/arm-none-eabi/16.1.0/thumb/v7e-m/nofp/libgcc.a(_udivmoddi4.o)
                                 0x13 (size before relaxing)

.ARM.attributes
                0x00000000       0x2e
 .ARM.attributes
                0x00000000       0x2e CMakeFiles/multi_pairing_m4.dir/uvision/main_m4.c.obj
 .ARM.attributes
                0x0000002e       0x2e CMakeFiles/multi_pairing_m4.dir/uvision/startup.c.obj
 .ARM.attributes
                0x0000005c       0x2e libpairing.a(point_decode.c.obj)
 .ARM.attributes
                0x0000008a       0x2e libpairing.a(crypto_init.c.obj)
 .ARM.attributes
                0x000000b8       0x2e lib/relic/lib/librelic_s.a(relic_core.c.obj)
 .ARM.attributes
                0x000000e6       0x2e lib/relic/lib/librelic_s.a(relic_arch_none.c.obj)
 .ARM.attributes
                0x00000114       0x2e lib/relic/lib/librelic_s.a(relic_rand_core.c.obj)
 .ARM.attributes
                0x00000142       0x2e lib/relic/lib/librelic_s.a(relic_rand_call.c.obj)
 .ARM.attributes
                0x00000170       0x2e lib/relic/lib/librelic_s.a(relic_bn_mem.c.obj)
 .ARM.attributes
                0x0000019e       0x2e lib/relic/lib/librelic_s.a(relic_bn_util.c.obj)
 .ARM.attributes
                0x000001cc       0x2e lib/relic/lib/librelic_s.a(relic_dv_util.c.obj)
 .ARM.attributes
                0x000001fa       0x2e lib/relic/lib/librelic_s.a(relic_fp_prime.c.obj)
 .ARM.attributes
                0x00000228       0x2e lib/relic/lib/librelic_s.a(relic_fp_rdc.c.obj)
 .ARM.attributes
                0x00000256       0x2e lib/relic/lib/librelic_s.a(relic_fp_srt.c.obj)
 .ARM.attributes
                0x00000284       0x2e lib/relic/lib/librelic_s.a(relic_fp_util.c.obj)
 .ARM.attributes
                0x000002b2       0x2e lib/relic/lib/librelic_s.a(relic_fpx_cmp.c.obj)
 .ARM.attributes
                0x000002e0       0x2e lib/relic/lib/librelic_s.a(relic_fpx_field.c.obj)
 .ARM.attributes
                0x0000030e       0x2e lib/relic/lib/librelic_s.a(relic_fpx_srt.c.obj)
 .ARM.attributes
                0x0000033c       0x2e lib/relic/lib/librelic_s.a(relic_fpx_util.c.obj)
 .ARM.attributes
                0x0000036a       0x2e lib/relic/lib/librelic_s.a(relic_ep_add.c.obj)
 .ARM.attributes
                0x00000398       0x2e lib/relic/lib/librelic_s.a(relic_ep_curve.c.obj)
 .ARM.attributes
                0x000003c6       0x2e lib/relic/lib/librelic_s.a(relic_ep_dbl.c.obj)
 .ARM.attributes
                0x000003f4       0x2e lib/relic/lib/librelic_s.a(relic_ep_mul.c.obj)
 .ARM.attributes
                0x00000422       0x2e lib/relic/lib/librelic_s.a(relic_ep_neg.c.obj)
 .ARM.attributes
                0x00000450       0x2e lib/relic/lib/librelic_s.a(relic_ep_norm.c.obj)
 .ARM.attributes
                0x0000047e       0x2e lib/relic/lib/librelic_s.a(relic_ep_param.c.obj)
 .ARM.attributes
                0x000004ac       0x2e lib/relic/lib/librelic_s.a(relic_ep_psi.c.obj)
 .ARM.attributes
                0x000004da       0x2e lib/relic/lib/librelic_s.a(relic_ep_tpl.c.obj)
 .ARM.attributes
                0x00000508       0x2e lib/relic/lib/librelic_s.a(relic_ep_util.c.obj)
 .ARM.attributes
                0x00000536       0x2e lib/relic/lib/librelic_s.a(relic_ep2_curve.c.obj)
 .ARM.attributes
                0x00000564       0x2e lib/relic/lib/librelic_s.a(relic_ep2_norm.c.obj)
 .ARM.attributes
                0x00000592       0x2e lib/relic/lib/librelic_s.a(relic_ep2_util.c.obj)
 .ARM.attributes
                0x000005c0       0x2e lib/relic/lib/librelic_s.a(relic_pp_map.c.obj)
 .ARM.attributes
                0x000005ee       0x2e lib/relic/lib/librelic_s.a(relic_pp_map_k12.c.obj)
 .ARM.attributes
                0x0000061c       0x2e lib/relic/lib/librelic_s.a(relic_bn_div_low.c.obj)
 .ARM.attributes
                0x0000064a       0x2e lib/relic/lib/librelic_s.a(relic_bn_mul_low.c.obj)
 .ARM.attributes
                0x00000678       0x2e lib/relic/lib/librelic_s.a(relic_bn_shift_low.c.obj)
 .ARM.attributes
                0x000006a6       0x2e lib/relic/lib/librelic_s.a(relic_fp_add_low.c.obj)
 .ARM.attributes
                0x000006d4       0x2e lib/relic/lib/librelic_s.a(relic_fp_mul_low.c.obj)
 .ARM.attributes
                0x00000702       0x2e lib/relic/lib/librelic_s.a(relic_fp_rdc_low.c.obj)
 .ARM.attributes
                0x00000730       0x2e lib/relic/lib/librelic_s.a(relic_fp_shift_low.c.obj)
 .ARM.attributes
                0x0000075e       0x2e lib/relic/lib/librelic_s.a(relic_util.c.obj)
 .ARM.attributes
                0x0000078c       0x2e lib/relic/lib/librelic_s.a(relic_bn_add.c.obj)
 .ARM.attributes
                0x000007ba       0x2e lib/relic/lib/librelic_s.a(relic_bn_cmp.c.obj)
 .ARM.attributes
                0x000007e8       0x2e lib/relic/lib/librelic_s.a(relic_bn_div.c.obj)
 .ARM.attributes
                0x00000816       0x2e lib/relic/lib/librelic_s.a(relic_bn_gcd.c.obj)
 .ARM.attributes
                0x00000844       0x2e lib/relic/lib/librelic_s.a(relic_bn_mod.c.obj)
 .ARM.attributes
                0x00000872       0x2e lib/relic/lib/librelic_s.a(relic_bn_mul.c.obj)
 .ARM.attributes
                0x000008a0       0x2e lib/relic/lib/librelic_s.a(relic_bn_rec.c.obj)
 .ARM.attributes
                0x000008ce       0x2e lib/relic/lib/librelic_s.a(relic_bn_shift.c.obj)
 .ARM.attributes
                0x000008fc       0x2e lib/relic/lib/librelic_s.a(relic_bn_sqr.c.obj)
 .ARM.attributes
                0x0000092a       0x2e lib/relic/lib/librelic_s.a(relic_bn_srt.c.obj)
 .ARM.attributes
                0x00000958       0x2e lib/relic/lib/librelic_s.a(relic_fp_add.c.obj)
 .ARM.attributes
                0x00000986       0x2e lib/relic/lib/librelic_s.a(relic_fp_cmp.c.obj)
 .ARM.attributes
                0x000009b4       0x2e lib/relic/lib/librelic_s.a(relic_fp_crt.c.obj)
 .ARM.attributes
                0x000009e2       0x2e lib/relic/lib/librelic_s.a(relic_fp_div.c.obj)
 .ARM.attributes
                0x00000a10       0x2e lib/relic/lib/librelic_s.a(relic_fp_exp.c.obj)
 .ARM.attributes
                0x00000a3e       0x2e lib/relic/lib/librelic_s.a(relic_fp_inv.c.obj)
 .ARM.attributes
                0x00000a6c       0x2e lib/relic/lib/librelic_s.a(relic_fp_mul.c.obj)
 .ARM.attributes
                0x00000a9a       0x2e lib/relic/lib/librelic_s.a(relic_fp_param.c.obj)
 .ARM.attributes
                0x00000ac8       0x2e lib/relic/lib/librelic_s.a(relic_fp_smb.c.obj)
 .ARM.attributes
                0x00000af6       0x2e lib/relic/lib/librelic_s.a(relic_fp_sqr.c.obj)
 .ARM.attributes
                0x00000b24       0x2e lib/relic/lib/librelic_s.a(relic_fp12_mul.c.obj)
 .ARM.attributes
                0x00000b52       0x2e lib/relic/lib/librelic_s.a(relic_fp12_sqr.c.obj)
 .ARM.attributes
                0x00000b80       0x2e lib/relic/lib/librelic_s.a(relic_fp2_mul.c.obj)
 .ARM.attributes
                0x00000bae       0x2e lib/relic/lib/librelic_s.a(relic_fp2_sqr.c.obj)
 .ARM.attributes
                0x00000bdc       0x2e lib/relic/lib/librelic_s.a(relic_fp4_mul.c.obj)
 .ARM.attributes
                0x00000c0a       0x2e lib/relic/lib/librelic_s.a(relic_fp4_sqr.c.obj)
 .ARM.attributes
                0x00000c38       0x2e lib/relic/lib/librelic_s.a(relic_fp6_mul.c.obj)
 .ARM.attributes
                0x00000c66       0x2e lib/relic/lib/librelic_s.a(relic_fpx_add.c.obj)
 .ARM.attributes
                0x00000c94       0x2e lib/relic/lib/librelic_s.a(relic_fpx_cyc.c.obj)
 .ARM.attributes
                0x00000cc2       0x2e lib/relic/lib/librelic_s.a(relic_fpx_exp.c.obj)
 .ARM.attributes
                0x00000cf0       0x2e lib/relic/lib/librelic_s.a(relic_fpx_frb.c.obj)
 .ARM.attributes
                0x00000d1e       0x2e lib/relic/lib/librelic_s.a(relic_fpx_inv.c.obj)
 .ARM.attributes
                0x00000d4c       0x2e lib/relic/lib/librelic_s.a(relic_ep_cmp.c.obj)
 .ARM.attributes
                0x00000d7a       0x2e lib/relic/lib/librelic_s.a(relic_ep2_add.c.obj)
 .ARM.attributes
                0x00000da8       0x2e lib/relic/lib/librelic_s.a(relic_ep2_dbl.c.obj)
 .ARM.attributes
                0x00000dd6       0x2e lib/relic/lib/librelic_s.a(relic_ep2_frb.c.obj)
 .ARM.attributes
                0x00000e04       0x2e lib/relic/lib/librelic_s.a(relic_ep2_mul.c.obj)
 .ARM.attributes
                0x00000e32       0x2e lib/relic/lib/librelic_s.a(relic_ep2_neg.c.obj)
 .ARM.attributes
                0x00000e60       0x2e lib/relic/lib/librelic_s.a(relic_pp_add_k12.c.obj)
 .ARM.attributes
                0x00000e8e       0x2e lib/relic/lib/librelic_s.a(relic_pp_dbl_k12.c.obj)
 .ARM.attributes
                0x00000ebc       0x2e lib/relic/lib/librelic_s.a(relic_pp_exp_k12.c.obj)
 .ARM.attributes
                0x00000eea       0x2e lib/relic/lib/librelic_s.a(relic_bn_add_low.c.obj)
 .ARM.attributes
                0x00000f18       0x2e lib/relic/lib/librelic_s.a(relic_bn_sqr_low.c.obj)
 .ARM.attributes
                0x00000f46       0x2e lib/relic/lib/librelic_s.a(relic_fp_sqr_low.c.obj)
 .ARM.attributes
                0x00000f74       0x2e lib/relic/lib/librelic_s.a(relic_fpx_add_low.c.obj)
 .ARM.attributes
                0x00000fa2       0x2e lib/relic/lib/librelic_s.a(relic_fpx_mul_low.c.obj)
 .ARM.attributes
                0x00000fd0       0x2e lib/relic/lib/librelic_s.a(relic_fpx_rdc_low.c.obj)
 .ARM.attributes
                0x00000ffe       0x2e lib/relic/lib/librelic_s.a(relic_fpx_sqr_low.c.obj)
 .ARM.attributes
                0x0000102c       0x2e lib/relic/lib/librelic_s.a(relic_fp6_sqr.c.obj)
 .ARM.attributes
                0x0000105a       0x1e /opt/homebrew/Cellar/arm-none-eabi-gcc/16.1.0/lib/gcc/arm-none-eabi/16.1.0/thumb/v7e-m/nofp/libgcc.a(_aeabi_uldivmod.o)
 .ARM.attributes
                0x00001078       0x2e /opt/homebrew/Cellar/arm-none-eabi-gcc/16.1.0/lib/gcc/arm-none-eabi/16.1.0/thumb/v7e-m/nofp/libgcc.a(_udivmoddi4.o)
 .ARM.attributes
                0x000010a6       0x1e /opt/homebrew/Cellar/arm-none-eabi-gcc/16.1.0/lib/gcc/arm-none-eabi/16.1.0/thumb/v7e-m/nofp/libgcc.a(_dvmd_tls.o)

.debug_line     0x00000000      0x6ae
 .debug_line    0x00000000       0x4e /opt/homebrew/Cellar/arm-none-eabi-gcc/16.1.0/lib/gcc/arm-none-eabi/16.1.0/thumb/v7e-m/nofp/libgcc.a(_aeabi_uldivmod.o)
 .debug_line    0x0000004e      0x616 /opt/homebrew/Cellar/arm-none-eabi-gcc/16.1.0/lib/gcc/arm-none-eabi/16.1.0/thumb/v7e-m/nofp/libgcc.a(_udivmoddi4.o)
 .debug_line    0x00000664       0x4a /opt/homebrew/Cellar/arm-none-eabi-gcc/16.1.0/lib/gcc/arm-none-eabi/16.1.0/thumb/v7e-m/nofp/libgcc.a(_dvmd_tls.o)

.debug_line_str
                0x00000000       0xb5
 .debug_line_str
                0x00000000       0xb5 /opt/homebrew/Cellar/arm-none-eabi-gcc/16.1.0/lib/gcc/arm-none-eabi/16.1.0/thumb/v7e-m/nofp/libgcc.a(_aeabi_uldivmod.o)
                                 0xa9 (size before relaxing)
 .debug_line_str
                0x000000b5        0x0 /opt/homebrew/Cellar/arm-none-eabi-gcc/16.1.0/lib/gcc/arm-none-eabi/16.1.0/thumb/v7e-m/nofp/libgcc.a(_dvmd_tls.o)
                                 0xad (size before relaxing)

.debug_info     0x00000000      0x74e
 .debug_info    0x00000000       0x24 /opt/homebrew/Cellar/arm-none-eabi-gcc/16.1.0/lib/gcc/arm-none-eabi/16.1.0/thumb/v7e-m/nofp/libgcc.a(_aeabi_uldivmod.o)
 .debug_info    0x00000024      0x6ee /opt/homebrew/Cellar/arm-none-eabi-gcc/16.1.0/lib/gcc/arm-none-eabi/16.1.0/thumb/v7e-m/nofp/libgcc.a(_udivmoddi4.o)
 .debug_info    0x00000712       0x3c /opt/homebrew/Cellar/arm-none-eabi-gcc/16.1.0/lib/gcc/arm-none-eabi/16.1.0/thumb/v7e-m/nofp/libgcc.a(_dvmd_tls.o)

.debug_abbrev   0x00000000      0x1aa
 .debug_abbrev  0x00000000       0x14 /opt/homebrew/Cellar/arm-none-eabi-gcc/16.1.0/lib/gcc/arm-none-eabi/16.1.0/thumb/v7e-m/nofp/libgcc.a(_aeabi_uldivmod.o)
 .debug_abbrev  0x00000014      0x170 /opt/homebrew/Cellar/arm-none-eabi-gcc/16.1.0/lib/gcc/arm-none-eabi/16.1.0/thumb/v7e-m/nofp/libgcc.a(_udivmoddi4.o)
 .debug_abbrev  0x00000184       0x26 /opt/homebrew/Cellar/arm-none-eabi-gcc/16.1.0/lib/gcc/arm-none-eabi/16.1.0/thumb/v7e-m/nofp/libgcc.a(_dvmd_tls.o)

.debug_aranges  0x00000000       0x60
 .debug_aranges
                0x00000000       0x20 /opt/homebrew/Cellar/arm-none-eabi-gcc/16.1.0/lib/gcc/arm-none-eabi/16.1.0/thumb/v7e-m/nofp/libgcc.a(_aeabi_uldivmod.o)
 .debug_aranges
                0x00000020       0x20 /opt/homebrew/Cellar/arm-none-eabi-gcc/16.1.0/lib/gcc/arm-none-eabi/16.1.0/thumb/v7e-m/nofp/libgcc.a(_udivmoddi4.o)
 .debug_aranges
                0x00000040       0x20 /opt/homebrew/Cellar/arm-none-eabi-gcc/16.1.0/lib/gcc/arm-none-eabi/16.1.0/thumb/v7e-m/nofp/libgcc.a(_dvmd_tls.o)

.debug_str      0x00000000      0x6b9
 .debug_str     0x00000000      0x6b9 /opt/homebrew/Cellar/arm-none-eabi-gcc/16.1.0/lib/gcc/arm-none-eabi/16.1.0/thumb/v7e-m/nofp/libgcc.a(_aeabi_uldivmod.o)
                                 0xb7 (size before relaxing)
 .debug_str     0x000006b9        0x0 /opt/homebrew/Cellar/arm-none-eabi-gcc/16.1.0/lib/gcc/arm-none-eabi/16.1.0/thumb/v7e-m/nofp/libgcc.a(_udivmoddi4.o)
                                0x66c (size before relaxing)
 .debug_str     0x000006b9        0x0 /opt/homebrew/Cellar/arm-none-eabi-gcc/16.1.0/lib/gcc/arm-none-eabi/16.1.0/thumb/v7e-m/nofp/libgcc.a(_dvmd_tls.o)
                                 0xd7 (size before relaxing)

.debug_frame    0x00000000       0x60
 .debug_frame   0x00000000       0x2c /opt/homebrew/Cellar/arm-none-eabi-gcc/16.1.0/lib/gcc/arm-none-eabi/16.1.0/thumb/v7e-m/nofp/libgcc.a(_aeabi_uldivmod.o)
 .debug_frame   0x0000002c       0x34 /opt/homebrew/Cellar/arm-none-eabi-gcc/16.1.0/lib/gcc/arm-none-eabi/16.1.0/thumb/v7e-m/nofp/libgcc.a(_udivmoddi4.o)

.debug_loclists
                0x00000000      0xa0e
 .debug_loclists
                0x00000000      0xa0e /opt/homebrew/Cellar/arm-none-eabi-gcc/16.1.0/lib/gcc/arm-none-eabi/16.1.0/thumb/v7e-m/nofp/libgcc.a(_udivmoddi4.o)

.debug_rnglists
                0x00000000       0x8e
 .debug_rnglists
                0x00000000       0x8e /opt/homebrew/Cellar/arm-none-eabi-gcc/16.1.0/lib/gcc/arm-none-eabi/16.1.0/thumb/v7e-m/nofp/libgcc.a(_udivmoddi4.o)
