Archive member included to satisfy reference by file (symbol)

libgroth16_verifier.a(crypto_init.c.obj)
                              CMakeFiles/test_verifier_arm.dir/test/test_verifier_arm.c.obj (groth16_init)
libgroth16_verifier.a(groth16_verifier.c.obj)
                              CMakeFiles/test_verifier_arm.dir/test/test_verifier_arm.c.obj (groth16_verify)
libgroth16_verifier.a(point_decode.c.obj)
                              libgroth16_verifier.a(groth16_verifier.c.obj) (decode_g1)
lib/relic/lib/librelic_s.a(relic_core.c.obj)
                              libgroth16_verifier.a(crypto_init.c.obj) (core_init)
lib/relic/lib/librelic_s.a(relic_arch_arm.c.obj)
                              lib/relic/lib/librelic_s.a(relic_core.c.obj) (arch_init)
lib/relic/lib/librelic_s.a(relic_rand_core.c.obj)
                              lib/relic/lib/librelic_s.a(relic_core.c.obj) (rand_init)
lib/relic/lib/librelic_s.a(relic_rand_call.c.obj)
                              libgroth16_verifier.a(crypto_init.c.obj) (rand_seed)
lib/relic/lib/librelic_s.a(relic_bn_mem.c.obj)
                              libgroth16_verifier.a(groth16_verifier.c.obj) (bn_make)
lib/relic/lib/librelic_s.a(relic_bn_util.c.obj)
                              libgroth16_verifier.a(point_decode.c.obj) (bn_read_bin)
lib/relic/lib/librelic_s.a(relic_dv_util.c.obj)
                              lib/relic/lib/librelic_s.a(relic_bn_util.c.obj) (dv_zero)
lib/relic/lib/librelic_s.a(relic_fp_prime.c.obj)
                              lib/relic/lib/librelic_s.a(relic_core.c.obj) (fp_prime_init)
lib/relic/lib/librelic_s.a(relic_fp_rdc.c.obj)
                              lib/relic/lib/librelic_s.a(relic_fp_prime.c.obj) (fp_rdc_monty_comba)
lib/relic/lib/librelic_s.a(relic_fp_srt.c.obj)
                              lib/relic/lib/librelic_s.a(relic_fp_prime.c.obj) (fp_is_sqr)
lib/relic/lib/librelic_s.a(relic_fp_util.c.obj)
                              lib/relic/lib/librelic_s.a(relic_fp_rdc.c.obj) (fp_copy)
lib/relic/lib/librelic_s.a(relic_fpx_cmp.c.obj)
                              libgroth16_verifier.a(groth16_verifier.c.obj) (fp12_cmp)
lib/relic/lib/librelic_s.a(relic_fpx_field.c.obj)
                              lib/relic/lib/librelic_s.a(relic_fp_prime.c.obj) (fp2_field_init)
lib/relic/lib/librelic_s.a(relic_fpx_srt.c.obj)
                              lib/relic/lib/librelic_s.a(relic_fpx_field.c.obj) (fp2_srt)
lib/relic/lib/librelic_s.a(relic_fpx_util.c.obj)
                              lib/relic/lib/librelic_s.a(relic_fpx_srt.c.obj) (fp2_copy)
lib/relic/lib/librelic_s.a(relic_ep_add.c.obj)
                              libgroth16_verifier.a(groth16_verifier.c.obj) (ep_add_projc)
lib/relic/lib/librelic_s.a(relic_ep_curve.c.obj)
                              lib/relic/lib/librelic_s.a(relic_core.c.obj) (ep_curve_init)
lib/relic/lib/librelic_s.a(relic_ep_dbl.c.obj)
                              lib/relic/lib/librelic_s.a(relic_ep_add.c.obj) (ep_dbl_basic)
lib/relic/lib/librelic_s.a(relic_ep_mul.c.obj)
                              lib/relic/lib/librelic_s.a(relic_ep_curve.c.obj) (ep_mul_basic)
lib/relic/lib/librelic_s.a(relic_ep_neg.c.obj)
                              lib/relic/lib/librelic_s.a(relic_ep_add.c.obj) (ep_neg)
lib/relic/lib/librelic_s.a(relic_ep_norm.c.obj)
                              libgroth16_verifier.a(groth16_verifier.c.obj) (ep_norm)
lib/relic/lib/librelic_s.a(relic_ep_param.c.obj)
                              libgroth16_verifier.a(crypto_init.c.obj) (ep_param_set)
lib/relic/lib/librelic_s.a(relic_ep_psi.c.obj)
                              lib/relic/lib/librelic_s.a(relic_ep_curve.c.obj) (ep_psi)
lib/relic/lib/librelic_s.a(relic_ep_tpl.c.obj)
                              lib/relic/lib/librelic_s.a(relic_ep_mul.c.obj) (ep_tpl_projc)
lib/relic/lib/librelic_s.a(relic_ep_util.c.obj)
                              lib/relic/lib/librelic_s.a(relic_ep_add.c.obj) (ep_is_infty)
lib/relic/lib/librelic_s.a(relic_ep2_curve.c.obj)
                              libgroth16_verifier.a(crypto_init.c.obj) (ep2_curve_set_twist)
lib/relic/lib/librelic_s.a(relic_ep2_norm.c.obj)
                              lib/relic/lib/librelic_s.a(relic_ep2_curve.c.obj) (ep2_norm)
lib/relic/lib/librelic_s.a(relic_ep2_util.c.obj)
                              lib/relic/lib/librelic_s.a(relic_ep2_norm.c.obj) (ep2_is_infty)
lib/relic/lib/librelic_s.a(relic_pp_map.c.obj)
                              lib/relic/lib/librelic_s.a(relic_core.c.obj) (pp_map_init)
lib/relic/lib/librelic_s.a(relic_pp_map_k12.c.obj)
                              libgroth16_verifier.a(groth16_verifier.c.obj) (pp_map_sim_oatep_k12)
lib/relic/lib/librelic_s.a(relic_bn_div_low.c.obj)
                              lib/relic/lib/librelic_s.a(relic_fp_rdc.c.obj) (bn_divn_low)
lib/relic/lib/librelic_s.a(relic_bn_mul_low.c.obj)
                              lib/relic/lib/librelic_s.a(relic_bn_div_low.c.obj) (bn_mul1_low)
lib/relic/lib/librelic_s.a(relic_bn_shift_low.c.obj)
[...]
Memory Configuration

Name             Origin             Length             Attributes
FLASH            0x08000000         0x00100000         xr
SRAM             0x20000000         0x00020000         xrw
*default*        0x00000000         0xffffffff

Linker script and memory map

LOAD CMakeFiles/test_verifier_arm.dir/test/test_verifier_arm.c.obj
LOAD CMakeFiles/test_verifier_arm.dir/bare_metal/startup.c.obj
START GROUP
LOAD libgroth16_verifier.a
LOAD lib/relic/lib/librelic_s.a
LOAD /opt/homebrew/Cellar/arm-none-eabi-gcc/16.1.0/lib/gcc/arm-none-eabi/16.1.0/thumb/v7e-m/nofp/libgcc.a
END GROUP
                0x20020000                        _stack_top = (ORIGIN (SRAM) + LENGTH (SRAM))

.isr_vector     0x08000000       0x40
 *(.isr_vector)
 .isr_vector    0x08000000       0x40 CMakeFiles/test_verifier_arm.dir/bare_metal/startup.c.obj
                0x08000000                vector_table

.text           0x08000040     0xd45d
 *(.text*)
 .text.check    0x08000040       0x38 CMakeFiles/test_verifier_arm.dir/test/test_verifier_arm.c.obj
 .text.startup.main
                0x08000078      0x114 CMakeFiles/test_verifier_arm.dir/test/test_verifier_arm.c.obj
                0x08000078                main
 .text.Default_Handler
                0x0800018c        0x4 CMakeFiles/test_verifier_arm.dir/bare_metal/startup.c.obj
                0x0800018c                SysTick_Handler
 .text._start   0x08000190       0x40 CMakeFiles/test_verifier_arm.dir/bare_metal/startup.c.obj
                0x08000190                _start
 .text.put_uint
                0x080001d0       0x64 CMakeFiles/test_verifier_arm.dir/bare_metal/startup.c.obj
 .text.memset   0x08000234       0x10 CMakeFiles/test_verifier_arm.dir/bare_metal/startup.c.obj
                0x08000234                memset
 .text.memcpy   0x08000244       0x14 CMakeFiles/test_verifier_arm.dir/bare_metal/startup.c.obj
                0x08000244                memcpy
 .text.strlen   0x08000258       0x18 CMakeFiles/test_verifier_arm.dir/bare_metal/startup.c.obj
                0x08000258                strlen
 .text.strrchr  0x08000270       0x1c CMakeFiles/test_verifier_arm.dir/bare_metal/startup.c.obj
                0x08000270                strrchr
 .text.printf   0x0800028c      0x1c4 CMakeFiles/test_verifier_arm.dir/bare_metal/startup.c.obj
                0x0800028c                printf
 .text.vprintf  0x08000450      0x1ac CMakeFiles/test_verifier_arm.dir/bare_metal/startup.c.obj
                0x08000450                vprintf
 .text.fflush   0x080005fc        0x4 CMakeFiles/test_verifier_arm.dir/bare_metal/startup.c.obj
                0x080005fc                fflush
 .text.open     0x08000600        0x8 CMakeFiles/test_verifier_arm.dir/bare_metal/startup.c.obj
                0x08000600                open
 .text.read     0x08000608        0x8 CMakeFiles/test_verifier_arm.dir/bare_metal/startup.c.obj
                0x08000608                read
 .text.close    0x08000610        0x8 CMakeFiles/test_verifier_arm.dir/bare_metal/startup.c.obj
                0x08000610                close
 .text.noop_rand
                0x08000618        0x4 libgroth16_verifier.a(crypto_init.c.obj)
 .text.groth16_init
                0x0800061c       0x34 libgroth16_verifier.a(crypto_init.c.obj)
                0x0800061c                groth16_init
 .text.groth16_cleanup
                0x08000650        0x4 libgroth16_verifier.a(crypto_init.c.obj)
                0x08000650                groth16_cleanup
 .text.groth16_verify
                0x08000654      0x134 libgroth16_verifier.a(groth16_verifier.c.obj)
                0x08000654                groth16_verify
 .text.decode_g1
                0x08000788       0x3c libgroth16_verifier.a(point_decode.c.obj)
                0x08000788                decode_g1
 .text.decode_g2
                0x080007c4       0x54 libgroth16_verifier.a(point_decode.c.obj)
                0x080007c4                decode_g2
 .text.decode_fr
                0x08000818        0xc libgroth16_verifier.a(point_decode.c.obj)
                0x08000818                decode_fr
 .text.decode_gt
                0x08000824       0x4c libgroth16_verifier.a(point_decode.c.obj)
                0x08000824                decode_gt
 .text.core_init
                0x08000870       0x34 lib/relic/lib/librelic_s.a(relic_core.c.obj)
                0x08000870                core_init
 .text.core_clean
                0x080008a4       0x28 lib/relic/lib/librelic_s.a(relic_core.c.obj)
                0x080008a4                core_clean
 .text.core_get
                0x080008cc        0xc lib/relic/lib/librelic_s.a(relic_core.c.obj)
                0x080008cc                core_get
 .text.arch_init
                0x080008d8        0x4 lib/relic/lib/librelic_s.a(relic_arch_arm.c.obj)
                0x080008d8                arch_init
 .text.arch_clean
                0x080008dc        0x4 lib/relic/lib/librelic_s.a(relic_arch_arm.c.obj)
                0x080008dc                arch_clean
 .text.arch_lzcnt
                0x080008e0        0x8 lib/relic/lib/librelic_s.a(relic_arch_arm.c.obj)
                0x080008e0                arch_lzcnt
 .text.rand_init
                0x080008e8       0x1c lib/relic/lib/librelic_s.a(relic_rand_core.c.obj)
                0x080008e8                rand_init
 .text.rand_clean
                0x08000904       0x18 lib/relic/lib/librelic_s.a(relic_rand_core.c.obj)
                0x08000904                rand_clean
 .text.rand_stub
                0x0800091c       0x98 lib/relic/lib/librelic_s.a(relic_rand_call.c.obj)
 .text.rand_seed
                0x080009b4       0x38 lib/relic/lib/librelic_s.a(relic_rand_call.c.obj)
                0x080009b4                rand_seed
 .text.bn_make  0x080009ec       0x48 lib/relic/lib/librelic_s.a(relic_bn_mem.c.obj)
                0x080009ec                bn_make
 .text.bn_clean
                0x08000a34        0xc lib/relic/lib/librelic_s.a(relic_bn_mem.c.obj)
                0x08000a34                bn_clean
 .text.bn_grow  0x08000a40       0x38 lib/relic/lib/librelic_s.a(relic_bn_mem.c.obj)
                0x08000a40                bn_grow
 .text.bn_trim  0x08000a78       0x30 lib/relic/lib/librelic_s.a(relic_bn_mem.c.obj)
                0x08000a78                bn_trim
 .text.bn_copy  0x08000aa8       0x34 lib/relic/lib/librelic_s.a(relic_bn_util.c.obj)
                0x08000aa8                bn_copy
 .text.bn_abs   0x08000adc       0x34 lib/relic/lib/librelic_s.a(relic_bn_util.c.obj)
                0x08000adc                bn_abs
 .text.bn_neg   0x08000b10       0x50 lib/relic/lib/librelic_s.a(relic_bn_util.c.obj)
                0x08000b10                bn_neg
 .text.bn_sign  0x08000b60        0x4 lib/relic/lib/librelic_s.a(relic_bn_util.c.obj)
                0x08000b60                bn_sign
 .text.bn_zero  0x08000b64       0x18 lib/relic/lib/librelic_s.a(relic_bn_util.c.obj)
                0x08000b64                bn_zero
 .text.bn_is_zero
                0x08000b7c       0x1c lib/relic/lib/librelic_s.a(relic_bn_util.c.obj)
                0x08000b7c                bn_is_zero
 .text.bn_is_even
                0x08000b98       0x1c lib/relic/lib/librelic_s.a(relic_bn_util.c.obj)
                0x08000b98                bn_is_even
 .text.bn_bits  0x08000bb4       0x34 lib/relic/lib/librelic_s.a(relic_bn_util.c.obj)
                0x08000bb4                bn_bits
 .text.bn_get_bit
                0x08000be8       0x64 lib/relic/lib/librelic_s.a(relic_bn_util.c.obj)
                0x08000be8                bn_get_bit
 .text.bn_set_bit
                0x08000c4c       0x50 lib/relic/lib/librelic_s.a(relic_bn_util.c.obj)
                0x08000c4c                bn_set_bit
 .text.bn_get_dig
                0x08000c9c        0x8 lib/relic/lib/librelic_s.a(relic_bn_util.c.obj)
                0x08000c9c                bn_get_dig
 .text.bn_set_dig
                0x08000ca4       0x20 lib/relic/lib/librelic_s.a(relic_bn_util.c.obj)
                0x08000ca4                bn_set_dig
 .text.bn_set_2b
                0x08000cc4       0x7c lib/relic/lib/librelic_s.a(relic_bn_util.c.obj)
                0x08000cc4                bn_set_2b
 .text.bn_read_str
                0x08000d40       0xe0 lib/relic/lib/librelic_s.a(relic_bn_util.c.obj)
                0x08000d40                bn_read_str
 .text.bn_read_bin
                0x08000e20       0xdc lib/relic/lib/librelic_s.a(relic_bn_util.c.obj)
                0x08000e20                bn_read_bin
 .text.bn_write_bin
                0x08000efc       0xe0 lib/relic/lib/librelic_s.a(relic_bn_util.c.obj)
                0x08000efc                bn_write_bin
 .text.dv_zero  0x08000fdc       0x48 lib/relic/lib/librelic_s.a(relic_dv_util.c.obj)
                0x08000fdc                dv_zero
 .text.dv_copy  0x08001024        0x8 lib/relic/lib/librelic_s.a(relic_dv_util.c.obj)
                0x08001024                dv_copy
 .text.dv_copy_sec
                0x0800102c       0x2c lib/relic/lib/librelic_s.a(relic_dv_util.c.obj)
                0x0800102c                dv_copy_sec
 .text.dv_cmp   0x08001058       0x48 lib/relic/lib/librelic_s.a(relic_dv_util.c.obj)
                0x08001058                dv_cmp
 .text.dv_cmp_sec
                0x080010a0       0x34 lib/relic/lib/librelic_s.a(relic_dv_util.c.obj)
                0x080010a0                dv_cmp_sec
 .text.dv_rshd  0x080010d4       0x40 lib/relic/lib/librelic_s.a(relic_dv_util.c.obj)
                0x080010d4                dv_rshd
 .text.dv_lshd  0x08001114       0x44 lib/relic/lib/librelic_s.a(relic_dv_util.c.obj)
                0x08001114                dv_lshd
 .text.fp_prime_set
                0x08001158      0x334 lib/relic/lib/librelic_s.a(relic_fp_prime.c.obj)
 .text.fp_prime_init
                0x0800148c       0x70 lib/relic/lib/librelic_s.a(relic_fp_prime.c.obj)
                0x0800148c                fp_prime_init
 .text.fp_prime_clean
                0x080014fc       0x64 lib/relic/lib/librelic_s.a(relic_fp_prime.c.obj)
                0x080014fc                fp_prime_clean
 .text.fp_prime_get
                0x08001560        0xc lib/relic/lib/librelic_s.a(relic_fp_prime.c.obj)
                0x08001560                fp_prime_get
 .text.fp_prime_get_rdc
                0x0800156c        0xc lib/relic/lib/librelic_s.a(relic_fp_prime.c.obj)
                0x0800156c                fp_prime_get_rdc
 .text.fp_prime_get_par
                0x08001578       0x18 lib/relic/lib/librelic_s.a(relic_fp_prime.c.obj)
                0x08001578                fp_prime_get_par
 .text.fp_prime_get_par_sps
                0x08001590       0x28 lib/relic/lib/librelic_s.a(relic_fp_prime.c.obj)
                0x08001590                fp_prime_get_par_sps
 .text.fp_prime_get_srt
                0x080015b8        0xc lib/relic/lib/librelic_s.a(relic_fp_prime.c.obj)
                0x080015b8                fp_prime_get_srt
 .text.fp_prime_get_mod8
                0x080015c4        0xc lib/relic/lib/librelic_s.a(relic_fp_prime.c.obj)
                0x080015c4                fp_prime_get_mod8
 .text.fp_prime_get_mod18
                0x080015d0        0xc lib/relic/lib/librelic_s.a(relic_fp_prime.c.obj)
                0x080015d0                fp_prime_get_mod18
 .text.fp_prime_get_qnr
                0x080015dc        0xc lib/relic/lib/librelic_s.a(relic_fp_prime.c.obj)
                0x080015dc                fp_prime_get_qnr
 .text.fp_prime_get_2ad
                0x080015e8        0xc lib/relic/lib/librelic_s.a(relic_fp_prime.c.obj)
                0x080015e8                fp_prime_get_2ad
 .text.fp_prime_set_pairf
                0x080015f4      0x188 lib/relic/lib/librelic_s.a(relic_fp_prime.c.obj)
                0x080015f4                fp_prime_set_pairf
 .text.fp_prime_conv
                0x0800177c       0x60 lib/relic/lib/librelic_s.a(relic_fp_prime.c.obj)
                0x0800177c                fp_prime_conv
 .text.fp_prime_conv_dig
                0x080017dc       0x48 lib/relic/lib/librelic_s.a(relic_fp_prime.c.obj)
                0x080017dc                fp_prime_conv_dig
 .text.fp_prime_back
                0x08001824       0x48 lib/relic/lib/librelic_s.a(relic_fp_prime.c.obj)
                0x08001824                fp_prime_back
 .text.fp_rdc_monty_comba
                0x0800186c        0x4 lib/relic/lib/librelic_s.a(relic_fp_rdc.c.obj)
                0x0800186c                fp_rdc_monty_comba
 .text.fp_is_sqr
                0x08001870       0x20 lib/relic/lib/librelic_s.a(relic_fp_srt.c.obj)
                0x08001870                fp_is_sqr
 .text.fp_srt   0x08001890      0x1cc lib/relic/lib/librelic_s.a(relic_fp_srt.c.obj)
                0x08001890                fp_srt
 .text.fp_copy  0x08001a5c        0x8 lib/relic/lib/librelic_s.a(relic_fp_util.c.obj)
                0x08001a5c                fp_copy
 .text.fp_copy_sec
                0x08001a64        0x8 lib/relic/lib/librelic_s.a(relic_fp_util.c.obj)
                0x08001a64                fp_copy_sec
 .text.fp_zero  0x08001a6c        0x8 lib/relic/lib/librelic_s.a(relic_fp_util.c.obj)
                0x08001a6c                fp_zero
 .text.fp_is_zero
                0x08001a74       0x4c lib/relic/lib/librelic_s.a(relic_fp_util.c.obj)
                0x08001a74                fp_is_zero
 .text.fp_is_even
                0x08001ac0       0x20 lib/relic/lib/librelic_s.a(relic_fp_util.c.obj)
                0x08001ac0                fp_is_even
 .text.fp_bits  0x08001ae0       0x28 lib/relic/lib/librelic_s.a(relic_fp_util.c.obj)
                0x08001ae0                fp_bits
 .text.fp_set_dig
                0x08001b08        0x4 lib/relic/lib/librelic_s.a(relic_fp_util.c.obj)
                0x08001b08                fp_set_dig
 .text.fp_norm  0x08001b0c       0x30 lib/relic/lib/librelic_s.a(relic_fp_util.c.obj)
                0x08001b0c                fp_norm
 .text.fp_read_str
                0x08001b3c       0x64 lib/relic/lib/librelic_s.a(relic_fp_util.c.obj)
                0x08001b3c                fp_read_str
 .text.fp_read_bin
                0x08001ba0       0xc4 lib/relic/lib/librelic_s.a(relic_fp_util.c.obj)
                0x08001ba0                fp_read_bin
 .text.fp2_cmp  0x08001c64       0x28 lib/relic/lib/librelic_s.a(relic_fpx_cmp.c.obj)
                0x08001c64                fp2_cmp
 .text.fp2_cmp_dig
                0x08001c8c       0x20 lib/relic/lib/librelic_s.a(relic_fpx_cmp.c.obj)
                0x08001c8c                fp2_cmp_dig
 .text.fp6_cmp  0x08001cac       0x68 lib/relic/lib/librelic_s.a(relic_fpx_cmp.c.obj)
                0x08001cac                fp6_cmp
 .text.fp6_cmp_dig
                0x08001d14       0x38 lib/relic/lib/librelic_s.a(relic_fpx_cmp.c.obj)
                0x08001d14                fp6_cmp_dig
 .text.fp12_cmp
                0x08001d4c       0x24 lib/relic/lib/librelic_s.a(relic_fpx_cmp.c.obj)
                0x08001d4c                fp12_cmp
 .text.fp12_cmp_dig
                0x08001d70       0x20 lib/relic/lib/librelic_s.a(relic_fpx_cmp.c.obj)
                0x08001d70                fp12_cmp_dig
 .text.fp2_field_get_qnr
                0x08001d90       0x10 lib/relic/lib/librelic_s.a(relic_fpx_field.c.obj)
                0x08001d90                fp2_field_get_qnr
 .text.fp2_field_init
                0x08001da0      0x304 lib/relic/lib/librelic_s.a(relic_fpx_field.c.obj)
                0x08001da0                fp2_field_init
 .text.fp2_srt.part.0
                0x080020a4      0x284 lib/relic/lib/librelic_s.a(relic_fpx_srt.c.obj)
 .text.fp2_srt  0x08002328       0x2c lib/relic/lib/librelic_s.a(relic_fpx_srt.c.obj)
                0x08002328                fp2_srt
 .text.fp2_copy
                0x08002354       0x20 lib/relic/lib/librelic_s.a(relic_fpx_util.c.obj)
                0x08002354                fp2_copy
 .text.fp2_copy_sec
                0x08002374       0x24 lib/relic/lib/librelic_s.a(relic_fpx_util.c.obj)
                0x08002374                fp2_copy_sec
 .text.fp2_zero
                0x08002398       0x18 lib/relic/lib/librelic_s.a(relic_fpx_util.c.obj)
                0x08002398                fp2_zero
 .text.fp2_is_zero
                0x080023b0       0x1c lib/relic/lib/librelic_s.a(relic_fpx_util.c.obj)
                0x080023b0                fp2_is_zero
 .text.fp2_set_dig
                0x080023cc       0x18 lib/relic/lib/librelic_s.a(relic_fpx_util.c.obj)
                0x080023cc                fp2_set_dig
 .text.fp6_copy
                0x080023e4       0x4c lib/relic/lib/librelic_s.a(relic_fpx_util.c.obj)
                0x080023e4                fp6_copy
 .text.fp6_zero
                0x08002430       0x34 lib/relic/lib/librelic_s.a(relic_fpx_util.c.obj)
                0x08002430                fp6_zero
 .text.fp6_is_zero
                0x08002464       0x4c lib/relic/lib/librelic_s.a(relic_fpx_util.c.obj)
                0x08002464                fp6_is_zero
 .text.fp12_copy
                0x080024b0       0x20 lib/relic/lib/librelic_s.a(relic_fpx_util.c.obj)
                0x080024b0                fp12_copy
 .text.fp12_zero
                0x080024d0       0x3c lib/relic/lib/librelic_s.a(relic_fpx_util.c.obj)
                0x080024d0                fp12_zero
 .text.fp12_set_dig
                0x0800250c       0x3c lib/relic/lib/librelic_s.a(relic_fpx_util.c.obj)
                0x0800250c                fp12_set_dig
 .text.ep_add_projc
                0x08002548      0x960 lib/relic/lib/librelic_s.a(relic_ep_add.c.obj)
                0x08002548                ep_add_projc
 .text.ep_sub   0x08002ea8       0x28 lib/relic/lib/librelic_s.a(relic_ep_add.c.obj)
                0x08002ea8                ep_sub
 .text.ep_curve_set_map
                0x08002ed0      0x2a0 lib/relic/lib/librelic_s.a(relic_ep_curve.c.obj)
 .text.detect_opt
                0x08003170       0x68 lib/relic/lib/librelic_s.a(relic_ep_curve.c.obj)
 .text.ep_curve_set
                0x080031d8       0x7c lib/relic/lib/librelic_s.a(relic_ep_curve.c.obj)
 .text.ep_curve_init
                0x08003254       0x4c lib/relic/lib/librelic_s.a(relic_ep_curve.c.obj)
                0x08003254                ep_curve_init
 .text.ep_curve_clean
                0x080032a0       0x3c lib/relic/lib/librelic_s.a(relic_ep_curve.c.obj)
                0x080032a0                ep_curve_clean
 .text.ep_curve_get_a
                0x080032dc        0xc lib/relic/lib/librelic_s.a(relic_ep_curve.c.obj)
                0x080032dc                ep_curve_get_a
 .text.ep_curve_get_b
                0x080032e8        0xc lib/relic/lib/librelic_s.a(relic_ep_curve.c.obj)
                0x080032e8                ep_curve_get_b
 .text.ep_curve_get_beta
                0x080032f4        0xc lib/relic/lib/librelic_s.a(relic_ep_curve.c.obj)
                0x080032f4                ep_curve_get_beta
 .text.ep_curve_get_v1
                0x08003300        0xc lib/relic/lib/librelic_s.a(relic_ep_curve.c.obj)
                0x08003300                ep_curve_get_v1
 .text.ep_curve_get_v2
                0x0800330c       0x10 lib/relic/lib/librelic_s.a(relic_ep_curve.c.obj)
                0x0800330c                ep_curve_get_v2
 .text.ep_curve_opt_a
                0x0800331c       0x10 lib/relic/lib/librelic_s.a(relic_ep_curve.c.obj)
                0x0800331c                ep_curve_opt_a
 .text.ep_curve_opt_b
                0x0800332c       0x10 lib/relic/lib/librelic_s.a(relic_ep_curve.c.obj)
                0x0800332c                ep_curve_opt_b
 .text.ep_curve_mul_a
                0x0800333c       0x54 lib/relic/lib/librelic_s.a(relic_ep_curve.c.obj)
                0x0800333c                ep_curve_mul_a
 .text.ep_curve_mul_b
                0x08003390       0x40 lib/relic/lib/librelic_s.a(relic_ep_curve.c.obj)
                0x08003390                ep_curve_mul_b
 .text.ep_curve_is_endom
                0x080033d0       0x10 lib/relic/lib/librelic_s.a(relic_ep_curve.c.obj)
                0x080033d0                ep_curve_is_endom
 .text.ep_curve_is_pairf
                0x080033e0       0x10 lib/relic/lib/librelic_s.a(relic_ep_curve.c.obj)
                0x080033e0                ep_curve_is_pairf
 .text.ep_curve_get_ord
                0x080033f0       0x18 lib/relic/lib/librelic_s.a(relic_ep_curve.c.obj)
                0x080033f0                ep_curve_get_ord
 .text.ep_curve_set_endom
                0x08003408      0x2e8 lib/relic/lib/librelic_s.a(relic_ep_curve.c.obj)
                0x08003408                ep_curve_set_endom
 .text.ep_dbl_projc
                0x080036f0      0x3f0 lib/relic/lib/librelic_s.a(relic_ep_dbl.c.obj)
                0x080036f0                ep_dbl_projc
 .text.ep_mul_naf_imp
                0x08003ae0       0xbc lib/relic/lib/librelic_s.a(relic_ep_mul.c.obj)
 .text.ep_mul_glv_imp
                0x08003b9c      0x1a4 lib/relic/lib/librelic_s.a(relic_ep_mul.c.obj)
 .text.ep_mul_dig.part.0
                0x08003d40       0xa4 lib/relic/lib/librelic_s.a(relic_ep_mul.c.obj)
 .text.ep_mul_basic
                0x08003de4      0x108 lib/relic/lib/librelic_s.a(relic_ep_mul.c.obj)
                0x08003de4                ep_mul_basic
 .text.ep_mul_lwnaf
                0x08003eec       0x40 lib/relic/lib/librelic_s.a(relic_ep_mul.c.obj)
                0x08003eec                ep_mul_lwnaf
 .text.ep_neg   0x08003f2c       0x44 lib/relic/lib/librelic_s.a(relic_ep_neg.c.obj)
                0x08003f2c                ep_neg
 .text.ep_norm_imp
                0x08003f70       0x94 lib/relic/lib/librelic_s.a(relic_ep_norm.c.obj)
 .text.ep_norm  0x08004004       0x40 lib/relic/lib/librelic_s.a(relic_ep_norm.c.obj)
                0x08004004                ep_norm
 .text.ep_norm_sim
                0x08004044       0xf4 lib/relic/lib/librelic_s.a(relic_ep_norm.c.obj)
                0x08004044                ep_norm_sim
 .text.ep_param_get
                0x08004138        0xc lib/relic/lib/librelic_s.a(relic_ep_param.c.obj)
                0x08004138                ep_param_get
 .text.ep_param_set
                0x08004144      0x304 lib/relic/lib/librelic_s.a(relic_ep_param.c.obj)
                0x08004144                ep_param_set
 .text.ep_psi   0x08004448       0x60 lib/relic/lib/librelic_s.a(relic_ep_psi.c.obj)
                0x08004448                ep_psi
 .text.ep_tpl_projc
                0x080044a8       0x34 lib/relic/lib/librelic_s.a(relic_ep_tpl.c.obj)
                0x080044a8                ep_tpl_projc
 .text.ep_is_infty
                0x080044dc       0x14 lib/relic/lib/librelic_s.a(relic_ep_util.c.obj)
                0x080044dc                ep_is_infty
 .text.ep_set_infty
                0x080044f0       0x20 lib/relic/lib/librelic_s.a(relic_ep_util.c.obj)
                0x080044f0                ep_set_infty
 .text.ep_copy  0x08004510       0x28 lib/relic/lib/librelic_s.a(relic_ep_util.c.obj)
                0x08004510                ep_copy
 .text.ep_rhs   0x08004538       0x6c lib/relic/lib/librelic_s.a(relic_ep_util.c.obj)
                0x08004538                ep_rhs
 .text.ep_on_curve
                0x080045a4       0x44 lib/relic/lib/librelic_s.a(relic_ep_util.c.obj)
                0x080045a4                ep_on_curve
 .text.ep_tab   0x080045e8       0x70 lib/relic/lib/librelic_s.a(relic_ep_util.c.obj)
                0x080045e8                ep_tab
 .text.detect_opt
                0x08004658       0x78 lib/relic/lib/librelic_s.a(relic_ep2_curve.c.obj)
 .text.ep2_curve_init
                0x080046d0       0x24 lib/relic/lib/librelic_s.a(relic_ep2_curve.c.obj)
                0x080046d0                ep2_curve_init
 .text.ep2_curve_clean
                0x080046f4       0x2c lib/relic/lib/librelic_s.a(relic_ep2_curve.c.obj)
                0x080046f4                ep2_curve_clean
 .text.ep2_curve_opt_a
                0x08004720       0x10 lib/relic/lib/librelic_s.a(relic_ep2_curve.c.obj)
                0x08004720                ep2_curve_opt_a
 .text.ep2_curve_opt_b
                0x08004730       0x10 lib/relic/lib/librelic_s.a(relic_ep2_curve.c.obj)
                0x08004730                ep2_curve_opt_b
 .text.ep2_curve_mul_a
                0x08004740       0x9c lib/relic/lib/librelic_s.a(relic_ep2_curve.c.obj)
                0x08004740                ep2_curve_mul_a
 .text.ep2_curve_mul_b
                0x080047dc       0x8c lib/relic/lib/librelic_s.a(relic_ep2_curve.c.obj)
                0x080047dc                ep2_curve_mul_b
 .text.ep2_curve_is_twist
                0x08004868       0x10 lib/relic/lib/librelic_s.a(relic_ep2_curve.c.obj)
                0x08004868                ep2_curve_is_twist
 .text.ep2_curve_get_a
                0x08004878       0x10 lib/relic/lib/librelic_s.a(relic_ep2_curve.c.obj)
                0x08004878                ep2_curve_get_a
 .text.ep2_curve_get_b
                0x08004888       0x10 lib/relic/lib/librelic_s.a(relic_ep2_curve.c.obj)
                0x08004888                ep2_curve_get_b
 .text.ep2_curve_set_twist
                0x08004898      0x62c lib/relic/lib/librelic_s.a(relic_ep2_curve.c.obj)
                0x08004898                ep2_curve_set_twist
 .text.ep2_norm_imp
                0x08004ec4       0x9c lib/relic/lib/librelic_s.a(relic_ep2_norm.c.obj)
 .text.ep2_norm
                0x08004f60       0x40 lib/relic/lib/librelic_s.a(relic_ep2_norm.c.obj)
                0x08004f60                ep2_norm
 .text.ep2_is_infty
                0x08004fa0       0x14 lib/relic/lib/librelic_s.a(relic_ep2_util.c.obj)
                0x08004fa0                ep2_is_infty
 .text.ep2_set_infty
                0x08004fb4       0x20 lib/relic/lib/librelic_s.a(relic_ep2_util.c.obj)
                0x08004fb4                ep2_set_infty
 .text.ep2_copy
                0x08004fd4       0x2c lib/relic/lib/librelic_s.a(relic_ep2_util.c.obj)
                0x08004fd4                ep2_copy
 .text.ep2_rhs  0x08005000       0x6c lib/relic/lib/librelic_s.a(relic_ep2_util.c.obj)
                0x08005000                ep2_rhs
 .text.ep2_on_curve
                0x0800506c       0x44 lib/relic/lib/librelic_s.a(relic_ep2_util.c.obj)
                0x0800506c                ep2_on_curve
 .text.pp_map_init
                0x080050b0        0x4 lib/relic/lib/librelic_s.a(relic_pp_map.c.obj)
                0x080050b0                pp_map_init
 .text.pp_map_clean
                0x080050b4        0x4 lib/relic/lib/librelic_s.a(relic_pp_map.c.obj)
                0x080050b4                pp_map_clean
 .text.pp_mil_k12
                0x080050b8      0x25c lib/relic/lib/librelic_s.a(relic_pp_map_k12.c.obj)
 .text.pp_fin_k12_oatep
                0x08005314       0x74 lib/relic/lib/librelic_s.a(relic_pp_map_k12.c.obj)
 .text.pp_map_sim_oatep_k12
                0x08005388      0x1b4 lib/relic/lib/librelic_s.a(relic_pp_map_k12.c.obj)
                0x08005388                pp_map_sim_oatep_k12
 .text.bn_divn_low
                0x0800553c      0x254 lib/relic/lib/librelic_s.a(relic_bn_div_low.c.obj)
                0x0800553c                bn_divn_low
 .text.bn_div1_low
                0x08005790       0x48 lib/relic/lib/librelic_s.a(relic_bn_div_low.c.obj)
                0x08005790                bn_div1_low
 .text.bn_mul1_low
                0x080057d8       0x38 lib/relic/lib/librelic_s.a(relic_bn_mul_low.c.obj)
                0x080057d8                bn_mul1_low
 .text.bn_muls_low
                0x08005810       0x70 lib/relic/lib/librelic_s.a(relic_bn_mul_low.c.obj)
                0x08005810                bn_muls_low
 .text.bn_muln_low
                0x08005880       0xf0 lib/relic/lib/librelic_s.a(relic_bn_mul_low.c.obj)
                0x08005880                bn_muln_low
 .text.bn_muld_low
                0x08005970      0x25c lib/relic/lib/librelic_s.a(relic_bn_mul_low.c.obj)
                0x08005970                bn_muld_low
 .text.bn_lsh1_low
                0x08005bcc       0x2c lib/relic/lib/librelic_s.a(relic_bn_shift_low.c.obj)
                0x08005bcc                bn_lsh1_low
 .text.bn_lshb_low
                0x08005bf8       0x50 lib/relic/lib/librelic_s.a(relic_bn_shift_low.c.obj)
                0x08005bf8                bn_lshb_low
 .text.bn_rsh1_low
                0x08005c48       0x34 lib/relic/lib/librelic_s.a(relic_bn_shift_low.c.obj)
                0x08005c48                bn_rsh1_low
 .text.bn_rshb_low
                0x08005c7c       0x64 lib/relic/lib/librelic_s.a(relic_bn_shift_low.c.obj)
                0x08005c7c                bn_rshb_low
 .text.bn_rshs_low
                0x08005ce0       0x68 lib/relic/lib/librelic_s.a(relic_bn_shift_low.c.obj)
                0x08005ce0                bn_rshs_low
 .text.fp_addn_low
                0x08005d48       0x34 lib/relic/lib/librelic_s.a(relic_fp_add_low.c.obj)
                0x08005d48                fp_addn_low
 .text.fp_addm_low
                0x08005d7c       0x88 lib/relic/lib/librelic_s.a(relic_fp_add_low.c.obj)
                0x08005d7c                fp_addm_low
 .text.fp_addd_low
                0x08005e04       0x38 lib/relic/lib/librelic_s.a(relic_fp_add_low.c.obj)
                0x08005e04                fp_addd_low
 .text.fp_addc_low
                0x08005e3c       0x8c lib/relic/lib/librelic_s.a(relic_fp_add_low.c.obj)
                0x08005e3c                fp_addc_low
 .text.fp_subn_low
                0x08005ec8       0x44 lib/relic/lib/librelic_s.a(relic_fp_add_low.c.obj)
                0x08005ec8                fp_subn_low
 .text.fp_subm_low
                0x08005f0c       0x74 lib/relic/lib/librelic_s.a(relic_fp_add_low.c.obj)
                0x08005f0c                fp_subm_low
 .text.fp_subc_low
                0x08005f80       0x78 lib/relic/lib/librelic_s.a(relic_fp_add_low.c.obj)
                0x08005f80                fp_subc_low
 .text.fp_subd_low
                0x08005ff8       0x44 lib/relic/lib/librelic_s.a(relic_fp_add_low.c.obj)
                0x08005ff8                fp_subd_low
 .text.fp_negm_low
                0x0800603c       0x64 lib/relic/lib/librelic_s.a(relic_fp_add_low.c.obj)
                0x0800603c                fp_negm_low
 .text.fp_dblm_low
                0x080060a0       0x80 lib/relic/lib/librelic_s.a(relic_fp_add_low.c.obj)
                0x080060a0                fp_dblm_low
 .text.fp_hlvm_low
                0x08006120       0x70 lib/relic/lib/librelic_s.a(relic_fp_add_low.c.obj)
                0x08006120                fp_hlvm_low
 .text.fp_hlvd_low
                0x08006190       0xa8 lib/relic/lib/librelic_s.a(relic_fp_add_low.c.obj)
                0x08006190                fp_hlvd_low
 .text.fp_mul1_low
                0x08006238       0x2c lib/relic/lib/librelic_s.a(relic_fp_mul_low.c.obj)
                0x08006238                fp_mul1_low
 .text.fp_muln_low
                0x08006264       0xe4 lib/relic/lib/librelic_s.a(relic_fp_mul_low.c.obj)
                0x08006264                fp_muln_low
 .text.fp_mulm_low
                0x08006348       0x18 lib/relic/lib/librelic_s.a(relic_fp_mul_low.c.obj)
                0x08006348                fp_mulm_low
 .text.fp_rdcn_low
                0x08006360      0x178 lib/relic/lib/librelic_s.a(relic_fp_rdc_low.c.obj)
                0x08006360                fp_rdcn_low
 .text.fp_rsh1_low
                0x080064d8       0x24 lib/relic/lib/librelic_s.a(relic_fp_shift_low.c.obj)
                0x080064d8                fp_rsh1_low
 .text.util_conv_char
                0x080064fc        0xc lib/relic/lib/librelic_s.a(relic_util.c.obj)
                0x080064fc                util_conv_char
 .text.util_bits_dig
                0x08006508        0xc lib/relic/lib/librelic_s.a(relic_util.c.obj)
                0x08006508                util_bits_dig
 .text.util_printf
                0x08006514       0x28 lib/relic/lib/librelic_s.a(relic_util.c.obj)
                0x08006514                util_printf
 .text.bn_add_imp
                0x0800653c       0x88 lib/relic/lib/librelic_s.a(relic_bn_add.c.obj)
 .text.bn_sub_imp
                0x080065c4       0x6c lib/relic/lib/librelic_s.a(relic_bn_add.c.obj)
 .text.bn_add   0x08006630       0x68 lib/relic/lib/librelic_s.a(relic_bn_add.c.obj)
                0x08006630                bn_add
 .text.bn_add_dig
                0x08006698       0x80 lib/relic/lib/librelic_s.a(relic_bn_add.c.obj)
                0x08006698                bn_add_dig
 .text.bn_sub   0x08006718       0x70 lib/relic/lib/librelic_s.a(relic_bn_add.c.obj)
                0x08006718                bn_sub
 .text.bn_sub_dig
                0x08006788       0x80 lib/relic/lib/librelic_s.a(relic_bn_add.c.obj)
                0x08006788                bn_sub_dig
 .text.bn_cmp_abs
                0x08006808       0x40 lib/relic/lib/librelic_s.a(relic_bn_cmp.c.obj)
                0x08006808                bn_cmp_abs
 .text.bn_cmp_dig
                0x08006848       0x24 lib/relic/lib/librelic_s.a(relic_bn_cmp.c.obj)
                0x08006848                bn_cmp_dig
 .text.bn_cmp   0x0800686c       0x4c lib/relic/lib/librelic_s.a(relic_bn_cmp.c.obj)
                0x0800686c                bn_cmp
 .text.bn_div_imp
                0x080068b8      0x178 lib/relic/lib/librelic_s.a(relic_bn_div.c.obj)
 .text.bn_div   0x08006a30       0x54 lib/relic/lib/librelic_s.a(relic_bn_div.c.obj)
                0x08006a30                bn_div
 .text.bn_div_rem
                0x08006a84       0x58 lib/relic/lib/librelic_s.a(relic_bn_div.c.obj)
                0x08006a84                bn_div_rem
 .text.bn_div_dig
                0x08006adc       0x8c lib/relic/lib/librelic_s.a(relic_bn_div.c.obj)
                0x08006adc                bn_div_dig
 .text.bn_div_rem_dig
                0x08006b68       0xac lib/relic/lib/librelic_s.a(relic_bn_div.c.obj)
                0x08006b68                bn_div_rem_dig
 .text.bn_gcd_ext_mid
                0x08006c14      0x24c lib/relic/lib/librelic_s.a(relic_bn_gcd.c.obj)
                0x08006c14                bn_gcd_ext_mid
 .text.bn_mod_dig
                0x08006e60        0xc lib/relic/lib/librelic_s.a(relic_bn_mod.c.obj)
                0x08006e60                bn_mod_dig
 .text.bn_mod_basic
                0x08006e6c        0xc lib/relic/lib/librelic_s.a(relic_bn_mod.c.obj)
                0x08006e6c                bn_mod_basic
 .text.bn_mod_pre_monty
                0x08006e78       0x84 lib/relic/lib/librelic_s.a(relic_bn_mod.c.obj)
                0x08006e78                bn_mod_pre_monty
 .text.bn_mul_dig
                0x08006efc       0x44 lib/relic/lib/librelic_s.a(relic_bn_mul.c.obj)
                0x08006efc                bn_mul_dig
 .text.bn_mul_comba
                0x08006f40       0x78 lib/relic/lib/librelic_s.a(relic_bn_mul.c.obj)
                0x08006f40                bn_mul_comba
 .text.get_bits
                0x08006fb8       0xa8 lib/relic/lib/librelic_s.a(relic_bn_rec.c.obj)
 .text.bn_rec_slw
                0x08007060       0xc0 lib/relic/lib/librelic_s.a(relic_bn_rec.c.obj)
                0x08007060                bn_rec_slw
 .text.bn_rec_naf
                0x08007120      0x150 lib/relic/lib/librelic_s.a(relic_bn_rec.c.obj)
                0x08007120                bn_rec_naf
 .text.bn_rec_glv
                0x08007270      0x298 lib/relic/lib/librelic_s.a(relic_bn_rec.c.obj)
                0x08007270                bn_rec_glv
 .text.bn_dbl   0x08007508       0x34 lib/relic/lib/librelic_s.a(relic_bn_shift.c.obj)
                0x08007508                bn_dbl
 .text.bn_hlv   0x0800753c       0x20 lib/relic/lib/librelic_s.a(relic_bn_shift.c.obj)
                0x0800753c                bn_hlv
 .text.bn_lsh   0x0800755c       0x8c lib/relic/lib/librelic_s.a(relic_bn_shift.c.obj)
                0x0800755c                bn_lsh
 .text.bn_rsh   0x080075e8       0x7c lib/relic/lib/librelic_s.a(relic_bn_shift.c.obj)
                0x080075e8                bn_rsh
 .text.bn_sqr_comba
                0x08007664       0x38 lib/relic/lib/librelic_s.a(relic_bn_sqr.c.obj)
                0x08007664                bn_sqr_comba
 .text.bn_srt   0x0800769c      0x108 lib/relic/lib/librelic_s.a(relic_bn_srt.c.obj)
                0x0800769c                bn_srt
 .text.fp_add_integ
                0x080077a4        0x4 lib/relic/lib/librelic_s.a(relic_fp_add.c.obj)
                0x080077a4                fp_add_integ
 .text.fp_add_dig
                0x080077a8       0x38 lib/relic/lib/librelic_s.a(relic_fp_add.c.obj)
                0x080077a8                fp_add_dig
 .text.fp_sub_integ
                0x080077e0        0x4 lib/relic/lib/librelic_s.a(relic_fp_add.c.obj)
                0x080077e0                fp_sub_integ
 .text.fp_sub_dig
                0x080077e4       0x38 lib/relic/lib/librelic_s.a(relic_fp_add.c.obj)
                0x080077e4                fp_sub_dig
 .text.fp_neg_integ
                0x0800781c        0x4 lib/relic/lib/librelic_s.a(relic_fp_add.c.obj)
                0x0800781c                fp_neg_integ
 .text.fp_dbl_integ
                0x08007820        0x4 lib/relic/lib/librelic_s.a(relic_fp_add.c.obj)
                0x08007820                fp_dbl_integ
 .text.fp_cmp_dig
                0x08007824       0x38 lib/relic/lib/librelic_s.a(relic_fp_cmp.c.obj)
                0x08007824                fp_cmp_dig
 .text.fp_cmp   0x0800785c       0x34 lib/relic/lib/librelic_s.a(relic_fp_cmp.c.obj)
                0x0800785c                fp_cmp
 .text.fp_is_cub.part.0
                0x08007890       0x54 lib/relic/lib/librelic_s.a(relic_fp_crt.c.obj)
 .text.fp_is_cub
                0x080078e4       0x30 lib/relic/lib/librelic_s.a(relic_fp_crt.c.obj)
                0x080078e4                fp_is_cub
 .text.fp_hlv_integ
                0x08007914        0x4 lib/relic/lib/librelic_s.a(relic_fp_div.c.obj)
                0x08007914                fp_hlv_integ
 .text.fp_exp_slide
                0x08007918       0xe4 lib/relic/lib/librelic_s.a(relic_fp_exp.c.obj)
                0x08007918                fp_exp_slide
 .text.fp_inv_jmpds.part.0
                0x080079fc      0x670 lib/relic/lib/librelic_s.a(relic_fp_inv.c.obj)
 .text.fp_inv_jmpds
                0x0800806c       0x50 lib/relic/lib/librelic_s.a(relic_fp_inv.c.obj)
                0x0800806c                fp_inv_jmpds
 .text.fp_inv_sim
                0x080080bc       0xcc lib/relic/lib/librelic_s.a(relic_fp_inv.c.obj)
                0x080080bc                fp_inv_sim
 .text.fp_mul_dig
                0x08008188       0x20 lib/relic/lib/librelic_s.a(relic_fp_mul.c.obj)
                0x08008188                fp_mul_dig
 .text.fp_mul_integ
                0x080081a8        0x4 lib/relic/lib/librelic_s.a(relic_fp_mul.c.obj)
                0x080081a8                fp_mul_integ
 .text.fp_param_set
                0x080081ac       0x8c lib/relic/lib/librelic_s.a(relic_fp_param.c.obj)
                0x080081ac                fp_param_set
 .text.jumpdivstep
                0x08008238      0x108 lib/relic/lib/librelic_s.a(relic_fp_smb.c.obj)
 .text.fp_smb_jmpds
                0x08008340      0x22c lib/relic/lib/librelic_s.a(relic_fp_smb.c.obj)
                0x08008340                fp_smb_jmpds
 .text.fp_sqr_integ
                0x0800856c        0x4 lib/relic/lib/librelic_s.a(relic_fp_sqr.c.obj)
                0x0800856c                fp_sqr_integ
 .text.fp12_mul_unr
                0x08008570       0xbc lib/relic/lib/librelic_s.a(relic_fp12_mul.c.obj)
                0x08008570                fp12_mul_unr
 .text.fp12_mul_lazyr
                0x0800862c       0x38 lib/relic/lib/librelic_s.a(relic_fp12_mul.c.obj)
                0x0800862c                fp12_mul_lazyr
 .text.fp12_mul_dxs_lazyr
                0x08008664      0x360 lib/relic/lib/librelic_s.a(relic_fp12_mul.c.obj)
                0x08008664                fp12_mul_dxs_lazyr
 .text.fp12_sqr_unr
                0x080089c4      0x1fc lib/relic/lib/librelic_s.a(relic_fp12_sqr.c.obj)
                0x080089c4                fp12_sqr_unr
 .text.fp12_sqr_lazyr
                0x08008bc0       0x38 lib/relic/lib/librelic_s.a(relic_fp12_sqr.c.obj)
                0x08008bc0                fp12_sqr_lazyr
 .text.fp12_sqr_cyc_lazyr
                0x08008bf8      0x228 lib/relic/lib/librelic_s.a(relic_fp12_sqr.c.obj)
                0x08008bf8                fp12_sqr_cyc_lazyr
 .text.fp12_sqr_pck_lazyr
                0x08008e20      0x170 lib/relic/lib/librelic_s.a(relic_fp12_sqr.c.obj)
                0x08008e20                fp12_sqr_pck_lazyr
 .text.fp2_mul_integ
                0x08008f90        0x4 lib/relic/lib/librelic_s.a(relic_fp2_mul.c.obj)
                0x08008f90                fp2_mul_integ
 .text.fp2_mul_nor_integ
                0x08008f94        0x4 lib/relic/lib/librelic_s.a(relic_fp2_mul.c.obj)
                0x08008f94                fp2_mul_nor_integ
 .text.fp2_mul_art
                0x08008f98       0x58 lib/relic/lib/librelic_s.a(relic_fp2_mul.c.obj)
                0x08008f98                fp2_mul_art
 .text.fp2_mul_frb
                0x08008ff0       0x4c lib/relic/lib/librelic_s.a(relic_fp2_mul.c.obj)
                0x08008ff0                fp2_mul_frb
 .text.fp2_mul_dig
                0x0800903c       0x24 lib/relic/lib/librelic_s.a(relic_fp2_mul.c.obj)
                0x0800903c                fp2_mul_dig
 .text.fp2_sqr_integ
                0x08009060        0x4 lib/relic/lib/librelic_s.a(relic_fp2_sqr.c.obj)
                0x08009060                fp2_sqr_integ
 .text.fp4_mul_unr
                0x08009064       0x78 lib/relic/lib/librelic_s.a(relic_fp4_mul.c.obj)
                0x08009064                fp4_mul_unr
 .text.fp4_sqr_unr
                0x080090dc       0x60 lib/relic/lib/librelic_s.a(relic_fp4_sqr.c.obj)
                0x080090dc                fp4_sqr_unr
 .text.fp6_mul_unr
                0x0800913c      0x134 lib/relic/lib/librelic_s.a(relic_fp6_mul.c.obj)
                0x0800913c                fp6_mul_unr
 .text.fp6_mul_lazyr
                0x08009270       0x34 lib/relic/lib/librelic_s.a(relic_fp6_mul.c.obj)
                0x08009270                fp6_mul_lazyr
 .text.fp6_mul_art
                0x080092a4       0x34 lib/relic/lib/librelic_s.a(relic_fp6_mul.c.obj)
                0x080092a4                fp6_mul_art
 .text.fp2_add_integ
                0x080092d8        0x4 lib/relic/lib/librelic_s.a(relic_fpx_add.c.obj)
                0x080092d8                fp2_add_integ
 .text.fp2_sub_integ
                0x080092dc        0x4 lib/relic/lib/librelic_s.a(relic_fpx_add.c.obj)
                0x080092dc                fp2_sub_integ
 .text.fp2_dbl_integ
                0x080092e0        0x4 lib/relic/lib/librelic_s.a(relic_fpx_add.c.obj)
                0x080092e0                fp2_dbl_integ
 .text.fp2_neg  0x080092e4       0x20 lib/relic/lib/librelic_s.a(relic_fpx_add.c.obj)
                0x080092e4                fp2_neg
 .text.fp6_add  0x08009304       0x30 lib/relic/lib/librelic_s.a(relic_fpx_add.c.obj)
                0x08009304                fp6_add
 .text.fp6_sub  0x08009334       0x30 lib/relic/lib/librelic_s.a(relic_fpx_add.c.obj)
                0x08009334                fp6_sub
 .text.fp6_neg  0x08009364       0x4c lib/relic/lib/librelic_s.a(relic_fpx_add.c.obj)
                0x08009364                fp6_neg
 .text.fp12_conv_cyc
                0x080093b0       0x38 lib/relic/lib/librelic_s.a(relic_fpx_cyc.c.obj)
                0x080093b0                fp12_conv_cyc
 .text.fp12_back_cyc_sim
                0x080093e8      0x1f8 lib/relic/lib/librelic_s.a(relic_fpx_cyc.c.obj)
                0x080093e8                fp12_back_cyc_sim
 .text.fp12_exp_cyc_sps
                0x080095e0      0x198 lib/relic/lib/librelic_s.a(relic_fpx_cyc.c.obj)
                0x080095e0                fp12_exp_cyc_sps
 .text.fp2_exp  0x08009778       0x78 lib/relic/lib/librelic_s.a(relic_fpx_exp.c.obj)
                0x08009778                fp2_exp
 .text.fp2_frb  0x080097f0       0x38 lib/relic/lib/librelic_s.a(relic_fpx_frb.c.obj)
                0x080097f0                fp2_frb
 .text.fp6_frb  0x08009828       0xa8 lib/relic/lib/librelic_s.a(relic_fpx_frb.c.obj)
                0x08009828                fp6_frb
 .text.fp12_frb
                0x080098d0       0xc8 lib/relic/lib/librelic_s.a(relic_fpx_frb.c.obj)
                0x080098d0                fp12_frb
 .text.fp2_inv  0x08009998       0xb0 lib/relic/lib/librelic_s.a(relic_fpx_inv.c.obj)
                0x08009998                fp2_inv
 .text.fp2_inv_sim
                0x08009a48       0xcc lib/relic/lib/librelic_s.a(relic_fpx_inv.c.obj)
                0x08009a48                fp2_inv_sim
 .text.fp6_inv  0x08009b14       0xec lib/relic/lib/librelic_s.a(relic_fpx_inv.c.obj)
                0x08009b14                fp6_inv
 .text.fp12_inv
                0x08009c00       0x58 lib/relic/lib/librelic_s.a(relic_fpx_inv.c.obj)
                0x08009c00                fp12_inv
 .text.fp12_inv_cyc
                0x08009c58       0x20 lib/relic/lib/librelic_s.a(relic_fpx_inv.c.obj)
                0x08009c58                fp12_inv_cyc
 .text.ep_cmp   0x08009c78      0x118 lib/relic/lib/librelic_s.a(relic_ep_cmp.c.obj)
                0x08009c78                ep_cmp
 .text.ep2_add_projc_imp
                0x08009d90      0x92c lib/relic/lib/librelic_s.a(relic_ep2_add.c.obj)
 .text.ep2_add_projc
                0x0800a6bc       0x40 lib/relic/lib/librelic_s.a(relic_ep2_add.c.obj)
                0x0800a6bc                ep2_add_projc
 .text.ep2_sub  0x0800a6fc       0x28 lib/relic/lib/librelic_s.a(relic_ep2_add.c.obj)
                0x0800a6fc                ep2_sub
 .text.ep2_dbl_projc_imp
                0x0800a724      0x3b0 lib/relic/lib/librelic_s.a(relic_ep2_dbl.c.obj)
 .text.ep2_dbl_projc
                0x0800aad4       0x2c lib/relic/lib/librelic_s.a(relic_ep2_dbl.c.obj)
                0x0800aad4                ep2_dbl_projc
 .text.ep2_frb  0x0800ab00       0xac lib/relic/lib/librelic_s.a(relic_ep2_frb.c.obj)
                0x0800ab00                ep2_frb
 .text.ep2_mul_dig.part.0
                0x0800abac       0x88 lib/relic/lib/librelic_s.a(relic_ep2_mul.c.obj)
 .text.ep2_mul_basic
                0x0800ac34       0xe8 lib/relic/lib/librelic_s.a(relic_ep2_mul.c.obj)
                0x0800ac34                ep2_mul_basic
 .text.ep2_neg  0x0800ad1c       0x48 lib/relic/lib/librelic_s.a(relic_ep2_neg.c.obj)
                0x0800ad1c                ep2_neg
 .text.pp_add_k12_projc_lazyr
                0x0800ad64      0x170 lib/relic/lib/librelic_s.a(relic_pp_add_k12.c.obj)
                0x0800ad64                pp_add_k12_projc_lazyr
 .text.pp_dbl_k12_projc_lazyr
                0x0800aed4      0x2a0 lib/relic/lib/librelic_s.a(relic_pp_dbl_k12.c.obj)
                0x0800aed4                pp_dbl_k12_projc_lazyr
 .text.pp_exp_sm9
                0x0800b174      0x1d4 lib/relic/lib/librelic_s.a(relic_pp_exp_k12.c.obj)
 .text.pp_exp_bn
                0x0800b348      0x148 lib/relic/lib/librelic_s.a(relic_pp_exp_k12.c.obj)
 .text.pp_exp_b12
                0x0800b490      0x1b0 lib/relic/lib/librelic_s.a(relic_pp_exp_k12.c.obj)
 .text.pp_exp_k12
                0x0800b640       0x3c lib/relic/lib/librelic_s.a(relic_pp_exp_k12.c.obj)
                0x0800b640                pp_exp_k12
 .text.bn_add1_low
                0x0800b67c       0x50 lib/relic/lib/librelic_s.a(relic_bn_add_low.c.obj)
                0x0800b67c                bn_add1_low
 .text.bn_addn_low
                0x0800b6cc       0x44 lib/relic/lib/librelic_s.a(relic_bn_add_low.c.obj)
                0x0800b6cc                bn_addn_low
 .text.bn_sub1_low
                0x0800b710       0x50 lib/relic/lib/librelic_s.a(relic_bn_add_low.c.obj)
                0x0800b710                bn_sub1_low
 .text.bn_subn_low
                0x0800b760       0x50 lib/relic/lib/librelic_s.a(relic_bn_add_low.c.obj)
                0x0800b760                bn_subn_low
 .text.bn_negs_low
                0x0800b7b0       0x34 lib/relic/lib/librelic_s.a(relic_bn_add_low.c.obj)
                0x0800b7b0                bn_negs_low
 .text.bn_sqrn_low
                0x0800b7e4      0x1fc lib/relic/lib/librelic_s.a(relic_bn_sqr_low.c.obj)
                0x0800b7e4                bn_sqrn_low
 .text.fp_sqrn_low
                0x0800b9e0      0x1bc lib/relic/lib/librelic_s.a(relic_fp_sqr_low.c.obj)
                0x0800b9e0                fp_sqrn_low
 .text.fp_sqrm_low
                0x0800bb9c       0x18 lib/relic/lib/librelic_s.a(relic_fp_sqr_low.c.obj)
                0x0800bb9c                fp_sqrm_low
 .text.fp2_addn_low
                0x0800bbb4       0x24 lib/relic/lib/librelic_s.a(relic_fpx_add_low.c.obj)
                0x0800bbb4                fp2_addn_low
 .text.fp2_addm_low
                0x0800bbd8       0x24 lib/relic/lib/librelic_s.a(relic_fpx_add_low.c.obj)
                0x0800bbd8                fp2_addm_low
 .text.fp2_addd_low
                0x0800bbfc       0x28 lib/relic/lib/librelic_s.a(relic_fpx_add_low.c.obj)
                0x0800bbfc                fp2_addd_low
 .text.fp2_addc_low
                0x0800bc24       0x2c lib/relic/lib/librelic_s.a(relic_fpx_add_low.c.obj)
                0x0800bc24                fp2_addc_low
 .text.fp2_subm_low
                0x0800bc50       0x24 lib/relic/lib/librelic_s.a(relic_fpx_add_low.c.obj)
                0x0800bc50                fp2_subm_low
 .text.fp2_subc_low
                0x0800bc74       0x2c lib/relic/lib/librelic_s.a(relic_fpx_add_low.c.obj)
                0x0800bc74                fp2_subc_low
 .text.fp2_dblm_low
                0x0800bca0       0x20 lib/relic/lib/librelic_s.a(relic_fpx_add_low.c.obj)
                0x0800bca0                fp2_dblm_low
 .text.fp2_norm_low
                0x0800bcc0       0x8c lib/relic/lib/librelic_s.a(relic_fpx_add_low.c.obj)
                0x0800bcc0                fp2_norm_low
 .text.fp2_nord_low
                0x0800bd4c      0x108 lib/relic/lib/librelic_s.a(relic_fpx_add_low.c.obj)
                0x0800bd4c                fp2_nord_low
 .text.fp2_muln_low
                0x0800be54       0x88 lib/relic/lib/librelic_s.a(relic_fpx_mul_low.c.obj)
                0x0800be54                fp2_muln_low
 .text.fp2_mulm_low
                0x0800bedc       0x1c lib/relic/lib/librelic_s.a(relic_fpx_mul_low.c.obj)
                0x0800bedc                fp2_mulm_low
 .text.fp2_rdcn_low
                0x0800bef8       0x20 lib/relic/lib/librelic_s.a(relic_fpx_rdc_low.c.obj)
                0x0800bef8                fp2_rdcn_low
 .text.fp2_sqrn_low
                0x0800bf18       0xdc lib/relic/lib/librelic_s.a(relic_fpx_sqr_low.c.obj)
                0x0800bf18                fp2_sqrn_low
 .text.fp2_sqrm_low
                0x0800bff4       0x1c lib/relic/lib/librelic_s.a(relic_fpx_sqr_low.c.obj)
                0x0800bff4                fp2_sqrm_low
 .text.fp6_sqr_unr
                0x0800c010       0xfc lib/relic/lib/librelic_s.a(relic_fp6_sqr.c.obj)
                0x0800c010                fp6_sqr_unr
 .text.fp6_sqr_lazyr
                0x0800c10c       0x34 lib/relic/lib/librelic_s.a(relic_fp6_sqr.c.obj)
                0x0800c10c                fp6_sqr_lazyr
 .text          0x0800c140       0x30 /opt/homebrew/Cellar/arm-none-eabi-gcc/16.1.0/lib/gcc/arm-none-eabi/16.1.0/thumb/v7e-m/nofp/libgcc.a(_aeabi_uldivmod.o)
                0x0800c140                __aeabi_uldivmod
 .text          0x0800c170      0x328 /opt/homebrew/Cellar/arm-none-eabi-gcc/16.1.0/lib/gcc/arm-none-eabi/16.1.0/thumb/v7e-m/nofp/libgcc.a(_udivmoddi4.o)
                0x0800c170                __udivmoddi4
 .text          0x0800c498        0x4 /opt/homebrew/Cellar/arm-none-eabi-gcc/16.1.0/lib/gcc/arm-none-eabi/16.1.0/thumb/v7e-m/nofp/libgcc.a(_dvmd_tls.o)
                0x0800c498                __aeabi_ldiv0
                0x0800c498                __aeabi_idiv0
 *(.rodata*)
 .rodata.check.str1.4
                0x0800c49c      0xb9d CMakeFiles/test_verifier_arm.dir/test/test_verifier_arm.c.obj
                                 0x13 (size before relaxing)
 .rodata.main.str1.4
                0x0800d039        0x0 CMakeFiles/test_verifier_arm.dir/test/test_verifier_arm.c.obj
                                 0xd4 (size before relaxing)
 *fill*         0x0800d039        0x3 
 .rodata.TEST_PUBLIC_INPUT
                0x0800d03c       0x20 CMakeFiles/test_verifier_arm.dir/test/test_verifier_arm.c.obj
 .rodata.TEST_PROOF
                0x0800d05c      0x100 CMakeFiles/test_verifier_arm.dir/test/test_verifier_arm.c.obj
 .rodata.printf.str1.4
                0x0800d15c        0x0 CMakeFiles/test_verifier_arm.dir/bare_metal/startup.c.obj
                                 0x11 (size before relaxing)
 .rodata.VK_NEG_DELTA_G2
                0x0800d15c       0x80 libgroth16_verifier.a(groth16_verifier.c.obj)
 .rodata.VK_NEG_GAMMA_G2
                0x0800d1dc       0x80 libgroth16_verifier.a(groth16_verifier.c.obj)
 .rodata.VK_ALPHA_BETA_GT
                0x0800d25c      0x180 libgroth16_verifier.a(groth16_verifier.c.obj)
 .rodata.VK_IC1_G1
                0x0800d3dc       0x40 libgroth16_verifier.a(groth16_verifier.c.obj)
 .rodata.VK_IC0_G1
                0x0800d41c       0x40 libgroth16_verifier.a(groth16_verifier.c.obj)
 .rodata.rand_stub.str1.4
                0x0800d45c        0x0 lib/relic/lib/librelic_s.a(relic_rand_call.c.obj)
                                 0x97 (size before relaxing)
 .rodata.bn_make.str1.4
                0x0800d45c        0x0 lib/relic/lib/librelic_s.a(relic_bn_mem.c.obj)
                                 0x83 (size before relaxing)
 .rodata.bn_set_2b.str1.4
                0x0800d45c        0x0 lib/relic/lib/librelic_s.a(relic_bn_util.c.obj)
                                 0x83 (size before relaxing)
 .rodata.dv_zero.str1.4
                0x0800d45c        0x0 lib/relic/lib/librelic_s.a(relic_dv_util.c.obj)
                                 0x83 (size before relaxing)
 .rodata.fp_prime_set.str1.4
                0x0800d45c        0x0 lib/relic/lib/librelic_s.a(relic_fp_prime.c.obj)
                                 0x83 (size before relaxing)
 .rodata.fp_read_bin.str1.4
                0x0800d45c        0x0 lib/relic/lib/librelic_s.a(relic_fp_util.c.obj)
                                 0x83 (size before relaxing)
 .rodata.fp2_srt.part.0.str1.4
                0x0800d45c        0x0 lib/relic/lib/librelic_s.a(relic_fpx_srt.c.obj)
                                 0x83 (size before relaxing)
 .rodata.ep_curve_set_map.str1.4
                0x0800d45c        0x0 lib/relic/lib/librelic_s.a(relic_ep_curve.c.obj)
                                 0x83 (size before relaxing)
 .rodata.ep_param_set.str1.4
                0x0800d45c        0x0 lib/relic/lib/librelic_s.a(relic_ep_param.c.obj)
                                0x15f (size before relaxing)
 .rodata.ep2_curve_set_twist.str1.4
                0x0800d45c        0x0 lib/relic/lib/librelic_s.a(relic_ep2_curve.c.obj)
                                0x48f (size before relaxing)
 .rodata.conv_table.0
                0x0800d45c       0x41 lib/relic/lib/librelic_s.a(relic_util.c.obj)
 .rodata.bn_div.str1.4
                0x0800d49d        0x0 lib/relic/lib/librelic_s.a(relic_bn_div.c.obj)
                                 0x83 (size before relaxing)
 .rodata.bn_mod_pre_barrt.str1.4
                0x0800d49d        0x0 lib/relic/lib/librelic_s.a(relic_bn_mod.c.obj)
                                 0x83 (size before relaxing)
 .rodata.bn_rec_win.str1.4
                0x0800d49d        0x0 lib/relic/lib/librelic_s.a(relic_bn_rec.c.obj)
                                 0x83 (size before relaxing)
 .rodata.bn_srt.str1.4
                0x0800d49d        0x0 lib/relic/lib/librelic_s.a(relic_bn_srt.c.obj)
                                 0x83 (size before relaxing)
 .rodata.fp_inv_basic.str1.4
                0x0800d49d        0x0 lib/relic/lib/librelic_s.a(relic_fp_inv.c.obj)
                                 0x83 (size before relaxing)
 .rodata.fp_param_set.str1.4
                0x0800d49d        0x0 lib/relic/lib/librelic_s.a(relic_fp_param.c.obj)
                                 0x11 (size before relaxing)

.glue_7         0x0800d4a0        0x0
 .glue_7        0x0800d4a0        0x0 linker stubs

.glue_7t        0x0800d4a0        0x0
 .glue_7t       0x0800d4a0        0x0 linker stubs

.vfp11_veneer   0x0800d4a0        0x0
 .vfp11_veneer  0x0800d4a0        0x0 linker stubs

.v4_bx          0x0800d4a0        0x0
 .v4_bx         0x0800d4a0        0x0 linker stubs

.iplt           0x0800d4a0        0x0
 .iplt          0x0800d4a0        0x0 CMakeFiles/test_verifier_arm.dir/test/test_verifier_arm.c.obj

.rel.dyn        0x0800d4a0        0x0
 .rel.iplt      0x0800d4a0        0x0 CMakeFiles/test_verifier_arm.dir/test/test_verifier_arm.c.obj

.ARM.exidx      0x0800d4a0        0x8
 .ARM.exidx     0x0800d4a0        0x8 /opt/homebrew/Cellar/arm-none-eabi-gcc/16.1.0/lib/gcc/arm-none-eabi/16.1.0/thumb/v7e-m/nofp/libgcc.a(_udivmoddi4.o)

.data           0x20000000        0x8 load address 0x0800d4a8
 *(.data*)
 .data.stdout   0x20000000        0x4 CMakeFiles/test_verifier_arm.dir/bare_metal/startup.c.obj
                0x20000000                stdout
 .data._stdout_f
                0x20000004        0x4 CMakeFiles/test_verifier_arm.dir/bare_metal/startup.c.obj

.igot.plt       0x20000008        0x0 load address 0x0800d4b0
 .igot.plt      0x20000008        0x0 CMakeFiles/test_verifier_arm.dir/test/test_verifier_arm.c.obj

.bss            0x20000008     0x3188 load address 0x0800d4b0
                0x20000008                        __bss_start = .
 *(.bss*)
 .bss.failures  0x20000008        0x4 CMakeFiles/test_verifier_arm.dir/test/test_verifier_arm.c.obj
 .bss.core_ctx  0x2000000c        0x4 lib/relic/lib/librelic_s.a(relic_core.c.obj)
 .bss.first_ctx
                0x20000010     0x3180 lib/relic/lib/librelic_s.a(relic_core.c.obj)
 *(COMMON)
                0x20003190                        __bss_end = .
                0x20003190                        _end = .
OUTPUT(test_verifier_arm elf32-littlearm)
LOAD linker stubs

.comment        0x00000000       0x12
 .comment       0x00000000       0x12 CMakeFiles/test_verifier_arm.dir/test/test_verifier_arm.c.obj
                                 0x13 (size before relaxing)
 .comment       0x00000012        0x0 CMakeFiles/test_verifier_arm.dir/bare_metal/startup.c.obj
                                 0x13 (size before relaxing)
 .comment       0x00000012        0x0 libgroth16_verifier.a(crypto_init.c.obj)
                                 0x13 (size before relaxing)
 .comment       0x00000012        0x0 libgroth16_verifier.a(groth16_verifier.c.obj)
                                 0x13 (size before relaxing)
 .comment       0x00000012        0x0 libgroth16_verifier.a(point_decode.c.obj)
                                 0x13 (size before relaxing)
 .comment       0x00000012        0x0 lib/relic/lib/librelic_s.a(relic_core.c.obj)
                                 0x13 (size before relaxing)
 .comment       0x00000012        0x0 lib/relic/lib/librelic_s.a(relic_arch_arm.c.obj)
                                 0x13 (size before relaxing)
 .comment       0x00000012        0x0 lib/relic/lib/librelic_s.a(relic_rand_core.c.obj)
                                 0x13 (size before relaxing)
 .comment       0x00000012        0x0 lib/relic/lib/librelic_s.a(relic_rand_call.c.obj)
                                 0x13 (size before relaxing)
 .comment       0x00000012        0x0 lib/relic/lib/librelic_s.a(relic_bn_mem.c.obj)
                                 0x13 (size before relaxing)
 .comment       0x00000012        0x0 lib/relic/lib/librelic_s.a(relic_bn_util.c.obj)
                                 0x13 (size before relaxing)
 .comment       0x00000012        0x0 lib/relic/lib/librelic_s.a(relic_dv_util.c.obj)
                                 0x13 (size before relaxing)
 .comment       0x00000012        0x0 lib/relic/lib/librelic_s.a(relic_fp_prime.c.obj)
                                 0x13 (size before relaxing)
 .comment       0x00000012        0x0 lib/relic/lib/librelic_s.a(relic_fp_rdc.c.obj)
                                 0x13 (size before relaxing)
 .comment       0x00000012        0x0 lib/relic/lib/librelic_s.a(relic_fp_srt.c.obj)
                                 0x13 (size before relaxing)
 .comment       0x00000012        0x0 lib/relic/lib/librelic_s.a(relic_fp_util.c.obj)
                                 0x13 (size before relaxing)
 .comment       0x00000012        0x0 lib/relic/lib/librelic_s.a(relic_fpx_cmp.c.obj)
                                 0x13 (size before relaxing)
 .comment       0x00000012        0x0 lib/relic/lib/librelic_s.a(relic_fpx_field.c.obj)
                                 0x13 (size before relaxing)
 .comment       0x00000012        0x0 lib/relic/lib/librelic_s.a(relic_fpx_srt.c.obj)
                                 0x13 (size before relaxing)
 .comment       0x00000012        0x0 lib/relic/lib/librelic_s.a(relic_fpx_util.c.obj)
                                 0x13 (size before relaxing)
 .comment       0x00000012        0x0 lib/relic/lib/librelic_s.a(relic_ep_add.c.obj)
                                 0x13 (size before relaxing)
 .comment       0x00000012        0x0 lib/relic/lib/librelic_s.a(relic_ep_curve.c.obj)
                                 0x13 (size before relaxing)
 .comment       0x00000012        0x0 lib/relic/lib/librelic_s.a(relic_ep_dbl.c.obj)
                                 0x13 (size before relaxing)
 .comment       0x00000012        0x0 lib/relic/lib/librelic_s.a(relic_ep_mul.c.obj)
                                 0x13 (size before relaxing)
 .comment       0x00000012        0x0 lib/relic/lib/librelic_s.a(relic_ep_neg.c.obj)
                                 0x13 (size before relaxing)
 .comment       0x00000012        0x0 lib/relic/lib/librelic_s.a(relic_ep_norm.c.obj)
                                 0x13 (size before relaxing)
 .comment       0x00000012        0x0 lib/relic/lib/librelic_s.a(relic_ep_param.c.obj)
                                 0x13 (size before relaxing)
 .comment       0x00000012        0x0 lib/relic/lib/librelic_s.a(relic_ep_psi.c.obj)
                                 0x13 (size before relaxing)
 .comment       0x00000012        0x0 lib/relic/lib/librelic_s.a(relic_ep_tpl.c.obj)
                                 0x13 (size before relaxing)
 .comment       0x00000012        0x0 lib/relic/lib/librelic_s.a(relic_ep_util.c.obj)
                                 0x13 (size before relaxing)
 .comment       0x00000012        0x0 lib/relic/lib/librelic_s.a(relic_ep2_curve.c.obj)
                                 0x13 (size before relaxing)
 .comment       0x00000012        0x0 lib/relic/lib/librelic_s.a(relic_ep2_norm.c.obj)
                                 0x13 (size before relaxing)
 .comment       0x00000012        0x0 lib/relic/lib/librelic_s.a(relic_ep2_util.c.obj)
                                 0x13 (size before relaxing)
 .comment       0x00000012        0x0 lib/relic/lib/librelic_s.a(relic_pp_map.c.obj)
                                 0x13 (size before relaxing)
 .comment       0x00000012        0x0 lib/relic/lib/librelic_s.a(relic_pp_map_k12.c.obj)
                                 0x13 (size before relaxing)
 .comment       0x00000012        0x0 lib/relic/lib/librelic_s.a(relic_bn_div_low.c.obj)
                                 0x13 (size before relaxing)
 .comment       0x00000012        0x0 lib/relic/lib/librelic_s.a(relic_bn_mul_low.c.obj)
                                 0x13 (size before relaxing)
 .comment       0x00000012        0x0 lib/relic/lib/librelic_s.a(relic_bn_shift_low.c.obj)
                                 0x13 (size before relaxing)
 .comment       0x00000012        0x0 lib/relic/lib/librelic_s.a(relic_fp_add_low.c.obj)
                                 0x13 (size before relaxing)
 .comment       0x00000012        0x0 lib/relic/lib/librelic_s.a(relic_fp_mul_low.c.obj)
                                 0x13 (size before relaxing)
 .comment       0x00000012        0x0 lib/relic/lib/librelic_s.a(relic_fp_rdc_low.c.obj)
                                 0x13 (size before relaxing)
 .comment       0x00000012        0x0 lib/relic/lib/librelic_s.a(relic_fp_shift_low.c.obj)
                                 0x13 (size before relaxing)
 .comment       0x00000012        0x0 lib/relic/lib/librelic_s.a(relic_util.c.obj)
                                 0x13 (size before relaxing)
 .comment       0x00000012        0x0 lib/relic/lib/librelic_s.a(relic_bn_add.c.obj)
                                 0x13 (size before relaxing)
 .comment       0x00000012        0x0 lib/relic/lib/librelic_s.a(relic_bn_cmp.c.obj)
                                 0x13 (size before relaxing)
 .comment       0x00000012        0x0 lib/relic/lib/librelic_s.a(relic_bn_div.c.obj)
                                 0x13 (size before relaxing)
 .comment       0x00000012        0x0 lib/relic/lib/librelic_s.a(relic_bn_gcd.c.obj)
                                 0x13 (size before relaxing)
 .comment       0x00000012        0x0 lib/relic/lib/librelic_s.a(relic_bn_mod.c.obj)
                                 0x13 (size before relaxing)
 .comment       0x00000012        0x0 lib/relic/lib/librelic_s.a(relic_bn_mul.c.obj)
                                 0x13 (size before relaxing)
 .comment       0x00000012        0x0 lib/relic/lib/librelic_s.a(relic_bn_rec.c.obj)
                                 0x13 (size before relaxing)
 .comment       0x00000012        0x0 lib/relic/lib/librelic_s.a(relic_bn_shift.c.obj)
                                 0x13 (size before relaxing)
 .comment       0x00000012        0x0 lib/relic/lib/librelic_s.a(relic_bn_sqr.c.obj)
                                 0x13 (size before relaxing)
 .comment       0x00000012        0x0 lib/relic/lib/librelic_s.a(relic_bn_srt.c.obj)
                                 0x13 (size before relaxing)
 .comment       0x00000012        0x0 lib/relic/lib/librelic_s.a(relic_fp_add.c.obj)
                                 0x13 (size before relaxing)
 .comment       0x00000012        0x0 lib/relic/lib/librelic_s.a(relic_fp_cmp.c.obj)
                                 0x13 (size before relaxing)
 .comment       0x00000012        0x0 lib/relic/lib/librelic_s.a(relic_fp_crt.c.obj)
                                 0x13 (size before relaxing)
 .comment       0x00000012        0x0 lib/relic/lib/librelic_s.a(relic_fp_div.c.obj)
                                 0x13 (size before relaxing)
 .comment       0x00000012        0x0 lib/relic/lib/librelic_s.a(relic_fp_exp.c.obj)
                                 0x13 (size before relaxing)
 .comment       0x00000012        0x0 lib/relic/lib/librelic_s.a(relic_fp_inv.c.obj)
                                 0x13 (size before relaxing)
 .comment       0x00000012        0x0 lib/relic/lib/librelic_s.a(relic_fp_mul.c.obj)
                                 0x13 (size before relaxing)
 .comment       0x00000012        0x0 lib/relic/lib/librelic_s.a(relic_fp_param.c.obj)
                                 0x13 (size before relaxing)
 .comment       0x00000012        0x0 lib/relic/lib/librelic_s.a(relic_fp_smb.c.obj)
                                 0x13 (size before relaxing)
 .comment       0x00000012        0x0 lib/relic/lib/librelic_s.a(relic_fp_sqr.c.obj)
                                 0x13 (size before relaxing)
 .comment       0x00000012        0x0 lib/relic/lib/librelic_s.a(relic_fp12_mul.c.obj)
                                 0x13 (size before relaxing)
 .comment       0x00000012        0x0 lib/relic/lib/librelic_s.a(relic_fp12_sqr.c.obj)
                                 0x13 (size before relaxing)
 .comment       0x00000012        0x0 lib/relic/lib/librelic_s.a(relic_fp2_mul.c.obj)
                                 0x13 (size before relaxing)
 .comment       0x00000012        0x0 lib/relic/lib/librelic_s.a(relic_fp2_sqr.c.obj)
                                 0x13 (size before relaxing)
 .comment       0x00000012        0x0 lib/relic/lib/librelic_s.a(relic_fp4_mul.c.obj)
                                 0x13 (size before relaxing)
 .comment       0x00000012        0x0 lib/relic/lib/librelic_s.a(relic_fp4_sqr.c.obj)
                                 0x13 (size before relaxing)
 .comment       0x00000012        0x0 lib/relic/lib/librelic_s.a(relic_fp6_mul.c.obj)
                                 0x13 (size before relaxing)
 .comment       0x00000012        0x0 lib/relic/lib/librelic_s.a(relic_fpx_add.c.obj)
                                 0x13 (size before relaxing)
 .comment       0x00000012        0x0 lib/relic/lib/librelic_s.a(relic_fpx_cyc.c.obj)
                                 0x13 (size before relaxing)
 .comment       0x00000012        0x0 lib/relic/lib/librelic_s.a(relic_fpx_exp.c.obj)
                                 0x13 (size before relaxing)
 .comment       0x00000012        0x0 lib/relic/lib/librelic_s.a(relic_fpx_frb.c.obj)
                                 0x13 (size before relaxing)
 .comment       0x00000012        0x0 lib/relic/lib/librelic_s.a(relic_fpx_inv.c.obj)
                                 0x13 (size before relaxing)
 .comment       0x00000012        0x0 lib/relic/lib/librelic_s.a(relic_ep_cmp.c.obj)
                                 0x13 (size before relaxing)
 .comment       0x00000012        0x0 lib/relic/lib/librelic_s.a(relic_ep2_add.c.obj)
                                 0x13 (size before relaxing)
 .comment       0x00000012        0x0 lib/relic/lib/librelic_s.a(relic_ep2_dbl.c.obj)
                                 0x13 (size before relaxing)
 .comment       0x00000012        0x0 lib/relic/lib/librelic_s.a(relic_ep2_frb.c.obj)
                                 0x13 (size before relaxing)
 .comment       0x00000012        0x0 lib/relic/lib/librelic_s.a(relic_ep2_mul.c.obj)
                                 0x13 (size before relaxing)
 .comment       0x00000012        0x0 lib/relic/lib/librelic_s.a(relic_ep2_neg.c.obj)
                                 0x13 (size before relaxing)
 .comment       0x00000012        0x0 lib/relic/lib/librelic_s.a(relic_pp_add_k12.c.obj)
                                 0x13 (size before relaxing)
 .comment       0x00000012        0x0 lib/relic/lib/librelic_s.a(relic_pp_dbl_k12.c.obj)
                                 0x13 (size before relaxing)
 .comment       0x00000012        0x0 lib/relic/lib/librelic_s.a(relic_pp_exp_k12.c.obj)
                                 0x13 (size before relaxing)
 .comment       0x00000012        0x0 lib/relic/lib/librelic_s.a(relic_bn_add_low.c.obj)
                                 0x13 (size before relaxing)
 .comment       0x00000012        0x0 lib/relic/lib/librelic_s.a(relic_bn_sqr_low.c.obj)
                                 0x13 (size before relaxing)
 .comment       0x00000012        0x0 lib/relic/lib/librelic_s.a(relic_fp_sqr_low.c.obj)
                                 0x13 (size before relaxing)
 .comment       0x00000012        0x0 lib/relic/lib/librelic_s.a(relic_fpx_add_low.c.obj)
                                 0x13 (size before relaxing)
 .comment       0x00000012        0x0 lib/relic/lib/librelic_s.a(relic_fpx_mul_low.c.obj)
                                 0x13 (size before relaxing)
 .comment       0x00000012        0x0 lib/relic/lib/librelic_s.a(relic_fpx_rdc_low.c.obj)
                                 0x13 (size before relaxing)
 .comment       0x00000012        0x0 lib/relic/lib/librelic_s.a(relic_fpx_sqr_low.c.obj)
                                 0x13 (size before relaxing)
 .comment       0x00000012        0x0 lib/relic/lib/librelic_s.a(relic_fp6_sqr.c.obj)
                                 0x13 (size before relaxing)
 .comment       0x00000012        0x0 /opt/homebrew/Cellar/arm-none-eabi-gcc/16.1.0/lib/gcc/arm-none-eabi/16.1.0/thumb/v7e-m/nofp/libgcc.a(_udivmoddi4.o)
                                 0x13 (size before relaxing)

.ARM.attributes
                0x00000000       0x2e
 .ARM.attributes
                0x00000000       0x2e CMakeFiles/test_verifier_arm.dir/test/test_verifier_arm.c.obj
 .ARM.attributes
                0x0000002e       0x2e CMakeFiles/test_verifier_arm.dir/bare_metal/startup.c.obj
 .ARM.attributes
                0x0000005c       0x2e libgroth16_verifier.a(crypto_init.c.obj)
 .ARM.attributes
                0x0000008a       0x2e libgroth16_verifier.a(groth16_verifier.c.obj)
 .ARM.attributes
                0x000000b8       0x2e libgroth16_verifier.a(point_decode.c.obj)
 .ARM.attributes
                0x000000e6       0x2e lib/relic/lib/librelic_s.a(relic_core.c.obj)
 .ARM.attributes
                0x00000114       0x2e lib/relic/lib/librelic_s.a(relic_arch_arm.c.obj)
 .ARM.attributes
                0x00000142       0x2e lib/relic/lib/librelic_s.a(relic_rand_core.c.obj)
 .ARM.attributes
                0x00000170       0x2e lib/relic/lib/librelic_s.a(relic_rand_call.c.obj)
 .ARM.attributes
                0x0000019e       0x2e lib/relic/lib/librelic_s.a(relic_bn_mem.c.obj)
 .ARM.attributes
                0x000001cc       0x2e lib/relic/lib/librelic_s.a(relic_bn_util.c.obj)
 .ARM.attributes
                0x000001fa       0x2e lib/relic/lib/librelic_s.a(relic_dv_util.c.obj)
 .ARM.attributes
                0x00000228       0x2e lib/relic/lib/librelic_s.a(relic_fp_prime.c.obj)
 .ARM.attributes
                0x00000256       0x2e lib/relic/lib/librelic_s.a(relic_fp_rdc.c.obj)
 .ARM.attributes
                0x00000284       0x2e lib/relic/lib/librelic_s.a(relic_fp_srt.c.obj)
 .ARM.attributes
                0x000002b2       0x2e lib/relic/lib/librelic_s.a(relic_fp_util.c.obj)
 .ARM.attributes
                0x000002e0       0x2e lib/relic/lib/librelic_s.a(relic_fpx_cmp.c.obj)
 .ARM.attributes
                0x0000030e       0x2e lib/relic/lib/librelic_s.a(relic_fpx_field.c.obj)
 .ARM.attributes
                0x0000033c       0x2e lib/relic/lib/librelic_s.a(relic_fpx_srt.c.obj)
 .ARM.attributes
                0x0000036a       0x2e lib/relic/lib/librelic_s.a(relic_fpx_util.c.obj)
 .ARM.attributes
                0x00000398       0x2e lib/relic/lib/librelic_s.a(relic_ep_add.c.obj)
 .ARM.attributes
                0x000003c6       0x2e lib/relic/lib/librelic_s.a(relic_ep_curve.c.obj)
 .ARM.attributes
                0x000003f4       0x2e lib/relic/lib/librelic_s.a(relic_ep_dbl.c.obj)
 .ARM.attributes
                0x00000422       0x2e lib/relic/lib/librelic_s.a(relic_ep_mul.c.obj)
 .ARM.attributes
                0x00000450       0x2e lib/relic/lib/librelic_s.a(relic_ep_neg.c.obj)
 .ARM.attributes
                0x0000047e       0x2e lib/relic/lib/librelic_s.a(relic_ep_norm.c.obj)
 .ARM.attributes
                0x000004ac       0x2e lib/relic/lib/librelic_s.a(relic_ep_param.c.obj)
 .ARM.attributes
                0x000004da       0x2e lib/relic/lib/librelic_s.a(relic_ep_psi.c.obj)
 .ARM.attributes
                0x00000508       0x2e lib/relic/lib/librelic_s.a(relic_ep_tpl.c.obj)
 .ARM.attributes
                0x00000536       0x2e lib/relic/lib/librelic_s.a(relic_ep_util.c.obj)
 .ARM.attributes
                0x00000564       0x2e lib/relic/lib/librelic_s.a(relic_ep2_curve.c.obj)
 .ARM.attributes
                0x00000592       0x2e lib/relic/lib/librelic_s.a(relic_ep2_norm.c.obj)
 .ARM.attributes
                0x000005c0       0x2e lib/relic/lib/librelic_s.a(relic_ep2_util.c.obj)
 .ARM.attributes
                0x000005ee       0x2e lib/relic/lib/librelic_s.a(relic_pp_map.c.obj)
 .ARM.attributes
                0x0000061c       0x2e lib/relic/lib/librelic_s.a(relic_pp_map_k12.c.obj)
 .ARM.attributes
                0x0000064a       0x2e lib/relic/lib/librelic_s.a(relic_bn_div_low.c.obj)
 .ARM.attributes
                0x00000678       0x2e lib/relic/lib/librelic_s.a(relic_bn_mul_low.c.obj)
 .ARM.attributes
                0x000006a6       0x2e lib/relic/lib/librelic_s.a(relic_bn_shift_low.c.obj)
 .ARM.attributes
                0x000006d4       0x2e lib/relic/lib/librelic_s.a(relic_fp_add_low.c.obj)
 .ARM.attributes
                0x00000702       0x2e lib/relic/lib/librelic_s.a(relic_fp_mul_low.c.obj)
 .ARM.attributes
                0x00000730       0x2e lib/relic/lib/librelic_s.a(relic_fp_rdc_low.c.obj)
 .ARM.attributes
                0x0000075e       0x2e lib/relic/lib/librelic_s.a(relic_fp_shift_low.c.obj)
 .ARM.attributes
                0x0000078c       0x2e lib/relic/lib/librelic_s.a(relic_util.c.obj)
 .ARM.attributes
                0x000007ba       0x2e lib/relic/lib/librelic_s.a(relic_bn_add.c.obj)
 .ARM.attributes
                0x000007e8       0x2e lib/relic/lib/librelic_s.a(relic_bn_cmp.c.obj)
 .ARM.attributes
                0x00000816       0x2e lib/relic/lib/librelic_s.a(relic_bn_div.c.obj)
 .ARM.attributes
                0x00000844       0x2e lib/relic/lib/librelic_s.a(relic_bn_gcd.c.obj)
 .ARM.attributes
                0x00000872       0x2e lib/relic/lib/librelic_s.a(relic_bn_mod.c.obj)
 .ARM.attributes
                0x000008a0       0x2e lib/relic/lib/librelic_s.a(relic_bn_mul.c.obj)
 .ARM.attributes
                0x000008ce       0x2e lib/relic/lib/librelic_s.a(relic_bn_rec.c.obj)
 .ARM.attributes
                0x000008fc       0x2e lib/relic/lib/librelic_s.a(relic_bn_shift.c.obj)
 .ARM.attributes
                0x0000092a       0x2e lib/relic/lib/librelic_s.a(relic_bn_sqr.c.obj)
 .ARM.attributes
                0x00000958       0x2e lib/relic/lib/librelic_s.a(relic_bn_srt.c.obj)
 .ARM.attributes
                0x00000986       0x2e lib/relic/lib/librelic_s.a(relic_fp_add.c.obj)
 .ARM.attributes
                0x000009b4       0x2e lib/relic/lib/librelic_s.a(relic_fp_cmp.c.obj)
 .ARM.attributes
                0x000009e2       0x2e lib/relic/lib/librelic_s.a(relic_fp_crt.c.obj)
 .ARM.attributes
                0x00000a10       0x2e lib/relic/lib/librelic_s.a(relic_fp_div.c.obj)
 .ARM.attributes
                0x00000a3e       0x2e lib/relic/lib/librelic_s.a(relic_fp_exp.c.obj)
 .ARM.attributes
                0x00000a6c       0x2e lib/relic/lib/librelic_s.a(relic_fp_inv.c.obj)
 .ARM.attributes
                0x00000a9a       0x2e lib/relic/lib/librelic_s.a(relic_fp_mul.c.obj)
 .ARM.attributes
                0x00000ac8       0x2e lib/relic/lib/librelic_s.a(relic_fp_param.c.obj)
 .ARM.attributes
                0x00000af6       0x2e lib/relic/lib/librelic_s.a(relic_fp_smb.c.obj)
 .ARM.attributes
                0x00000b24       0x2e lib/relic/lib/librelic_s.a(relic_fp_sqr.c.obj)
 .ARM.attributes
                0x00000b52       0x2e lib/relic/lib/librelic_s.a(relic_fp12_mul.c.obj)
 .ARM.attributes
                0x00000b80       0x2e lib/relic/lib/librelic_s.a(relic_fp12_sqr.c.obj)
 .ARM.attributes
                0x00000bae       0x2e lib/relic/lib/librelic_s.a(relic_fp2_mul.c.obj)
 .ARM.attributes
                0x00000bdc       0x2e lib/relic/lib/librelic_s.a(relic_fp2_sqr.c.obj)
 .ARM.attributes
                0x00000c0a       0x2e lib/relic/lib/librelic_s.a(relic_fp4_mul.c.obj)
 .ARM.attributes
                0x00000c38       0x2e lib/relic/lib/librelic_s.a(relic_fp4_sqr.c.obj)
 .ARM.attributes
                0x00000c66       0x2e lib/relic/lib/librelic_s.a(relic_fp6_mul.c.obj)
 .ARM.attributes
                0x00000c94       0x2e lib/relic/lib/librelic_s.a(relic_fpx_add.c.obj)
 .ARM.attributes
                0x00000cc2       0x2e lib/relic/lib/librelic_s.a(relic_fpx_cyc.c.obj)
 .ARM.attributes
                0x00000cf0       0x2e lib/relic/lib/librelic_s.a(relic_fpx_exp.c.obj)
 .ARM.attributes
                0x00000d1e       0x2e lib/relic/lib/librelic_s.a(relic_fpx_frb.c.obj)
 .ARM.attributes
                0x00000d4c       0x2e lib/relic/lib/librelic_s.a(relic_fpx_inv.c.obj)
 .ARM.attributes
                0x00000d7a       0x2e lib/relic/lib/librelic_s.a(relic_ep_cmp.c.obj)
 .ARM.attributes
                0x00000da8       0x2e lib/relic/lib/librelic_s.a(relic_ep2_add.c.obj)
 .ARM.attributes
                0x00000dd6       0x2e lib/relic/lib/librelic_s.a(relic_ep2_dbl.c.obj)
 .ARM.attributes
                0x00000e04       0x2e lib/relic/lib/librelic_s.a(relic_ep2_frb.c.obj)
 .ARM.attributes
                0x00000e32       0x2e lib/relic/lib/librelic_s.a(relic_ep2_mul.c.obj)
 .ARM.attributes
                0x00000e60       0x2e lib/relic/lib/librelic_s.a(relic_ep2_neg.c.obj)
 .ARM.attributes
                0x00000e8e       0x2e lib/relic/lib/librelic_s.a(relic_pp_add_k12.c.obj)
 .ARM.attributes
                0x00000ebc       0x2e lib/relic/lib/librelic_s.a(relic_pp_dbl_k12.c.obj)
 .ARM.attributes
                0x00000eea       0x2e lib/relic/lib/librelic_s.a(relic_pp_exp_k12.c.obj)
 .ARM.attributes
                0x00000f18       0x2e lib/relic/lib/librelic_s.a(relic_bn_add_low.c.obj)
 .ARM.attributes
                0x00000f46       0x2e lib/relic/lib/librelic_s.a(relic_bn_sqr_low.c.obj)
 .ARM.attributes
                0x00000f74       0x2e lib/relic/lib/librelic_s.a(relic_fp_sqr_low.c.obj)
 .ARM.attributes
                0x00000fa2       0x2e lib/relic/lib/librelic_s.a(relic_fpx_add_low.c.obj)
 .ARM.attributes
                0x00000fd0       0x2e lib/relic/lib/librelic_s.a(relic_fpx_mul_low.c.obj)
 .ARM.attributes
                0x00000ffe       0x2e lib/relic/lib/librelic_s.a(relic_fpx_rdc_low.c.obj)
 .ARM.attributes
                0x0000102c       0x2e lib/relic/lib/librelic_s.a(relic_fpx_sqr_low.c.obj)
 .ARM.attributes
                0x0000105a       0x2e lib/relic/lib/librelic_s.a(relic_fp6_sqr.c.obj)
 .ARM.attributes
                0x00001088       0x1e /opt/homebrew/Cellar/arm-none-eabi-gcc/16.1.0/lib/gcc/arm-none-eabi/16.1.0/thumb/v7e-m/nofp/libgcc.a(_aeabi_uldivmod.o)
 .ARM.attributes
                0x000010a6       0x2e /opt/homebrew/Cellar/arm-none-eabi-gcc/16.1.0/lib/gcc/arm-none-eabi/16.1.0/thumb/v7e-m/nofp/libgcc.a(_udivmoddi4.o)
 .ARM.attributes
                0x000010d4       0x1e /opt/homebrew/Cellar/arm-none-eabi-gcc/16.1.0/lib/gcc/arm-none-eabi/16.1.0/thumb/v7e-m/nofp/libgcc.a(_dvmd_tls.o)

.debug_line     0x00000000      0x6ae
 .debug_line    0x00000000       0x4e /opt/homebrew/Cellar/arm-none-eabi-gcc/16.1.0/lib/gcc/arm-none-eabi/16.1.0/thumb/v7e-m/nofp/libgcc.a(_aeabi_uldivmod.o)
 .debug_line    0x0000004e      0x616 /opt/homebrew/Cellar/arm-none-eabi-gcc/16.1.0/lib/gcc/arm-none-eabi/16.1.0/thumb/v7e-m/nofp/libgcc.a(_udivmoddi4.o)
 .debug_line    0x00000664       0x4a /opt/homebrew/Cellar/arm-none-eabi-gcc/16.1.0/lib/gcc/arm-none-eabi/16.1.0/thumb/v7e-m/nofp/libgcc.a(_dvmd_tls.o)

.debug_line_str
                0x00000000       0xb5
 .debug_line_str
                0x00000000       0xb5 /opt/homebrew/Cellar/arm-none-eabi-gcc/16.1.0/lib/gcc/arm-none-eabi/16.1.0/thumb/v7e-m/nofp/libgcc.a(_aeabi_uldivmod.o)
                                 0xa9 (size before relaxing)
 .debug_line_str
                0x000000b5        0x0 /opt/homebrew/Cellar/arm-none-eabi-gcc/16.1.0/lib/gcc/arm-none-eabi/16.1.0/thumb/v7e-m/nofp/libgcc.a(_dvmd_tls.o)
                                 0xad (size before relaxing)

.debug_info     0x00000000      0x74e
 .debug_info    0x00000000       0x24 /opt/homebrew/Cellar/arm-none-eabi-gcc/16.1.0/lib/gcc/arm-none-eabi/16.1.0/thumb/v7e-m/nofp/libgcc.a(_aeabi_uldivmod.o)
 .debug_info    0x00000024      0x6ee /opt/homebrew/Cellar/arm-none-eabi-gcc/16.1.0/lib/gcc/arm-none-eabi/16.1.0/thumb/v7e-m/nofp/libgcc.a(_udivmoddi4.o)
 .debug_info    0x00000712       0x3c /opt/homebrew/Cellar/arm-none-eabi-gcc/16.1.0/lib/gcc/arm-none-eabi/16.1.0/thumb/v7e-m/nofp/libgcc.a(_dvmd_tls.o)

.debug_abbrev   0x00000000      0x1aa
 .debug_abbrev  0x00000000       0x14 /opt/homebrew/Cellar/arm-none-eabi-gcc/16.1.0/lib/gcc/arm-none-eabi/16.1.0/thumb/v7e-m/nofp/libgcc.a(_aeabi_uldivmod.o)
 .debug_abbrev  0x00000014      0x170 /opt/homebrew/Cellar/arm-none-eabi-gcc/16.1.0/lib/gcc/arm-none-eabi/16.1.0/thumb/v7e-m/nofp/libgcc.a(_udivmoddi4.o)
 .debug_abbrev  0x00000184       0x26 /opt/homebrew/Cellar/arm-none-eabi-gcc/16.1.0/lib/gcc/arm-none-eabi/16.1.0/thumb/v7e-m/nofp/libgcc.a(_dvmd_tls.o)

.debug_aranges  0x00000000       0x60
 .debug_aranges
                0x00000000       0x20 /opt/homebrew/Cellar/arm-none-eabi-gcc/16.1.0/lib/gcc/arm-none-eabi/16.1.0/thumb/v7e-m/nofp/libgcc.a(_aeabi_uldivmod.o)
 .debug_aranges
                0x00000020       0x20 /opt/homebrew/Cellar/arm-none-eabi-gcc/16.1.0/lib/gcc/arm-none-eabi/16.1.0/thumb/v7e-m/nofp/libgcc.a(_udivmoddi4.o)
 .debug_aranges
                0x00000040       0x20 /opt/homebrew/Cellar/arm-none-eabi-gcc/16.1.0/lib/gcc/arm-none-eabi/16.1.0/thumb/v7e-m/nofp/libgcc.a(_dvmd_tls.o)

.debug_str      0x00000000      0x6b9
 .debug_str     0x00000000      0x6b9 /opt/homebrew/Cellar/arm-none-eabi-gcc/16.1.0/lib/gcc/arm-none-eabi/16.1.0/thumb/v7e-m/nofp/libgcc.a(_aeabi_uldivmod.o)
                                 0xb7 (size before relaxing)
 .debug_str     0x000006b9        0x0 /opt/homebrew/Cellar/arm-none-eabi-gcc/16.1.0/lib/gcc/arm-none-eabi/16.1.0/thumb/v7e-m/nofp/libgcc.a(_udivmoddi4.o)
                                0x66c (size before relaxing)
 .debug_str     0x000006b9        0x0 /opt/homebrew/Cellar/arm-none-eabi-gcc/16.1.0/lib/gcc/arm-none-eabi/16.1.0/thumb/v7e-m/nofp/libgcc.a(_dvmd_tls.o)
                                 0xd7 (size before relaxing)

.debug_frame    0x00000000       0x60
 .debug_frame   0x00000000       0x2c /opt/homebrew/Cellar/arm-none-eabi-gcc/16.1.0/lib/gcc/arm-none-eabi/16.1.0/thumb/v7e-m/nofp/libgcc.a(_aeabi_uldivmod.o)
 .debug_frame   0x0000002c       0x34 /opt/homebrew/Cellar/arm-none-eabi-gcc/16.1.0/lib/gcc/arm-none-eabi/16.1.0/thumb/v7e-m/nofp/libgcc.a(_udivmoddi4.o)

.debug_loclists
                0x00000000      0xa0e
 .debug_loclists
                0x00000000      0xa0e /opt/homebrew/Cellar/arm-none-eabi-gcc/16.1.0/lib/gcc/arm-none-eabi/16.1.0/thumb/v7e-m/nofp/libgcc.a(_udivmoddi4.o)

.debug_rnglists
                0x00000000       0x8e
 .debug_rnglists
                0x00000000       0x8e /opt/homebrew/Cellar/arm-none-eabi-gcc/16.1.0/lib/gcc/arm-none-eabi/16.1.0/thumb/v7e-m/nofp/libgcc.a(_udivmoddi4.o)
