Archive member included to satisfy reference by file (symbol)

libpairing.a(point_decode.c.obj)
                              CMakeFiles/single_pairing_m4.dir/uvision/single_pairing_m4.c.obj (decode_g1)
libpairing.a(crypto_init.c.obj)
                              CMakeFiles/single_pairing_m4.dir/uvision/single_pairing_m4.c.obj (pairing_init)
lib/relic/lib/librelic_s.a(relic_core.c.obj)
                              libpairing.a(crypto_init.c.obj) (core_init)
lib/relic/lib/librelic_s.a(relic_arch_none.c.obj)
                              lib/relic/lib/librelic_s.a(relic_core.c.obj) (arch_init)
lib/relic/lib/librelic_s.a(relic_rand_core.c.obj)
                              lib/relic/lib/librelic_s.a(relic_core.c.obj) (rand_init)
lib/relic/lib/librelic_s.a(relic_rand_call.c.obj)
                              lib/relic/lib/librelic_s.a(relic_rand_core.c.obj) (rand_seed)
lib/relic/lib/librelic_s.a(relic_bn_util.c.obj)
                              libpairing.a(point_decode.c.obj) (bn_read_bin)
lib/relic/lib/librelic_s.a(relic_dv_util.c.obj)
                              lib/relic/lib/librelic_s.a(relic_bn_util.c.obj) (dv_zero)
lib/relic/lib/librelic_s.a(relic_fp_prime.c.obj)
                              lib/relic/lib/librelic_s.a(relic_core.c.obj) (fp_prime_init)
lib/relic/lib/librelic_s.a(relic_fp_rdc.c.obj)
                              lib/relic/lib/librelic_s.a(relic_fp_prime.c.obj) (fp_rdc_monty_comba)
lib/relic/lib/librelic_s.a(relic_fp_srt.c.obj)
                              lib/relic/lib/librelic_s.a(relic_fp_prime.c.obj) (fp_is_sqr)
lib/relic/lib/librelic_s.a(relic_fp_util.c.obj)
                              lib/relic/lib/librelic_s.a(relic_fp_rdc.c.obj) (fp_copy)
lib/relic/lib/librelic_s.a(relic_fp12_sqr.c.obj)
                              CMakeFiles/single_pairing_m4.dir/uvision/single_pairing_m4.c.obj (fp12_sqr_lazyr)
lib/relic/lib/librelic_s.a(relic_fp2_mul.c.obj)
                              lib/relic/lib/librelic_s.a(relic_fp12_sqr.c.obj) (fp2_mul_nor_integ)
lib/relic/lib/librelic_s.a(relic_fp2_sqr.c.obj)
                              lib/relic/lib/librelic_s.a(relic_fp12_sqr.c.obj) (fp2_sqr_integ)
lib/relic/lib/librelic_s.a(relic_fp4_mul.c.obj)
                              lib/relic/lib/librelic_s.a(relic_fp12_sqr.c.obj) (fp4_mul_unr)
lib/relic/lib/librelic_s.a(relic_fp4_sqr.c.obj)
                              lib/relic/lib/librelic_s.a(relic_fp12_sqr.c.obj) (fp4_sqr_unr)
lib/relic/lib/librelic_s.a(relic_fp6_mul.c.obj)
                              lib/relic/lib/librelic_s.a(relic_fp12_sqr.c.obj) (fp6_mul_lazyr)
lib/relic/lib/librelic_s.a(relic_fpx_add.c.obj)
                              lib/relic/lib/librelic_s.a(relic_fp12_sqr.c.obj) (fp2_add_integ)
lib/relic/lib/librelic_s.a(relic_fpx_cmp.c.obj)
                              CMakeFiles/single_pairing_m4.dir/uvision/single_pairing_m4.c.obj (fp12_cmp)
lib/relic/lib/librelic_s.a(relic_fpx_field.c.obj)
                              lib/relic/lib/librelic_s.a(relic_fp2_mul.c.obj) (fp2_field_get_qnr)
lib/relic/lib/librelic_s.a(relic_fpx_srt.c.obj)
                              lib/relic/lib/librelic_s.a(relic_fpx_field.c.obj) (fp2_srt)
lib/relic/lib/librelic_s.a(relic_fpx_util.c.obj)
                              lib/relic/lib/librelic_s.a(relic_fp12_sqr.c.obj) (fp2_copy)
lib/relic/lib/librelic_s.a(relic_ep_curve.c.obj)
                              lib/relic/lib/librelic_s.a(relic_core.c.obj) (ep_curve_init)
lib/relic/lib/librelic_s.a(relic_ep_dbl.c.obj)
                              CMakeFiles/single_pairing_m4.dir/uvision/single_pairing_m4.c.obj (ep_dbl_projc)
lib/relic/lib/librelic_s.a(relic_ep_mul.c.obj)
                              lib/relic/lib/librelic_s.a(relic_ep_curve.c.obj) (ep_mul_basic)
lib/relic/lib/librelic_s.a(relic_ep_neg.c.obj)
                              lib/relic/lib/librelic_s.a(relic_ep_mul.c.obj) (ep_neg)
lib/relic/lib/librelic_s.a(relic_ep_norm.c.obj)
                              CMakeFiles/single_pairing_m4.dir/uvision/single_pairing_m4.c.obj (ep_norm)
lib/relic/lib/librelic_s.a(relic_ep_param.c.obj)
                              libpairing.a(crypto_init.c.obj) (ep_param_set)
lib/relic/lib/librelic_s.a(relic_ep_psi.c.obj)
                              lib/relic/lib/librelic_s.a(relic_ep_curve.c.obj) (ep_psi)
lib/relic/lib/librelic_s.a(relic_ep_tpl.c.obj)
                              lib/relic/lib/librelic_s.a(relic_ep_mul.c.obj) (ep_tpl_projc)
lib/relic/lib/librelic_s.a(relic_ep_util.c.obj)
                              lib/relic/lib/librelic_s.a(relic_ep_dbl.c.obj) (ep_is_infty)
lib/relic/lib/librelic_s.a(relic_ep2_curve.c.obj)
                              libpairing.a(crypto_init.c.obj) (ep2_curve_set_twist)
lib/relic/lib/librelic_s.a(relic_ep2_norm.c.obj)
                              lib/relic/lib/librelic_s.a(relic_ep2_curve.c.obj) (ep2_norm)
lib/relic/lib/librelic_s.a(relic_ep2_util.c.obj)
                              lib/relic/lib/librelic_s.a(relic_ep2_norm.c.obj) (ep2_is_infty)
[...]
Memory Configuration

Name             Origin             Length             Attributes
FLASH            0x08000000         0x00100000         xr
SRAM             0x20000000         0x00020000         xrw
*default*        0x00000000         0xffffffff

Linker script and memory map

LOAD CMakeFiles/single_pairing_m4.dir/uvision/single_pairing_m4.c.obj
LOAD CMakeFiles/single_pairing_m4.dir/uvision/startup.c.obj
START GROUP
LOAD libpairing.a
LOAD lib/relic/lib/librelic_s.a
LOAD /opt/homebrew/Cellar/arm-none-eabi-gcc/16.1.0/lib/gcc/arm-none-eabi/16.1.0/thumb/v7e-m/nofp/libgcc.a
END GROUP
                0x20020000                        _stack_top = (ORIGIN (SRAM) + LENGTH (SRAM))

.isr_vector     0x08000000       0x40
 *(.isr_vector)
 .isr_vector    0x08000000       0x40 CMakeFiles/single_pairing_m4.dir/uvision/startup.c.obj
                0x08000000                vector_table

.text           0x08000040     0xc5c9
 *(.text*)
 .text.SysTick_Handler
                0x08000040       0x10 CMakeFiles/single_pairing_m4.dir/uvision/single_pairing_m4.c.obj
                0x08000040                SysTick_Handler
 .text.startup.main
                0x08000050      0x158 CMakeFiles/single_pairing_m4.dir/uvision/single_pairing_m4.c.obj
                0x08000050                main
 .text.Default_Handler
                0x080001a8        0x4 CMakeFiles/single_pairing_m4.dir/uvision/startup.c.obj
 .text._start   0x080001ac       0x48 CMakeFiles/single_pairing_m4.dir/uvision/startup.c.obj
                0x080001ac                _start
 .text.put_uint
                0x080001f4       0x64 CMakeFiles/single_pairing_m4.dir/uvision/startup.c.obj
 .text.memset   0x08000258       0x10 CMakeFiles/single_pairing_m4.dir/uvision/startup.c.obj
                0x08000258                memset
 .text.memcpy   0x08000268       0x14 CMakeFiles/single_pairing_m4.dir/uvision/startup.c.obj
                0x08000268                memcpy
 .text.strlen   0x0800027c       0x18 CMakeFiles/single_pairing_m4.dir/uvision/startup.c.obj
                0x0800027c                strlen
 .text.strrchr  0x08000294       0x1c CMakeFiles/single_pairing_m4.dir/uvision/startup.c.obj
                0x08000294                strrchr
 .text.printf   0x080002b0      0x1c4 CMakeFiles/single_pairing_m4.dir/uvision/startup.c.obj
                0x080002b0                printf
 .text.vprintf  0x08000474      0x1ac CMakeFiles/single_pairing_m4.dir/uvision/startup.c.obj
                0x08000474                vprintf
 .text.fflush   0x08000620        0x4 CMakeFiles/single_pairing_m4.dir/uvision/startup.c.obj
                0x08000620                fflush
 .text.decode_g1
                0x08000624       0x3c libpairing.a(point_decode.c.obj)
                0x08000624                decode_g1
 .text.decode_g2
                0x08000660       0x54 libpairing.a(point_decode.c.obj)
                0x08000660                decode_g2
 .text.pairing_init
                0x080006b4       0x20 libpairing.a(crypto_init.c.obj)
                0x080006b4                pairing_init
 .text.pairing_cleanup
                0x080006d4        0x4 libpairing.a(crypto_init.c.obj)
                0x080006d4                pairing_cleanup
 .text.core_init
                0x080006d8       0x34 lib/relic/lib/librelic_s.a(relic_core.c.obj)
                0x080006d8                core_init
 .text.core_clean
                0x0800070c       0x28 lib/relic/lib/librelic_s.a(relic_core.c.obj)
                0x0800070c                core_clean
 .text.core_get
                0x08000734        0xc lib/relic/lib/librelic_s.a(relic_core.c.obj)
                0x08000734                core_get
 .text.arch_init
                0x08000740        0x4 lib/relic/lib/librelic_s.a(relic_arch_none.c.obj)
                0x08000740                arch_init
 .text.arch_clean
                0x08000744        0x4 lib/relic/lib/librelic_s.a(relic_arch_none.c.obj)
                0x08000744                arch_clean
 .text.arch_lzcnt
                0x08000748        0x8 lib/relic/lib/librelic_s.a(relic_arch_none.c.obj)
                0x08000748                arch_lzcnt
 .text.rand_init
                0x08000750       0x1c lib/relic/lib/librelic_s.a(relic_rand_core.c.obj)
                0x08000750                rand_init
 .text.rand_clean
                0x0800076c       0x18 lib/relic/lib/librelic_s.a(relic_rand_core.c.obj)
                0x0800076c                rand_clean
 .text.rand_seed
                0x08000784       0x24 lib/relic/lib/librelic_s.a(relic_rand_call.c.obj)
                0x08000784                rand_seed
 .text.bn_copy  0x080007a8       0x34 lib/relic/lib/librelic_s.a(relic_bn_util.c.obj)
                0x080007a8                bn_copy
 .text.bn_abs   0x080007dc       0x34 lib/relic/lib/librelic_s.a(relic_bn_util.c.obj)
                0x080007dc                bn_abs
 .text.bn_neg   0x08000810       0x50 lib/relic/lib/librelic_s.a(relic_bn_util.c.obj)
                0x08000810                bn_neg
 .text.bn_sign  0x08000860        0x4 lib/relic/lib/librelic_s.a(relic_bn_util.c.obj)
                0x08000860                bn_sign
 .text.bn_zero  0x08000864       0x18 lib/relic/lib/librelic_s.a(relic_bn_util.c.obj)
                0x08000864                bn_zero
 .text.bn_is_zero
                0x0800087c       0x1c lib/relic/lib/librelic_s.a(relic_bn_util.c.obj)
                0x0800087c                bn_is_zero
 .text.bn_is_even
                0x08000898       0x1c lib/relic/lib/librelic_s.a(relic_bn_util.c.obj)
                0x08000898                bn_is_even
 .text.bn_bits  0x080008b4       0x34 lib/relic/lib/librelic_s.a(relic_bn_util.c.obj)
                0x080008b4                bn_bits
 .text.bn_get_bit
                0x080008e8       0x64 lib/relic/lib/librelic_s.a(relic_bn_util.c.obj)
                0x080008e8                bn_get_bit
 .text.bn_set_bit
                0x0800094c       0x50 lib/relic/lib/librelic_s.a(relic_bn_util.c.obj)
                0x0800094c                bn_set_bit
 .text.bn_get_dig
                0x0800099c        0x8 lib/relic/lib/librelic_s.a(relic_bn_util.c.obj)
                0x0800099c                bn_get_dig
 .text.bn_set_dig
                0x080009a4       0x20 lib/relic/lib/librelic_s.a(relic_bn_util.c.obj)
                0x080009a4                bn_set_dig
 .text.bn_set_2b
                0x080009c4       0x7c lib/relic/lib/librelic_s.a(relic_bn_util.c.obj)
                0x080009c4                bn_set_2b
 .text.bn_read_str
                0x08000a40       0xe0 lib/relic/lib/librelic_s.a(relic_bn_util.c.obj)
                0x08000a40                bn_read_str
 .text.bn_read_bin
                0x08000b20       0xdc lib/relic/lib/librelic_s.a(relic_bn_util.c.obj)
                0x08000b20                bn_read_bin
 .text.bn_write_bin
                0x08000bfc       0xe0 lib/relic/lib/librelic_s.a(relic_bn_util.c.obj)
                0x08000bfc                bn_write_bin
 .text.dv_zero  0x08000cdc       0x48 lib/relic/lib/librelic_s.a(relic_dv_util.c.obj)
                0x08000cdc                dv_zero
 .text.dv_copy  0x08000d24        0x8 lib/relic/lib/librelic_s.a(relic_dv_util.c.obj)
                0x08000d24                dv_copy
 .text.dv_copy_sec
                0x08000d2c       0x2c lib/relic/lib/librelic_s.a(relic_dv_util.c.obj)
                0x08000d2c                dv_copy_sec
 .text.dv_cmp   0x08000d58       0x48 lib/relic/lib/librelic_s.a(relic_dv_util.c.obj)
                0x08000d58                dv_cmp
 .text.dv_cmp_sec
                0x08000da0       0x34 lib/relic/lib/librelic_s.a(relic_dv_util.c.obj)
                0x08000da0                dv_cmp_sec
 .text.dv_rshd  0x08000dd4       0x40 lib/relic/lib/librelic_s.a(relic_dv_util.c.obj)
                0x08000dd4                dv_rshd
 .text.dv_lshd  0x08000e14       0x44 lib/relic/lib/librelic_s.a(relic_dv_util.c.obj)
                0x08000e14                dv_lshd
 .text.fp_prime_set
                0x08000e58      0x334 lib/relic/lib/librelic_s.a(relic_fp_prime.c.obj)
 .text.fp_prime_init
                0x0800118c       0x70 lib/relic/lib/librelic_s.a(relic_fp_prime.c.obj)
                0x0800118c                fp_prime_init
 .text.fp_prime_clean
                0x080011fc       0x64 lib/relic/lib/librelic_s.a(relic_fp_prime.c.obj)
                0x080011fc                fp_prime_clean
 .text.fp_prime_get
                0x08001260        0xc lib/relic/lib/librelic_s.a(relic_fp_prime.c.obj)
                0x08001260                fp_prime_get
 .text.fp_prime_get_rdc
                0x0800126c        0xc lib/relic/lib/librelic_s.a(relic_fp_prime.c.obj)
                0x0800126c                fp_prime_get_rdc
 .text.fp_prime_get_par
                0x08001278       0x18 lib/relic/lib/librelic_s.a(relic_fp_prime.c.obj)
                0x08001278                fp_prime_get_par
 .text.fp_prime_get_par_sps
                0x08001290       0x28 lib/relic/lib/librelic_s.a(relic_fp_prime.c.obj)
                0x08001290                fp_prime_get_par_sps
 .text.fp_prime_get_srt
                0x080012b8        0xc lib/relic/lib/librelic_s.a(relic_fp_prime.c.obj)
                0x080012b8                fp_prime_get_srt
 .text.fp_prime_get_mod8
                0x080012c4        0xc lib/relic/lib/librelic_s.a(relic_fp_prime.c.obj)
                0x080012c4                fp_prime_get_mod8
 .text.fp_prime_get_mod18
                0x080012d0        0xc lib/relic/lib/librelic_s.a(relic_fp_prime.c.obj)
                0x080012d0                fp_prime_get_mod18
 .text.fp_prime_get_qnr
                0x080012dc        0xc lib/relic/lib/librelic_s.a(relic_fp_prime.c.obj)
                0x080012dc                fp_prime_get_qnr
 .text.fp_prime_get_2ad
                0x080012e8        0xc lib/relic/lib/librelic_s.a(relic_fp_prime.c.obj)
                0x080012e8                fp_prime_get_2ad
 .text.fp_prime_set_pairf
                0x080012f4      0x188 lib/relic/lib/librelic_s.a(relic_fp_prime.c.obj)
                0x080012f4                fp_prime_set_pairf
 .text.fp_prime_conv
                0x0800147c       0x60 lib/relic/lib/librelic_s.a(relic_fp_prime.c.obj)
                0x0800147c                fp_prime_conv
 .text.fp_prime_conv_dig
                0x080014dc       0x48 lib/relic/lib/librelic_s.a(relic_fp_prime.c.obj)
                0x080014dc                fp_prime_conv_dig
 .text.fp_prime_back
                0x08001524       0x48 lib/relic/lib/librelic_s.a(relic_fp_prime.c.obj)
                0x08001524                fp_prime_back
 .text.fp_rdc_monty_comba
                0x0800156c        0x4 lib/relic/lib/librelic_s.a(relic_fp_rdc.c.obj)
                0x0800156c                fp_rdc_monty_comba
 .text.fp_is_sqr
                0x08001570       0x20 lib/relic/lib/librelic_s.a(relic_fp_srt.c.obj)
                0x08001570                fp_is_sqr
 .text.fp_srt   0x08001590      0x1cc lib/relic/lib/librelic_s.a(relic_fp_srt.c.obj)
                0x08001590                fp_srt
 .text.fp_copy  0x0800175c        0x8 lib/relic/lib/librelic_s.a(relic_fp_util.c.obj)
                0x0800175c                fp_copy
 .text.fp_copy_sec
                0x08001764        0x8 lib/relic/lib/librelic_s.a(relic_fp_util.c.obj)
                0x08001764                fp_copy_sec
 .text.fp_zero  0x0800176c        0x8 lib/relic/lib/librelic_s.a(relic_fp_util.c.obj)
                0x0800176c                fp_zero
 .text.fp_is_zero
                0x08001774       0x4c lib/relic/lib/librelic_s.a(relic_fp_util.c.obj)
                0x08001774                fp_is_zero
 .text.fp_is_even
                0x080017c0       0x20 lib/relic/lib/librelic_s.a(relic_fp_util.c.obj)
                0x080017c0                fp_is_even
 .text.fp_bits  0x080017e0       0x28 lib/relic/lib/librelic_s.a(relic_fp_util.c.obj)
                0x080017e0                fp_bits
 .text.fp_set_dig
                0x08001808        0x4 lib/relic/lib/librelic_s.a(relic_fp_util.c.obj)
                0x08001808                fp_set_dig
 .text.fp_norm  0x0800180c       0x30 lib/relic/lib/librelic_s.a(relic_fp_util.c.obj)
                0x0800180c                fp_norm
 .text.fp_read_str
                0x0800183c       0x64 lib/relic/lib/librelic_s.a(relic_fp_util.c.obj)
                0x0800183c                fp_read_str
 .text.fp_read_bin
                0x080018a0       0xc4 lib/relic/lib/librelic_s.a(relic_fp_util.c.obj)
                0x080018a0                fp_read_bin
 .text.fp12_sqr_unr
                0x08001964      0x1fc lib/relic/lib/librelic_s.a(relic_fp12_sqr.c.obj)
                0x08001964                fp12_sqr_unr
 .text.fp12_sqr_lazyr
                0x08001b60       0x38 lib/relic/lib/librelic_s.a(relic_fp12_sqr.c.obj)
                0x08001b60                fp12_sqr_lazyr
 .text.fp12_sqr_cyc_lazyr
                0x08001b98      0x228 lib/relic/lib/librelic_s.a(relic_fp12_sqr.c.obj)
                0x08001b98                fp12_sqr_cyc_lazyr
 .text.fp12_sqr_pck_lazyr
                0x08001dc0      0x170 lib/relic/lib/librelic_s.a(relic_fp12_sqr.c.obj)
                0x08001dc0                fp12_sqr_pck_lazyr
 .text.fp2_mul_integ
                0x08001f30        0x4 lib/relic/lib/librelic_s.a(relic_fp2_mul.c.obj)
                0x08001f30                fp2_mul_integ
 .text.fp2_mul_nor_integ
                0x08001f34        0x4 lib/relic/lib/librelic_s.a(relic_fp2_mul.c.obj)
                0x08001f34                fp2_mul_nor_integ
 .text.fp2_mul_art
                0x08001f38       0x58 lib/relic/lib/librelic_s.a(relic_fp2_mul.c.obj)
                0x08001f38                fp2_mul_art
 .text.fp2_mul_frb
                0x08001f90       0x4c lib/relic/lib/librelic_s.a(relic_fp2_mul.c.obj)
                0x08001f90                fp2_mul_frb
 .text.fp2_mul_dig
                0x08001fdc       0x24 lib/relic/lib/librelic_s.a(relic_fp2_mul.c.obj)
                0x08001fdc                fp2_mul_dig
 .text.fp2_sqr_integ
                0x08002000        0x4 lib/relic/lib/librelic_s.a(relic_fp2_sqr.c.obj)
                0x08002000                fp2_sqr_integ
 .text.fp4_mul_unr
                0x08002004       0x78 lib/relic/lib/librelic_s.a(relic_fp4_mul.c.obj)
                0x08002004                fp4_mul_unr
 .text.fp4_sqr_unr
                0x0800207c       0x60 lib/relic/lib/librelic_s.a(relic_fp4_sqr.c.obj)
                0x0800207c                fp4_sqr_unr
 .text.fp6_mul_unr
                0x080020dc      0x134 lib/relic/lib/librelic_s.a(relic_fp6_mul.c.obj)
                0x080020dc                fp6_mul_unr
 .text.fp6_mul_lazyr
                0x08002210       0x34 lib/relic/lib/librelic_s.a(relic_fp6_mul.c.obj)
                0x08002210                fp6_mul_lazyr
 .text.fp6_mul_art
                0x08002244       0x34 lib/relic/lib/librelic_s.a(relic_fp6_mul.c.obj)
                0x08002244                fp6_mul_art
 .text.fp2_add_integ
                0x08002278        0x4 lib/relic/lib/librelic_s.a(relic_fpx_add.c.obj)
                0x08002278                fp2_add_integ
 .text.fp2_sub_integ
                0x0800227c        0x4 lib/relic/lib/librelic_s.a(relic_fpx_add.c.obj)
                0x0800227c                fp2_sub_integ
 .text.fp2_dbl_integ
                0x08002280        0x4 lib/relic/lib/librelic_s.a(relic_fpx_add.c.obj)
                0x08002280                fp2_dbl_integ
 .text.fp2_neg  0x08002284       0x20 lib/relic/lib/librelic_s.a(relic_fpx_add.c.obj)
                0x08002284                fp2_neg
 .text.fp6_add  0x080022a4       0x30 lib/relic/lib/librelic_s.a(relic_fpx_add.c.obj)
                0x080022a4                fp6_add
 .text.fp6_sub  0x080022d4       0x30 lib/relic/lib/librelic_s.a(relic_fpx_add.c.obj)
                0x080022d4                fp6_sub
 .text.fp6_neg  0x08002304       0x4c lib/relic/lib/librelic_s.a(relic_fpx_add.c.obj)
                0x08002304                fp6_neg
 .text.fp2_cmp  0x08002350       0x28 lib/relic/lib/librelic_s.a(relic_fpx_cmp.c.obj)
                0x08002350                fp2_cmp
 .text.fp2_cmp_dig
                0x08002378       0x20 lib/relic/lib/librelic_s.a(relic_fpx_cmp.c.obj)
                0x08002378                fp2_cmp_dig
 .text.fp6_cmp  0x08002398       0x68 lib/relic/lib/librelic_s.a(relic_fpx_cmp.c.obj)
                0x08002398                fp6_cmp
 .text.fp6_cmp_dig
                0x08002400       0x38 lib/relic/lib/librelic_s.a(relic_fpx_cmp.c.obj)
                0x08002400                fp6_cmp_dig
 .text.fp12_cmp
                0x08002438       0x24 lib/relic/lib/librelic_s.a(relic_fpx_cmp.c.obj)
                0x08002438                fp12_cmp
 .text.fp12_cmp_dig
                0x0800245c       0x20 lib/relic/lib/librelic_s.a(relic_fpx_cmp.c.obj)
                0x0800245c                fp12_cmp_dig
 .text.fp2_field_get_qnr
                0x0800247c       0x10 lib/relic/lib/librelic_s.a(relic_fpx_field.c.obj)
                0x0800247c                fp2_field_get_qnr
 .text.fp2_field_init
                0x0800248c      0x304 lib/relic/lib/librelic_s.a(relic_fpx_field.c.obj)
                0x0800248c                fp2_field_init
 .text.fp2_srt.part.0
                0x08002790      0x284 lib/relic/lib/librelic_s.a(relic_fpx_srt.c.obj)
 .text.fp2_srt  0x08002a14       0x2c lib/relic/lib/librelic_s.a(relic_fpx_srt.c.obj)
                0x08002a14                fp2_srt
 .text.fp2_copy
                0x08002a40       0x20 lib/relic/lib/librelic_s.a(relic_fpx_util.c.obj)
                0x08002a40                fp2_copy
 .text.fp2_copy_sec
                0x08002a60       0x24 lib/relic/lib/librelic_s.a(relic_fpx_util.c.obj)
                0x08002a60                fp2_copy_sec
 .text.fp2_zero
                0x08002a84       0x18 lib/relic/lib/librelic_s.a(relic_fpx_util.c.obj)
                0x08002a84                fp2_zero
 .text.fp2_is_zero
                0x08002a9c       0x1c lib/relic/lib/librelic_s.a(relic_fpx_util.c.obj)
                0x08002a9c                fp2_is_zero
 .text.fp2_set_dig
                0x08002ab8       0x18 lib/relic/lib/librelic_s.a(relic_fpx_util.c.obj)
                0x08002ab8                fp2_set_dig
 .text.fp6_copy
                0x08002ad0       0x4c lib/relic/lib/librelic_s.a(relic_fpx_util.c.obj)
                0x08002ad0                fp6_copy
 .text.fp6_zero
                0x08002b1c       0x34 lib/relic/lib/librelic_s.a(relic_fpx_util.c.obj)
                0x08002b1c                fp6_zero
 .text.fp6_is_zero
                0x08002b50       0x4c lib/relic/lib/librelic_s.a(relic_fpx_util.c.obj)
                0x08002b50                fp6_is_zero
 .text.fp12_copy
                0x08002b9c       0x20 lib/relic/lib/librelic_s.a(relic_fpx_util.c.obj)
                0x08002b9c                fp12_copy
 .text.fp12_zero
                0x08002bbc       0x3c lib/relic/lib/librelic_s.a(relic_fpx_util.c.obj)
                0x08002bbc                fp12_zero
 .text.fp12_set_dig
                0x08002bf8       0x3c lib/relic/lib/librelic_s.a(relic_fpx_util.c.obj)
                0x08002bf8                fp12_set_dig
 .text.ep_curve_set_map
                0x08002c34      0x2a0 lib/relic/lib/librelic_s.a(relic_ep_curve.c.obj)
 .text.detect_opt
                0x08002ed4       0x68 lib/relic/lib/librelic_s.a(relic_ep_curve.c.obj)
 .text.ep_curve_set
                0x08002f3c       0x7c lib/relic/lib/librelic_s.a(relic_ep_curve.c.obj)
 .text.ep_curve_init
                0x08002fb8       0x4c lib/relic/lib/librelic_s.a(relic_ep_curve.c.obj)
                0x08002fb8                ep_curve_init
 .text.ep_curve_clean
                0x08003004       0x3c lib/relic/lib/librelic_s.a(relic_ep_curve.c.obj)
                0x08003004                ep_curve_clean
 .text.ep_curve_get_a
                0x08003040        0xc lib/relic/lib/librelic_s.a(relic_ep_curve.c.obj)
                0x08003040                ep_curve_get_a
 .text.ep_curve_get_b
                0x0800304c        0xc lib/relic/lib/librelic_s.a(relic_ep_curve.c.obj)
                0x0800304c                ep_curve_get_b
 .text.ep_curve_get_beta
                0x08003058        0xc lib/relic/lib/librelic_s.a(relic_ep_curve.c.obj)
                0x08003058                ep_curve_get_beta
 .text.ep_curve_opt_a
                0x08003064       0x10 lib/relic/lib/librelic_s.a(relic_ep_curve.c.obj)
                0x08003064                ep_curve_opt_a
 .text.ep_curve_opt_b
                0x08003074       0x10 lib/relic/lib/librelic_s.a(relic_ep_curve.c.obj)
                0x08003074                ep_curve_opt_b
 .text.ep_curve_mul_a
                0x08003084       0x54 lib/relic/lib/librelic_s.a(relic_ep_curve.c.obj)
                0x08003084                ep_curve_mul_a
 .text.ep_curve_mul_b
                0x080030d8       0x40 lib/relic/lib/librelic_s.a(relic_ep_curve.c.obj)
                0x080030d8                ep_curve_mul_b
 .text.ep_curve_is_pairf
                0x08003118       0x10 lib/relic/lib/librelic_s.a(relic_ep_curve.c.obj)
                0x08003118                ep_curve_is_pairf
 .text.ep_curve_set_endom
                0x08003128      0x2e8 lib/relic/lib/librelic_s.a(relic_ep_curve.c.obj)
                0x08003128                ep_curve_set_endom
 .text.ep_dbl_projc
                0x08003410      0x3f0 lib/relic/lib/librelic_s.a(relic_ep_dbl.c.obj)
                0x08003410                ep_dbl_projc
 .text.ep_mul_dig.part.0
                0x08003800       0xa4 lib/relic/lib/librelic_s.a(relic_ep_mul.c.obj)
 .text.ep_mul_basic
                0x080038a4      0x108 lib/relic/lib/librelic_s.a(relic_ep_mul.c.obj)
                0x080038a4                ep_mul_basic
 .text.ep_neg   0x080039ac       0x44 lib/relic/lib/librelic_s.a(relic_ep_neg.c.obj)
                0x080039ac                ep_neg
 .text.ep_norm_imp
                0x080039f0       0x94 lib/relic/lib/librelic_s.a(relic_ep_norm.c.obj)
 .text.ep_norm  0x08003a84       0x40 lib/relic/lib/librelic_s.a(relic_ep_norm.c.obj)
                0x08003a84                ep_norm
 .text.ep_param_get
                0x08003ac4        0xc lib/relic/lib/librelic_s.a(relic_ep_param.c.obj)
                0x08003ac4                ep_param_get
 .text.ep_param_set
                0x08003ad0      0x304 lib/relic/lib/librelic_s.a(relic_ep_param.c.obj)
                0x08003ad0                ep_param_set
 .text.ep_psi   0x08003dd4       0x60 lib/relic/lib/librelic_s.a(relic_ep_psi.c.obj)
                0x08003dd4                ep_psi
 .text.ep_tpl_projc
                0x08003e34       0x34 lib/relic/lib/librelic_s.a(relic_ep_tpl.c.obj)
                0x08003e34                ep_tpl_projc
 .text.ep_is_infty
                0x08003e68       0x14 lib/relic/lib/librelic_s.a(relic_ep_util.c.obj)
                0x08003e68                ep_is_infty
 .text.ep_set_infty
                0x08003e7c       0x20 lib/relic/lib/librelic_s.a(relic_ep_util.c.obj)
                0x08003e7c                ep_set_infty
 .text.ep_copy  0x08003e9c       0x28 lib/relic/lib/librelic_s.a(relic_ep_util.c.obj)
                0x08003e9c                ep_copy
 .text.ep_rhs   0x08003ec4       0x6c lib/relic/lib/librelic_s.a(relic_ep_util.c.obj)
                0x08003ec4                ep_rhs
 .text.ep_on_curve
                0x08003f30       0x44 lib/relic/lib/librelic_s.a(relic_ep_util.c.obj)
                0x08003f30                ep_on_curve
 .text.detect_opt
                0x08003f74       0x78 lib/relic/lib/librelic_s.a(relic_ep2_curve.c.obj)
 .text.ep2_curve_init
                0x08003fec       0x24 lib/relic/lib/librelic_s.a(relic_ep2_curve.c.obj)
                0x08003fec                ep2_curve_init
 .text.ep2_curve_clean
                0x08004010       0x2c lib/relic/lib/librelic_s.a(relic_ep2_curve.c.obj)
                0x08004010                ep2_curve_clean
 .text.ep2_curve_opt_a
                0x0800403c       0x10 lib/relic/lib/librelic_s.a(relic_ep2_curve.c.obj)
                0x0800403c                ep2_curve_opt_a
 .text.ep2_curve_opt_b
                0x0800404c       0x10 lib/relic/lib/librelic_s.a(relic_ep2_curve.c.obj)
                0x0800404c                ep2_curve_opt_b
 .text.ep2_curve_mul_a
                0x0800405c       0x9c lib/relic/lib/librelic_s.a(relic_ep2_curve.c.obj)
                0x0800405c                ep2_curve_mul_a
 .text.ep2_curve_mul_b
                0x080040f8       0x8c lib/relic/lib/librelic_s.a(relic_ep2_curve.c.obj)
                0x080040f8                ep2_curve_mul_b
 .text.ep2_curve_is_twist
                0x08004184       0x10 lib/relic/lib/librelic_s.a(relic_ep2_curve.c.obj)
                0x08004184                ep2_curve_is_twist
 .text.ep2_curve_get_a
                0x08004194       0x10 lib/relic/lib/librelic_s.a(relic_ep2_curve.c.obj)
                0x08004194                ep2_curve_get_a
 .text.ep2_curve_get_b
                0x080041a4       0x10 lib/relic/lib/librelic_s.a(relic_ep2_curve.c.obj)
                0x080041a4                ep2_curve_get_b
 .text.ep2_curve_set_twist
                0x080041b4      0x62c lib/relic/lib/librelic_s.a(relic_ep2_curve.c.obj)
                0x080041b4                ep2_curve_set_twist
 .text.ep2_norm_imp
                0x080047e0       0x9c lib/relic/lib/librelic_s.a(relic_ep2_norm.c.obj)
 .text.ep2_norm
                0x0800487c       0x40 lib/relic/lib/librelic_s.a(relic_ep2_norm.c.obj)
                0x0800487c                ep2_norm
 .text.ep2_is_infty
                0x080048bc       0x14 lib/relic/lib/librelic_s.a(relic_ep2_util.c.obj)
                0x080048bc                ep2_is_infty
 .text.ep2_set_infty
                0x080048d0       0x20 lib/relic/lib/librelic_s.a(relic_ep2_util.c.obj)
                0x080048d0                ep2_set_infty
 .text.ep2_copy
                0x080048f0       0x2c lib/relic/lib/librelic_s.a(relic_ep2_util.c.obj)
                0x080048f0                ep2_copy
 .text.ep2_rhs  0x0800491c       0x6c lib/relic/lib/librelic_s.a(relic_ep2_util.c.obj)
                0x0800491c                ep2_rhs
 .text.ep2_on_curve
                0x08004988       0x44 lib/relic/lib/librelic_s.a(relic_ep2_util.c.obj)
                0x08004988                ep2_on_curve
 .text.pp_map_init
                0x080049cc        0x4 lib/relic/lib/librelic_s.a(relic_pp_map.c.obj)
                0x080049cc                pp_map_init
 .text.pp_map_clean
                0x080049d0        0x4 lib/relic/lib/librelic_s.a(relic_pp_map.c.obj)
                0x080049d0                pp_map_clean
 .text.pp_mil_k12
                0x080049d4      0x25c lib/relic/lib/librelic_s.a(relic_pp_map_k12.c.obj)
 .text.pp_fin_k12_oatep
                0x08004c30       0x74 lib/relic/lib/librelic_s.a(relic_pp_map_k12.c.obj)
 .text.pp_map_oatep_k12
                0x08004ca4       0xec lib/relic/lib/librelic_s.a(relic_pp_map_k12.c.obj)
                0x08004ca4                pp_map_oatep_k12
 .text.bn_divn_low
                0x08004d90      0x254 lib/relic/lib/librelic_s.a(relic_bn_div_low.c.obj)
                0x08004d90                bn_divn_low
 .text.bn_div1_low
                0x08004fe4       0x48 lib/relic/lib/librelic_s.a(relic_bn_div_low.c.obj)
                0x08004fe4                bn_div1_low
 .text.bn_mul1_low
                0x0800502c       0x38 lib/relic/lib/librelic_s.a(relic_bn_mul_low.c.obj)
                0x0800502c                bn_mul1_low
 .text.bn_muls_low
                0x08005064       0x70 lib/relic/lib/librelic_s.a(relic_bn_mul_low.c.obj)
                0x08005064                bn_muls_low
 .text.bn_muln_low
                0x080050d4       0xf0 lib/relic/lib/librelic_s.a(relic_bn_mul_low.c.obj)
                0x080050d4                bn_muln_low
 .text.bn_muld_low
                0x080051c4      0x25c lib/relic/lib/librelic_s.a(relic_bn_mul_low.c.obj)
                0x080051c4                bn_muld_low
 .text.bn_lsh1_low
                0x08005420       0x2c lib/relic/lib/librelic_s.a(relic_bn_shift_low.c.obj)
                0x08005420                bn_lsh1_low
 .text.bn_lshb_low
                0x0800544c       0x50 lib/relic/lib/librelic_s.a(relic_bn_shift_low.c.obj)
                0x0800544c                bn_lshb_low
 .text.bn_rsh1_low
                0x0800549c       0x34 lib/relic/lib/librelic_s.a(relic_bn_shift_low.c.obj)
                0x0800549c                bn_rsh1_low
 .text.bn_rshb_low
                0x080054d0       0x64 lib/relic/lib/librelic_s.a(relic_bn_shift_low.c.obj)
                0x080054d0                bn_rshb_low
 .text.bn_rshs_low
                0x08005534       0x68 lib/relic/lib/librelic_s.a(relic_bn_shift_low.c.obj)
                0x08005534                bn_rshs_low
 .text.fp_addn_low
                0x0800559c       0x34 lib/relic/lib/librelic_s.a(relic_fp_add_low.c.obj)
                0x0800559c                fp_addn_low
 .text.fp_addm_low
                0x080055d0       0x88 lib/relic/lib/librelic_s.a(relic_fp_add_low.c.obj)
                0x080055d0                fp_addm_low
 .text.fp_addd_low
                0x08005658       0x38 lib/relic/lib/librelic_s.a(relic_fp_add_low.c.obj)
                0x08005658                fp_addd_low
 .text.fp_addc_low
                0x08005690       0x8c lib/relic/lib/librelic_s.a(relic_fp_add_low.c.obj)
                0x08005690                fp_addc_low
 .text.fp_subn_low
                0x0800571c       0x44 lib/relic/lib/librelic_s.a(relic_fp_add_low.c.obj)
                0x0800571c                fp_subn_low
 .text.fp_subm_low
                0x08005760       0x74 lib/relic/lib/librelic_s.a(relic_fp_add_low.c.obj)
                0x08005760                fp_subm_low
 .text.fp_subc_low
                0x080057d4       0x78 lib/relic/lib/librelic_s.a(relic_fp_add_low.c.obj)
                0x080057d4                fp_subc_low
 .text.fp_subd_low
                0x0800584c       0x44 lib/relic/lib/librelic_s.a(relic_fp_add_low.c.obj)
                0x0800584c                fp_subd_low
 .text.fp_negm_low
                0x08005890       0x64 lib/relic/lib/librelic_s.a(relic_fp_add_low.c.obj)
                0x08005890                fp_negm_low
 .text.fp_dblm_low
                0x080058f4       0x80 lib/relic/lib/librelic_s.a(relic_fp_add_low.c.obj)
                0x080058f4                fp_dblm_low
 .text.fp_hlvm_low
                0x08005974       0x70 lib/relic/lib/librelic_s.a(relic_fp_add_low.c.obj)
                0x08005974                fp_hlvm_low
 .text.fp_hlvd_low
                0x080059e4       0xa8 lib/relic/lib/librelic_s.a(relic_fp_add_low.c.obj)
                0x080059e4                fp_hlvd_low
 .text.fp_mul1_low
                0x08005a8c       0x2c lib/relic/lib/librelic_s.a(relic_fp_mul_low.c.obj)
                0x08005a8c                fp_mul1_low
 .text.fp_muln_low
                0x08005ab8       0xe4 lib/relic/lib/librelic_s.a(relic_fp_mul_low.c.obj)
                0x08005ab8                fp_muln_low
 .text.fp_mulm_low
                0x08005b9c       0x18 lib/relic/lib/librelic_s.a(relic_fp_mul_low.c.obj)
                0x08005b9c                fp_mulm_low
 .text.fp_rdcn_low
                0x08005bb4      0x178 lib/relic/lib/librelic_s.a(relic_fp_rdc_low.c.obj)
                0x08005bb4                fp_rdcn_low
 .text.fp_rsh1_low
                0x08005d2c       0x24 lib/relic/lib/librelic_s.a(relic_fp_shift_low.c.obj)
                0x08005d2c                fp_rsh1_low
 .text.fp2_addn_low
                0x08005d50       0x24 lib/relic/lib/librelic_s.a(relic_fpx_add_low.c.obj)
                0x08005d50                fp2_addn_low
 .text.fp2_addm_low
                0x08005d74       0x24 lib/relic/lib/librelic_s.a(relic_fpx_add_low.c.obj)
                0x08005d74                fp2_addm_low
 .text.fp2_addd_low
                0x08005d98       0x28 lib/relic/lib/librelic_s.a(relic_fpx_add_low.c.obj)
                0x08005d98                fp2_addd_low
 .text.fp2_addc_low
                0x08005dc0       0x2c lib/relic/lib/librelic_s.a(relic_fpx_add_low.c.obj)
                0x08005dc0                fp2_addc_low
 .text.fp2_subm_low
                0x08005dec       0x24 lib/relic/lib/librelic_s.a(relic_fpx_add_low.c.obj)
                0x08005dec                fp2_subm_low
 .text.fp2_subc_low
                0x08005e10       0x2c lib/relic/lib/librelic_s.a(relic_fpx_add_low.c.obj)
                0x08005e10                fp2_subc_low
 .text.fp2_dblm_low
                0x08005e3c       0x20 lib/relic/lib/librelic_s.a(relic_fpx_add_low.c.obj)
                0x08005e3c                fp2_dblm_low
 .text.fp2_norm_low
                0x08005e5c       0x8c lib/relic/lib/librelic_s.a(relic_fpx_add_low.c.obj)
                0x08005e5c                fp2_norm_low
 .text.fp2_nord_low
                0x08005ee8      0x108 lib/relic/lib/librelic_s.a(relic_fpx_add_low.c.obj)
                0x08005ee8                fp2_nord_low
 .text.fp2_muln_low
                0x08005ff0       0x88 lib/relic/lib/librelic_s.a(relic_fpx_mul_low.c.obj)
                0x08005ff0                fp2_muln_low
 .text.fp2_mulm_low
                0x08006078       0x1c lib/relic/lib/librelic_s.a(relic_fpx_mul_low.c.obj)
                0x08006078                fp2_mulm_low
 .text.fp2_rdcn_low
                0x08006094       0x20 lib/relic/lib/librelic_s.a(relic_fpx_rdc_low.c.obj)
                0x08006094                fp2_rdcn_low
 .text.fp2_sqrn_low
                0x080060b4       0xdc lib/relic/lib/librelic_s.a(relic_fpx_sqr_low.c.obj)
                0x080060b4                fp2_sqrn_low
 .text.fp2_sqrm_low
                0x08006190       0x1c lib/relic/lib/librelic_s.a(relic_fpx_sqr_low.c.obj)
                0x08006190                fp2_sqrm_low
 .text.util_conv_char
                0x080061ac        0xc lib/relic/lib/librelic_s.a(relic_util.c.obj)
                0x080061ac                util_conv_char
 .text.util_bits_dig
                0x080061b8        0xc lib/relic/lib/librelic_s.a(relic_util.c.obj)
                0x080061b8                util_bits_dig
 .text.util_printf
                0x080061c4       0x28 lib/relic/lib/librelic_s.a(relic_util.c.obj)
                0x080061c4                util_printf
 .text.bn_add_imp
                0x080061ec       0x88 lib/relic/lib/librelic_s.a(relic_bn_add.c.obj)
 .text.bn_sub_imp
                0x08006274       0x6c lib/relic/lib/librelic_s.a(relic_bn_add.c.obj)
 .text.bn_add   0x080062e0       0x68 lib/relic/lib/librelic_s.a(relic_bn_add.c.obj)
                0x080062e0                bn_add
 .text.bn_add_dig
                0x08006348       0x80 lib/relic/lib/librelic_s.a(relic_bn_add.c.obj)
                0x08006348                bn_add_dig
 .text.bn_sub   0x080063c8       0x70 lib/relic/lib/librelic_s.a(relic_bn_add.c.obj)
                0x080063c8                bn_sub
 .text.bn_sub_dig
                0x08006438       0x80 lib/relic/lib/librelic_s.a(relic_bn_add.c.obj)
                0x08006438                bn_sub_dig
 .text.bn_cmp_abs
                0x080064b8       0x40 lib/relic/lib/librelic_s.a(relic_bn_cmp.c.obj)
                0x080064b8                bn_cmp_abs
 .text.bn_cmp_dig
                0x080064f8       0x24 lib/relic/lib/librelic_s.a(relic_bn_cmp.c.obj)
                0x080064f8                bn_cmp_dig
 .text.bn_cmp   0x0800651c       0x4c lib/relic/lib/librelic_s.a(relic_bn_cmp.c.obj)
                0x0800651c                bn_cmp
 .text.bn_div_imp
                0x08006568      0x178 lib/relic/lib/librelic_s.a(relic_bn_div.c.obj)
 .text.bn_div   0x080066e0       0x54 lib/relic/lib/librelic_s.a(relic_bn_div.c.obj)
                0x080066e0                bn_div
 .text.bn_div_rem
                0x08006734       0x58 lib/relic/lib/librelic_s.a(relic_bn_div.c.obj)
                0x08006734                bn_div_rem
 .text.bn_div_dig
                0x0800678c       0x8c lib/relic/lib/librelic_s.a(relic_bn_div.c.obj)
                0x0800678c                bn_div_dig
 .text.bn_div_rem_dig
                0x08006818       0xac lib/relic/lib/librelic_s.a(relic_bn_div.c.obj)
                0x08006818                bn_div_rem_dig
 .text.bn_gcd_ext_mid
                0x080068c4      0x24c lib/relic/lib/librelic_s.a(relic_bn_gcd.c.obj)
                0x080068c4                bn_gcd_ext_mid
 .text.bn_make  0x08006b10       0x48 lib/relic/lib/librelic_s.a(relic_bn_mem.c.obj)
                0x08006b10                bn_make
 .text.bn_clean
                0x08006b58        0xc lib/relic/lib/librelic_s.a(relic_bn_mem.c.obj)
                0x08006b58                bn_clean
 .text.bn_grow  0x08006b64       0x38 lib/relic/lib/librelic_s.a(relic_bn_mem.c.obj)
                0x08006b64                bn_grow
 .text.bn_trim  0x08006b9c       0x30 lib/relic/lib/librelic_s.a(relic_bn_mem.c.obj)
                0x08006b9c                bn_trim
 .text.bn_mod_dig
                0x08006bcc        0xc lib/relic/lib/librelic_s.a(relic_bn_mod.c.obj)
                0x08006bcc                bn_mod_dig
 .text.bn_mod_basic
                0x08006bd8        0xc lib/relic/lib/librelic_s.a(relic_bn_mod.c.obj)
                0x08006bd8                bn_mod_basic
 .text.bn_mod_pre_monty
                0x08006be4       0x84 lib/relic/lib/librelic_s.a(relic_bn_mod.c.obj)
                0x08006be4                bn_mod_pre_monty
 .text.bn_mul_dig
                0x08006c68       0x44 lib/relic/lib/librelic_s.a(relic_bn_mul.c.obj)
                0x08006c68                bn_mul_dig
 .text.bn_mul_comba
                0x08006cac       0x78 lib/relic/lib/librelic_s.a(relic_bn_mul.c.obj)
                0x08006cac                bn_mul_comba
 .text.get_bits
                0x08006d24       0xa8 lib/relic/lib/librelic_s.a(relic_bn_rec.c.obj)
 .text.bn_rec_slw
                0x08006dcc       0xc0 lib/relic/lib/librelic_s.a(relic_bn_rec.c.obj)
                0x08006dcc                bn_rec_slw
 .text.bn_rec_naf
                0x08006e8c      0x150 lib/relic/lib/librelic_s.a(relic_bn_rec.c.obj)
                0x08006e8c                bn_rec_naf
 .text.bn_dbl   0x08006fdc       0x34 lib/relic/lib/librelic_s.a(relic_bn_shift.c.obj)
                0x08006fdc                bn_dbl
 .text.bn_hlv   0x08007010       0x20 lib/relic/lib/librelic_s.a(relic_bn_shift.c.obj)
                0x08007010                bn_hlv
 .text.bn_lsh   0x08007030       0x8c lib/relic/lib/librelic_s.a(relic_bn_shift.c.obj)
                0x08007030                bn_lsh
 .text.bn_rsh   0x080070bc       0x7c lib/relic/lib/librelic_s.a(relic_bn_shift.c.obj)
                0x080070bc                bn_rsh
 .text.bn_sqr_comba
                0x08007138       0x38 lib/relic/lib/librelic_s.a(relic_bn_sqr.c.obj)
                0x08007138                bn_sqr_comba
 .text.bn_srt   0x08007170      0x108 lib/relic/lib/librelic_s.a(relic_bn_srt.c.obj)
                0x08007170                bn_srt
 .text.fp_add_integ
                0x08007278        0x4 lib/relic/lib/librelic_s.a(relic_fp_add.c.obj)
                0x08007278                fp_add_integ
 .text.fp_add_dig
                0x0800727c       0x38 lib/relic/lib/librelic_s.a(relic_fp_add.c.obj)
                0x0800727c                fp_add_dig
 .text.fp_sub_integ
                0x080072b4        0x4 lib/relic/lib/librelic_s.a(relic_fp_add.c.obj)
                0x080072b4                fp_sub_integ
 .text.fp_sub_dig
                0x080072b8       0x38 lib/relic/lib/librelic_s.a(relic_fp_add.c.obj)
                0x080072b8                fp_sub_dig
 .text.fp_neg_integ
                0x080072f0        0x4 lib/relic/lib/librelic_s.a(relic_fp_add.c.obj)
                0x080072f0                fp_neg_integ
 .text.fp_dbl_integ
                0x080072f4        0x4 lib/relic/lib/librelic_s.a(relic_fp_add.c.obj)
                0x080072f4                fp_dbl_integ
 .text.fp_cmp_dig
                0x080072f8       0x38 lib/relic/lib/librelic_s.a(relic_fp_cmp.c.obj)
                0x080072f8                fp_cmp_dig
 .text.fp_cmp   0x08007330       0x34 lib/relic/lib/librelic_s.a(relic_fp_cmp.c.obj)
                0x08007330                fp_cmp
 .text.fp_is_cub.part.0
                0x08007364       0x54 lib/relic/lib/librelic_s.a(relic_fp_crt.c.obj)
 .text.fp_is_cub
                0x080073b8       0x30 lib/relic/lib/librelic_s.a(relic_fp_crt.c.obj)
                0x080073b8                fp_is_cub
 .text.fp_hlv_integ
                0x080073e8        0x4 lib/relic/lib/librelic_s.a(relic_fp_div.c.obj)
                0x080073e8                fp_hlv_integ
 .text.fp_exp_slide
                0x080073ec       0xe4 lib/relic/lib/librelic_s.a(relic_fp_exp.c.obj)
                0x080073ec                fp_exp_slide
 .text.fp_inv_jmpds.part.0
                0x080074d0      0x670 lib/relic/lib/librelic_s.a(relic_fp_inv.c.obj)
 .text.fp_inv_jmpds
                0x08007b40       0x50 lib/relic/lib/librelic_s.a(relic_fp_inv.c.obj)
                0x08007b40                fp_inv_jmpds
 .text.fp_mul_dig
                0x08007b90       0x20 lib/relic/lib/librelic_s.a(relic_fp_mul.c.obj)
                0x08007b90                fp_mul_dig
 .text.fp_mul_integ
                0x08007bb0        0x4 lib/relic/lib/librelic_s.a(relic_fp_mul.c.obj)
                0x08007bb0                fp_mul_integ
 .text.fp_param_set
                0x08007bb4       0x8c lib/relic/lib/librelic_s.a(relic_fp_param.c.obj)
                0x08007bb4                fp_param_set
 .text.jumpdivstep
                0x08007c40      0x108 lib/relic/lib/librelic_s.a(relic_fp_smb.c.obj)
 .text.fp_smb_jmpds
                0x08007d48      0x22c lib/relic/lib/librelic_s.a(relic_fp_smb.c.obj)
                0x08007d48                fp_smb_jmpds
 .text.fp_sqr_integ
                0x08007f74        0x4 lib/relic/lib/librelic_s.a(relic_fp_sqr.c.obj)
                0x08007f74                fp_sqr_integ
 .text.fp12_mul_unr
                0x08007f78       0xbc lib/relic/lib/librelic_s.a(relic_fp12_mul.c.obj)
                0x08007f78                fp12_mul_unr
 .text.fp12_mul_lazyr
                0x08008034       0x38 lib/relic/lib/librelic_s.a(relic_fp12_mul.c.obj)
                0x08008034                fp12_mul_lazyr
 .text.fp12_mul_dxs_lazyr
                0x0800806c      0x360 lib/relic/lib/librelic_s.a(relic_fp12_mul.c.obj)
                0x0800806c                fp12_mul_dxs_lazyr
 .text.fp12_conv_cyc
                0x080083cc       0x38 lib/relic/lib/librelic_s.a(relic_fpx_cyc.c.obj)
                0x080083cc                fp12_conv_cyc
 .text.fp12_back_cyc_sim
                0x08008404      0x1f8 lib/relic/lib/librelic_s.a(relic_fpx_cyc.c.obj)
                0x08008404                fp12_back_cyc_sim
 .text.fp12_exp_cyc_sps
                0x080085fc      0x198 lib/relic/lib/librelic_s.a(relic_fpx_cyc.c.obj)
                0x080085fc                fp12_exp_cyc_sps
 .text.fp2_exp  0x08008794       0x78 lib/relic/lib/librelic_s.a(relic_fpx_exp.c.obj)
                0x08008794                fp2_exp
 .text.fp2_frb  0x0800880c       0x38 lib/relic/lib/librelic_s.a(relic_fpx_frb.c.obj)
                0x0800880c                fp2_frb
 .text.fp6_frb  0x08008844       0xa8 lib/relic/lib/librelic_s.a(relic_fpx_frb.c.obj)
                0x08008844                fp6_frb
 .text.fp12_frb
                0x080088ec       0xc8 lib/relic/lib/librelic_s.a(relic_fpx_frb.c.obj)
                0x080088ec                fp12_frb
 .text.fp2_inv  0x080089b4       0xb0 lib/relic/lib/librelic_s.a(relic_fpx_inv.c.obj)
                0x080089b4                fp2_inv
 .text.fp2_inv_sim
                0x08008a64       0xcc lib/relic/lib/librelic_s.a(relic_fpx_inv.c.obj)
                0x08008a64                fp2_inv_sim
 .text.fp6_inv  0x08008b30       0xec lib/relic/lib/librelic_s.a(relic_fpx_inv.c.obj)
                0x08008b30                fp6_inv
 .text.fp12_inv
                0x08008c1c       0x58 lib/relic/lib/librelic_s.a(relic_fpx_inv.c.obj)
                0x08008c1c                fp12_inv
 .text.fp12_inv_cyc
                0x08008c74       0x20 lib/relic/lib/librelic_s.a(relic_fpx_inv.c.obj)
                0x08008c74                fp12_inv_cyc
 .text.ep_add_projc
                0x08008c94      0x960 lib/relic/lib/librelic_s.a(relic_ep_add.c.obj)
                0x08008c94                ep_add_projc
 .text.ep_sub   0x080095f4       0x28 lib/relic/lib/librelic_s.a(relic_ep_add.c.obj)
                0x080095f4                ep_sub
 .text.ep_cmp   0x0800961c      0x118 lib/relic/lib/librelic_s.a(relic_ep_cmp.c.obj)
                0x0800961c                ep_cmp
 .text.ep2_add_projc_imp
                0x08009734      0x92c lib/relic/lib/librelic_s.a(relic_ep2_add.c.obj)
 .text.ep2_add_projc
                0x0800a060       0x40 lib/relic/lib/librelic_s.a(relic_ep2_add.c.obj)
                0x0800a060                ep2_add_projc
 .text.ep2_sub  0x0800a0a0       0x28 lib/relic/lib/librelic_s.a(relic_ep2_add.c.obj)
                0x0800a0a0                ep2_sub
 .text.ep2_dbl_projc_imp
                0x0800a0c8      0x3b0 lib/relic/lib/librelic_s.a(relic_ep2_dbl.c.obj)
 .text.ep2_dbl_projc
                0x0800a478       0x2c lib/relic/lib/librelic_s.a(relic_ep2_dbl.c.obj)
                0x0800a478                ep2_dbl_projc
 .text.ep2_frb  0x0800a4a4       0xac lib/relic/lib/librelic_s.a(relic_ep2_frb.c.obj)
                0x0800a4a4                ep2_frb
 .text.ep2_mul_dig.part.0
                0x0800a550       0x88 lib/relic/lib/librelic_s.a(relic_ep2_mul.c.obj)
 .text.ep2_mul_basic
                0x0800a5d8       0xe8 lib/relic/lib/librelic_s.a(relic_ep2_mul.c.obj)
                0x0800a5d8                ep2_mul_basic
 .text.ep2_neg  0x0800a6c0       0x48 lib/relic/lib/librelic_s.a(relic_ep2_neg.c.obj)
                0x0800a6c0                ep2_neg
 .text.pp_add_k12_projc_lazyr
                0x0800a708      0x170 lib/relic/lib/librelic_s.a(relic_pp_add_k12.c.obj)
                0x0800a708                pp_add_k12_projc_lazyr
 .text.pp_dbl_k12_projc_lazyr
                0x0800a878      0x2a0 lib/relic/lib/librelic_s.a(relic_pp_dbl_k12.c.obj)
                0x0800a878                pp_dbl_k12_projc_lazyr
 .text.pp_exp_sm9
                0x0800ab18      0x1d4 lib/relic/lib/librelic_s.a(relic_pp_exp_k12.c.obj)
 .text.pp_exp_bn
                0x0800acec      0x148 lib/relic/lib/librelic_s.a(relic_pp_exp_k12.c.obj)
 .text.pp_exp_b12
                0x0800ae34      0x1b0 lib/relic/lib/librelic_s.a(relic_pp_exp_k12.c.obj)
 .text.pp_exp_k12
                0x0800afe4       0x3c lib/relic/lib/librelic_s.a(relic_pp_exp_k12.c.obj)
                0x0800afe4                pp_exp_k12
 .text.bn_add1_low
                0x0800b020       0x50 lib/relic/lib/librelic_s.a(relic_bn_add_low.c.obj)
                0x0800b020                bn_add1_low
 .text.bn_addn_low
                0x0800b070       0x44 lib/relic/lib/librelic_s.a(relic_bn_add_low.c.obj)
                0x0800b070                bn_addn_low
 .text.bn_sub1_low
                0x0800b0b4       0x50 lib/relic/lib/librelic_s.a(relic_bn_add_low.c.obj)
                0x0800b0b4                bn_sub1_low
 .text.bn_subn_low
                0x0800b104       0x50 lib/relic/lib/librelic_s.a(relic_bn_add_low.c.obj)
                0x0800b104                bn_subn_low
 .text.bn_negs_low
                0x0800b154       0x34 lib/relic/lib/librelic_s.a(relic_bn_add_low.c.obj)
                0x0800b154                bn_negs_low
 .text.bn_sqrn_low
                0x0800b188      0x1fc lib/relic/lib/librelic_s.a(relic_bn_sqr_low.c.obj)
                0x0800b188                bn_sqrn_low
 .text.fp_sqrn_low
                0x0800b384      0x1bc lib/relic/lib/librelic_s.a(relic_fp_sqr_low.c.obj)
                0x0800b384                fp_sqrn_low
 .text.fp_sqrm_low
                0x0800b540       0x18 lib/relic/lib/librelic_s.a(relic_fp_sqr_low.c.obj)
                0x0800b540                fp_sqrm_low
 .text.fp6_sqr_unr
                0x0800b558       0xfc lib/relic/lib/librelic_s.a(relic_fp6_sqr.c.obj)
                0x0800b558                fp6_sqr_unr
 .text.fp6_sqr_lazyr
                0x0800b654       0x34 lib/relic/lib/librelic_s.a(relic_fp6_sqr.c.obj)
                0x0800b654                fp6_sqr_lazyr
 .text          0x0800b688       0x30 /opt/homebrew/Cellar/arm-none-eabi-gcc/16.1.0/lib/gcc/arm-none-eabi/16.1.0/thumb/v7e-m/nofp/libgcc.a(_aeabi_uldivmod.o)
                0x0800b688                __aeabi_uldivmod
 .text          0x0800b6b8      0x328 /opt/homebrew/Cellar/arm-none-eabi-gcc/16.1.0/lib/gcc/arm-none-eabi/16.1.0/thumb/v7e-m/nofp/libgcc.a(_udivmoddi4.o)
                0x0800b6b8                __udivmoddi4
 .text          0x0800b9e0        0x4 /opt/homebrew/Cellar/arm-none-eabi-gcc/16.1.0/lib/gcc/arm-none-eabi/16.1.0/thumb/v7e-m/nofp/libgcc.a(_dvmd_tls.o)
                0x0800b9e0                __aeabi_ldiv0
                0x0800b9e0                __aeabi_idiv0
 *(.rodata*)
 .rodata.main.str1.4
                0x0800b9e4      0xae1 CMakeFiles/single_pairing_m4.dir/uvision/single_pairing_m4.c.obj
                                0x106 (size before relaxing)
 *fill*         0x0800c4c5        0x3 
 .rodata.TEST_PROOF
                0x0800c4c8      0x100 CMakeFiles/single_pairing_m4.dir/uvision/single_pairing_m4.c.obj
 .rodata.printf.str1.4
                0x0800c5c8        0x0 CMakeFiles/single_pairing_m4.dir/uvision/startup.c.obj
                                 0x11 (size before relaxing)
 .rodata.bn_set_2b.str1.4
                0x0800c5c8        0x0 lib/relic/lib/librelic_s.a(relic_bn_util.c.obj)
                                 0x7b (size before relaxing)
 .rodata.dv_zero.str1.4
                0x0800c5c8        0x0 lib/relic/lib/librelic_s.a(relic_dv_util.c.obj)
                                 0x7b (size before relaxing)
 .rodata.fp_prime_set.str1.4
                0x0800c5c8        0x0 lib/relic/lib/librelic_s.a(relic_fp_prime.c.obj)
                                 0x7f (size before relaxing)
 .rodata.fp_read_bin.str1.4
                0x0800c5c8        0x0 lib/relic/lib/librelic_s.a(relic_fp_util.c.obj)
                                 0x7b (size before relaxing)
 .rodata.fp2_srt.part.0.str1.4
                0x0800c5c8        0x0 lib/relic/lib/librelic_s.a(relic_fpx_srt.c.obj)
                                 0x7f (size before relaxing)
 .rodata.ep_curve_set_map.str1.4
                0x0800c5c8        0x0 lib/relic/lib/librelic_s.a(relic_ep_curve.c.obj)
                                 0x7f (size before relaxing)
 .rodata.ep_param_set.str1.4
                0x0800c5c8        0x0 lib/relic/lib/librelic_s.a(relic_ep_param.c.obj)
                                0x15b (size before relaxing)
 .rodata.ep2_curve_set_twist.str1.4
                0x0800c5c8        0x0 lib/relic/lib/librelic_s.a(relic_ep2_curve.c.obj)
                                0x487 (size before relaxing)
 .rodata.conv_table.0
                0x0800c5c8       0x41 lib/relic/lib/librelic_s.a(relic_util.c.obj)
 .rodata.bn_div.str1.4
                0x0800c609        0x0 lib/relic/lib/librelic_s.a(relic_bn_div.c.obj)
                                 0x7b (size before relaxing)
 .rodata.bn_make.str1.4
                0x0800c609        0x0 lib/relic/lib/librelic_s.a(relic_bn_mem.c.obj)
                                 0x7b (size before relaxing)
 .rodata.bn_mod_pre_barrt.str1.4
                0x0800c609        0x0 lib/relic/lib/librelic_s.a(relic_bn_mod.c.obj)
                                 0x7b (size before relaxing)
 .rodata.bn_rec_win.str1.4
                0x0800c609        0x0 lib/relic/lib/librelic_s.a(relic_bn_rec.c.obj)
                                 0x7b (size before relaxing)
 .rodata.bn_srt.str1.4
                0x0800c609        0x0 lib/relic/lib/librelic_s.a(relic_bn_srt.c.obj)
                                 0x7b (size before relaxing)
 .rodata.fp_inv_basic.str1.4
                0x0800c609        0x0 lib/relic/lib/librelic_s.a(relic_fp_inv.c.obj)
                                 0x7b (size before relaxing)
 .rodata.fp_param_set.str1.4
                0x0800c609        0x0 lib/relic/lib/librelic_s.a(relic_fp_param.c.obj)
                                 0x11 (size before relaxing)

.glue_7         0x0800c60c        0x0
 .glue_7        0x0800c60c        0x0 linker stubs

.glue_7t        0x0800c60c        0x0
 .glue_7t       0x0800c60c        0x0 linker stubs

.vfp11_veneer   0x0800c60c        0x0
 .vfp11_veneer  0x0800c60c        0x0 linker stubs

.v4_bx          0x0800c60c        0x0
 .v4_bx         0x0800c60c        0x0 linker stubs

.iplt           0x0800c60c        0x0
 .iplt          0x0800c60c        0x0 CMakeFiles/single_pairing_m4.dir/uvision/single_pairing_m4.c.obj

.rel.dyn        0x0800c60c        0x0
 .rel.iplt      0x0800c60c        0x0 CMakeFiles/single_pairing_m4.dir/uvision/single_pairing_m4.c.obj

.ARM.exidx      0x0800c60c        0x8
 .ARM.exidx     0x0800c60c        0x8 /opt/homebrew/Cellar/arm-none-eabi-gcc/16.1.0/lib/gcc/arm-none-eabi/16.1.0/thumb/v7e-m/nofp/libgcc.a(_udivmoddi4.o)

.data           0x20000000        0x8 load address 0x0800c614
 *(.data*)
 .data.stdout   0x20000000        0x4 CMakeFiles/single_pairing_m4.dir/uvision/startup.c.obj
                0x20000000                stdout
 .data._stdout_f
                0x20000004        0x4 CMakeFiles/single_pairing_m4.dir/uvision/startup.c.obj

.igot.plt       0x20000008        0x0 load address 0x0800c61c
 .igot.plt      0x20000008        0x0 CMakeFiles/single_pairing_m4.dir/uvision/single_pairing_m4.c.obj

.bss            0x20000008     0x319c load address 0x0800c61c
                0x20000008                        __bss_start = .
 *(.bss*)
 .bss.g_done    0x20000008        0x4 CMakeFiles/single_pairing_m4.dir/uvision/single_pairing_m4.c.obj
                0x20000008                g_done
 .bss.g_ticks   0x2000000c        0xc CMakeFiles/single_pairing_m4.dir/uvision/single_pairing_m4.c.obj
                0x2000000c                g_ticks
 .bss.g_valid   0x20000018        0x4 CMakeFiles/single_pairing_m4.dir/uvision/single_pairing_m4.c.obj
                0x20000018                g_valid
 .bss.systick_overflow_count
                0x2000001c        0x4 CMakeFiles/single_pairing_m4.dir/uvision/single_pairing_m4.c.obj
                0x2000001c                systick_overflow_count
 .bss.core_ctx  0x20000020        0x4 lib/relic/lib/librelic_s.a(relic_core.c.obj)
 .bss.first_ctx
                0x20000024     0x3180 lib/relic/lib/librelic_s.a(relic_core.c.obj)
 *(COMMON)
                0x200031a4                        __bss_end = .
                0x200031a4                        _end = .
OUTPUT(single_pairing_m4 elf32-littlearm)
LOAD linker stubs

.comment        0x00000000       0x12
 .comment       0x00000000       0x12 CMakeFiles/single_pairing_m4.dir/uvision/single_pairing_m4.c.obj
                                 0x13 (size before relaxing)
 .comment       0x00000012        0x0 CMakeFiles/single_pairing_m4.dir/uvision/startup.c.obj
                                 0x13 (size before relaxing)
 .comment       0x00000012        0x0 libpairing.a(point_decode.c.obj)
                                 0x13 (size before relaxing)
 .comment       0x00000012        0x0 libpairing.a(crypto_init.c.obj)
                                 0x13 (size before relaxing)
 .comment       0x00000012        0x0 lib/relic/lib/librelic_s.a(relic_core.c.obj)
                                 0x13 (size before relaxing)
 .comment       0x00000012        0x0 lib/relic/lib/librelic_s.a(relic_arch_none.c.obj)
                                 0x13 (size before relaxing)
 .comment       0x00000012        0x0 lib/relic/lib/librelic_s.a(relic_rand_core.c.obj)
                                 0x13 (size before relaxing)
 .comment       0x00000012        0x0 lib/relic/lib/librelic_s.a(relic_rand_call.c.obj)
                                 0x13 (size before relaxing)
 .comment       0x00000012        0x0 lib/relic/lib/librelic_s.a(relic_bn_util.c.obj)
                                 0x13 (size before relaxing)
 .comment       0x00000012        0x0 lib/relic/lib/librelic_s.a(relic_dv_util.c.obj)
                                 0x13 (size before relaxing)
 .comment       0x00000012        0x0 lib/relic/lib/librelic_s.a(relic_fp_prime.c.obj)
                                 0x13 (size before relaxing)
 .comment       0x00000012        0x0 lib/relic/lib/librelic_s.a(relic_fp_rdc.c.obj)
                                 0x13 (size before relaxing)
 .comment       0x00000012        0x0 lib/relic/lib/librelic_s.a(relic_fp_srt.c.obj)
                                 0x13 (size before relaxing)
 .comment       0x00000012        0x0 lib/relic/lib/librelic_s.a(relic_fp_util.c.obj)
                                 0x13 (size before relaxing)
 .comment       0x00000012        0x0 lib/relic/lib/librelic_s.a(relic_fp12_sqr.c.obj)
                                 0x13 (size before relaxing)
 .comment       0x00000012        0x0 lib/relic/lib/librelic_s.a(relic_fp2_mul.c.obj)
                                 0x13 (size before relaxing)
 .comment       0x00000012        0x0 lib/relic/lib/librelic_s.a(relic_fp2_sqr.c.obj)
                                 0x13 (size before relaxing)
 .comment       0x00000012        0x0 lib/relic/lib/librelic_s.a(relic_fp4_mul.c.obj)
                                 0x13 (size before relaxing)
 .comment       0x00000012        0x0 lib/relic/lib/librelic_s.a(relic_fp4_sqr.c.obj)
                                 0x13 (size before relaxing)
 .comment       0x00000012        0x0 lib/relic/lib/librelic_s.a(relic_fp6_mul.c.obj)
                                 0x13 (size before relaxing)
 .comment       0x00000012        0x0 lib/relic/lib/librelic_s.a(relic_fpx_add.c.obj)
                                 0x13 (size before relaxing)
 .comment       0x00000012        0x0 lib/relic/lib/librelic_s.a(relic_fpx_cmp.c.obj)
                                 0x13 (size before relaxing)
 .comment       0x00000012        0x0 lib/relic/lib/librelic_s.a(relic_fpx_field.c.obj)
                                 0x13 (size before relaxing)
 .comment       0x00000012        0x0 lib/relic/lib/librelic_s.a(relic_fpx_srt.c.obj)
                                 0x13 (size before relaxing)
 .comment       0x00000012        0x0 lib/relic/lib/librelic_s.a(relic_fpx_util.c.obj)
                                 0x13 (size before relaxing)
 .comment       0x00000012        0x0 lib/relic/lib/librelic_s.a(relic_ep_curve.c.obj)
                                 0x13 (size before relaxing)
 .comment       0x00000012        0x0 lib/relic/lib/librelic_s.a(relic_ep_dbl.c.obj)
                                 0x13 (size before relaxing)
 .comment       0x00000012        0x0 lib/relic/lib/librelic_s.a(relic_ep_mul.c.obj)
                                 0x13 (size before relaxing)
 .comment       0x00000012        0x0 lib/relic/lib/librelic_s.a(relic_ep_neg.c.obj)
                                 0x13 (size before relaxing)
 .comment       0x00000012        0x0 lib/relic/lib/librelic_s.a(relic_ep_norm.c.obj)
                                 0x13 (size before relaxing)
 .comment       0x00000012        0x0 lib/relic/lib/librelic_s.a(relic_ep_param.c.obj)
                                 0x13 (size before relaxing)
 .comment       0x00000012        0x0 lib/relic/lib/librelic_s.a(relic_ep_psi.c.obj)
                                 0x13 (size before relaxing)
 .comment       0x00000012        0x0 lib/relic/lib/librelic_s.a(relic_ep_tpl.c.obj)
                                 0x13 (size before relaxing)
 .comment       0x00000012        0x0 lib/relic/lib/librelic_s.a(relic_ep_util.c.obj)
                                 0x13 (size before relaxing)
 .comment       0x00000012        0x0 lib/relic/lib/librelic_s.a(relic_ep2_curve.c.obj)
                                 0x13 (size before relaxing)
 .comment       0x00000012        0x0 lib/relic/lib/librelic_s.a(relic_ep2_norm.c.obj)
                                 0x13 (size before relaxing)
 .comment       0x00000012        0x0 lib/relic/lib/librelic_s.a(relic_ep2_util.c.obj)
                                 0x13 (size before relaxing)
 .comment       0x00000012        0x0 lib/relic/lib/librelic_s.a(relic_pp_map.c.obj)
                                 0x13 (size before relaxing)
 .comment       0x00000012        0x0 lib/relic/lib/librelic_s.a(relic_pp_map_k12.c.obj)
                                 0x13 (size before relaxing)
 .comment       0x00000012        0x0 lib/relic/lib/librelic_s.a(relic_bn_div_low.c.obj)
                                 0x13 (size before relaxing)
 .comment       0x00000012        0x0 lib/relic/lib/librelic_s.a(relic_bn_mul_low.c.obj)
                                 0x13 (size before relaxing)
 .comment       0x00000012        0x0 lib/relic/lib/librelic_s.a(relic_bn_shift_low.c.obj)
                                 0x13 (size before relaxing)
 .comment       0x00000012        0x0 lib/relic/lib/librelic_s.a(relic_fp_add_low.c.obj)
                                 0x13 (size before relaxing)
 .comment       0x00000012        0x0 lib/relic/lib/librelic_s.a(relic_fp_mul_low.c.obj)
                                 0x13 (size before relaxing)
 .comment       0x00000012        0x0 lib/relic/lib/librelic_s.a(relic_fp_rdc_low.c.obj)
                                 0x13 (size before relaxing)
 .comment       0x00000012        0x0 lib/relic/lib/librelic_s.a(relic_fp_shift_low.c.obj)
                                 0x13 (size before relaxing)
 .comment       0x00000012        0x0 lib/relic/lib/librelic_s.a(relic_fpx_add_low.c.obj)
                                 0x13 (size before relaxing)
 .comment       0x00000012        0x0 lib/relic/lib/librelic_s.a(relic_fpx_mul_low.c.obj)
                                 0x13 (size before relaxing)
 .comment       0x00000012        0x0 lib/relic/lib/librelic_s.a(relic_fpx_rdc_low.c.obj)
                                 0x13 (size before relaxing)
 .comment       0x00000012        0x0 lib/relic/lib/librelic_s.a(relic_fpx_sqr_low.c.obj)
                                 0x13 (size before relaxing)
 .comment       0x00000012        0x0 lib/relic/lib/librelic_s.a(relic_util.c.obj)
                                 0x13 (size before relaxing)
 .comment       0x00000012        0x0 lib/relic/lib/librelic_s.a(relic_bn_add.c.obj)
                                 0x13 (size before relaxing)
 .comment       0x00000012        0x0 lib/relic/lib/librelic_s.a(relic_bn_cmp.c.obj)
                                 0x13 (size before relaxing)
 .comment       0x00000012        0x0 lib/relic/lib/librelic_s.a(relic_bn_div.c.obj)
                                 0x13 (size before relaxing)
 .comment       0x00000012        0x0 lib/relic/lib/librelic_s.a(relic_bn_gcd.c.obj)
                                 0x13 (size before relaxing)
 .comment       0x00000012        0x0 lib/relic/lib/librelic_s.a(relic_bn_mem.c.obj)
                                 0x13 (size before relaxing)
 .comment       0x00000012        0x0 lib/relic/lib/librelic_s.a(relic_bn_mod.c.obj)
                                 0x13 (size before relaxing)
 .comment       0x00000012        0x0 lib/relic/lib/librelic_s.a(relic_bn_mul.c.obj)
                                 0x13 (size before relaxing)
 .comment       0x00000012        0x0 lib/relic/lib/librelic_s.a(relic_bn_rec.c.obj)
                                 0x13 (size before relaxing)
 .comment       0x00000012        0x0 lib/relic/lib/librelic_s.a(relic_bn_shift.c.obj)
                                 0x13 (size before relaxing)
 .comment       0x00000012        0x0 lib/relic/lib/librelic_s.a(relic_bn_sqr.c.obj)
                                 0x13 (size before relaxing)
 .comment       0x00000012        0x0 lib/relic/lib/librelic_s.a(relic_bn_srt.c.obj)
                                 0x13 (size before relaxing)
 .comment       0x00000012        0x0 lib/relic/lib/librelic_s.a(relic_fp_add.c.obj)
                                 0x13 (size before relaxing)
 .comment       0x00000012        0x0 lib/relic/lib/librelic_s.a(relic_fp_cmp.c.obj)
                                 0x13 (size before relaxing)
 .comment       0x00000012        0x0 lib/relic/lib/librelic_s.a(relic_fp_crt.c.obj)
                                 0x13 (size before relaxing)
 .comment       0x00000012        0x0 lib/relic/lib/librelic_s.a(relic_fp_div.c.obj)
                                 0x13 (size before relaxing)
 .comment       0x00000012        0x0 lib/relic/lib/librelic_s.a(relic_fp_exp.c.obj)
                                 0x13 (size before relaxing)
 .comment       0x00000012        0x0 lib/relic/lib/librelic_s.a(relic_fp_inv.c.obj)
                                 0x13 (size before relaxing)
 .comment       0x00000012        0x0 lib/relic/lib/librelic_s.a(relic_fp_mul.c.obj)
                                 0x13 (size before relaxing)
 .comment       0x00000012        0x0 lib/relic/lib/librelic_s.a(relic_fp_param.c.obj)
                                 0x13 (size before relaxing)
 .comment       0x00000012        0x0 lib/relic/lib/librelic_s.a(relic_fp_smb.c.obj)
                                 0x13 (size before relaxing)
 .comment       0x00000012        0x0 lib/relic/lib/librelic_s.a(relic_fp_sqr.c.obj)
                                 0x13 (size before relaxing)
 .comment       0x00000012        0x0 lib/relic/lib/librelic_s.a(relic_fp12_mul.c.obj)
                                 0x13 (size before relaxing)
 .comment       0x00000012        0x0 lib/relic/lib/librelic_s.a(relic_fpx_cyc.c.obj)
                                 0x13 (size before relaxing)
 .comment       0x00000012        0x0 lib/relic/lib/librelic_s.a(relic_fpx_exp.c.obj)
                                 0x13 (size before relaxing)
 .comment       0x00000012        0x0 lib/relic/lib/librelic_s.a(relic_fpx_frb.c.obj)
                                 0x13 (size before relaxing)
 .comment       0x00000012        0x0 lib/relic/lib/librelic_s.a(relic_fpx_inv.c.obj)
                                 0x13 (size before relaxing)
 .comment       0x00000012        0x0 lib/relic/lib/librelic_s.a(relic_ep_add.c.obj)
                                 0x13 (size before relaxing)
 .comment       0x00000012        0x0 lib/relic/lib/librelic_s.a(relic_ep_cmp.c.obj)
                                 0x13 (size before relaxing)
 .comment       0x00000012        0x0 lib/relic/lib/librelic_s.a(relic_ep2_add.c.obj)
                                 0x13 (size before relaxing)
 .comment       0x00000012        0x0 lib/relic/lib/librelic_s.a(relic_ep2_dbl.c.obj)
                                 0x13 (size before relaxing)
 .comment       0x00000012        0x0 lib/relic/lib/librelic_s.a(relic_ep2_frb.c.obj)
                                 0x13 (size before relaxing)
 .comment       0x00000012        0x0 lib/relic/lib/librelic_s.a(relic_ep2_mul.c.obj)
                                 0x13 (size before relaxing)
 .comment       0x00000012        0x0 lib/relic/lib/librelic_s.a(relic_ep2_neg.c.obj)
                                 0x13 (size before relaxing)
 .comment       0x00000012        0x0 lib/relic/lib/librelic_s.a(relic_pp_add_k12.c.obj)
                                 0x13 (size before relaxing)
 .comment       0x00000012        0x0 lib/relic/lib/librelic_s.a(relic_pp_dbl_k12.c.obj)
                                 0x13 (size before relaxing)
 .comment       0x00000012        0x0 lib/relic/lib/librelic_s.a(relic_pp_exp_k12.c.obj)
                                 0x13 (size before relaxing)
 .comment       0x00000012        0x0 lib/relic/lib/librelic_s.a(relic_bn_add_low.c.obj)
                                 0x13 (size before relaxing)
 .comment       0x00000012        0x0 lib/relic/lib/librelic_s.a(relic_bn_sqr_low.c.obj)
                                 0x13 (size before relaxing)
 .comment       0x00000012        0x0 lib/relic/lib/librelic_s.a(relic_fp_sqr_low.c.obj)
                                 0x13 (size before relaxing)
 .comment       0x00000012        0x0 lib/relic/lib/librelic_s.a(relic_fp6_sqr.c.obj)
                                 0x13 (size before relaxing)
 .comment       0x00000012        0x0 /opt/homebrew/Cellar/arm-none-eabi-gcc/16.1.0/lib/gcc/arm-none-eabi/16.1.0/thumb/v7e-m/nofp/libgcc.a(_udivmoddi4.o)
                                 0x13 (size before relaxing)

.ARM.attributes
                0x00000000       0x2e
 .ARM.attributes
                0x00000000       0x2e CMakeFiles/single_pairing_m4.dir/uvision/single_pairing_m4.c.obj
 .ARM.attributes
                0x0000002e       0x2e CMakeFiles/single_pairing_m4.dir/uvision/startup.c.obj
 .ARM.attributes
                0x0000005c       0x2e libpairing.a(point_decode.c.obj)
 .ARM.attributes
                0x0000008a       0x2e libpairing.a(crypto_init.c.obj)
 .ARM.attributes
                0x000000b8       0x2e lib/relic/lib/librelic_s.a(relic_core.c.obj)
 .ARM.attributes
                0x000000e6       0x2e lib/relic/lib/librelic_s.a(relic_arch_none.c.obj)
 .ARM.attributes
                0x00000114       0x2e lib/relic/lib/librelic_s.a(relic_rand_core.c.obj)
 .ARM.attributes
                0x00000142       0x2e lib/relic/lib/librelic_s.a(relic_rand_call.c.obj)
 .ARM.attributes
                0x00000170       0x2e lib/relic/lib/librelic_s.a(relic_bn_util.c.obj)
 .ARM.attributes
                0x0000019e       0x2e lib/relic/lib/librelic_s.a(relic_dv_util.c.obj)
 .ARM.attributes
                0x000001cc       0x2e lib/relic/lib/librelic_s.a(relic_fp_prime.c.obj)
 .ARM.attributes
                0x000001fa       0x2e lib/relic/lib/librelic_s.a(relic_fp_rdc.c.obj)
 .ARM.attributes
                0x00000228       0x2e lib/relic/lib/librelic_s.a(relic_fp_srt.c.obj)
 .ARM.attributes
                0x00000256       0x2e lib/relic/lib/librelic_s.a(relic_fp_util.c.obj)
 .ARM.attributes
                0x00000284       0x2e lib/relic/lib/librelic_s.a(relic_fp12_sqr.c.obj)
 .ARM.attributes
                0x000002b2       0x2e lib/relic/lib/librelic_s.a(relic_fp2_mul.c.obj)
 .ARM.attributes
                0x000002e0       0x2e lib/relic/lib/librelic_s.a(relic_fp2_sqr.c.obj)
 .ARM.attributes
                0x0000030e       0x2e lib/relic/lib/librelic_s.a(relic_fp4_mul.c.obj)
 .ARM.attributes
                0x0000033c       0x2e lib/relic/lib/librelic_s.a(relic_fp4_sqr.c.obj)
 .ARM.attributes
                0x0000036a       0x2e lib/relic/lib/librelic_s.a(relic_fp6_mul.c.obj)
 .ARM.attributes
                0x00000398       0x2e lib/relic/lib/librelic_s.a(relic_fpx_add.c.obj)
 .ARM.attributes
                0x000003c6       0x2e lib/relic/lib/librelic_s.a(relic_fpx_cmp.c.obj)
 .ARM.attributes
                0x000003f4       0x2e lib/relic/lib/librelic_s.a(relic_fpx_field.c.obj)
 .ARM.attributes
                0x00000422       0x2e lib/relic/lib/librelic_s.a(relic_fpx_srt.c.obj)
 .ARM.attributes
                0x00000450       0x2e lib/relic/lib/librelic_s.a(relic_fpx_util.c.obj)
 .ARM.attributes
                0x0000047e       0x2e lib/relic/lib/librelic_s.a(relic_ep_curve.c.obj)
 .ARM.attributes
                0x000004ac       0x2e lib/relic/lib/librelic_s.a(relic_ep_dbl.c.obj)
 .ARM.attributes
                0x000004da       0x2e lib/relic/lib/librelic_s.a(relic_ep_mul.c.obj)
 .ARM.attributes
                0x00000508       0x2e lib/relic/lib/librelic_s.a(relic_ep_neg.c.obj)
 .ARM.attributes
                0x00000536       0x2e lib/relic/lib/librelic_s.a(relic_ep_norm.c.obj)
 .ARM.attributes
                0x00000564       0x2e lib/relic/lib/librelic_s.a(relic_ep_param.c.obj)
 .ARM.attributes
                0x00000592       0x2e lib/relic/lib/librelic_s.a(relic_ep_psi.c.obj)
 .ARM.attributes
                0x000005c0       0x2e lib/relic/lib/librelic_s.a(relic_ep_tpl.c.obj)
 .ARM.attributes
                0x000005ee       0x2e lib/relic/lib/librelic_s.a(relic_ep_util.c.obj)
 .ARM.attributes
                0x0000061c       0x2e lib/relic/lib/librelic_s.a(relic_ep2_curve.c.obj)
 .ARM.attributes
                0x0000064a       0x2e lib/relic/lib/librelic_s.a(relic_ep2_norm.c.obj)
 .ARM.attributes
                0x00000678       0x2e lib/relic/lib/librelic_s.a(relic_ep2_util.c.obj)
 .ARM.attributes
                0x000006a6       0x2e lib/relic/lib/librelic_s.a(relic_pp_map.c.obj)
 .ARM.attributes
                0x000006d4       0x2e lib/relic/lib/librelic_s.a(relic_pp_map_k12.c.obj)
 .ARM.attributes
                0x00000702       0x2e lib/relic/lib/librelic_s.a(relic_bn_div_low.c.obj)
 .ARM.attributes
                0x00000730       0x2e lib/relic/lib/librelic_s.a(relic_bn_mul_low.c.obj)
 .ARM.attributes
                0x0000075e       0x2e lib/relic/lib/librelic_s.a(relic_bn_shift_low.c.obj)
 .ARM.attributes
                0x0000078c       0x2e lib/relic/lib/librelic_s.a(relic_fp_add_low.c.obj)
 .ARM.attributes
                0x000007ba       0x2e lib/relic/lib/librelic_s.a(relic_fp_mul_low.c.obj)
 .ARM.attributes
                0x000007e8       0x2e lib/relic/lib/librelic_s.a(relic_fp_rdc_low.c.obj)
 .ARM.attributes
                0x00000816       0x2e lib/relic/lib/librelic_s.a(relic_fp_shift_low.c.obj)
 .ARM.attributes
                0x00000844       0x2e lib/relic/lib/librelic_s.a(relic_fpx_add_low.c.obj)
 .ARM.attributes
                0x00000872       0x2e lib/relic/lib/librelic_s.a(relic_fpx_mul_low.c.obj)
 .ARM.attributes
                0x000008a0       0x2e lib/relic/lib/librelic_s.a(relic_fpx_rdc_low.c.obj)
 .ARM.attributes
                0x000008ce       0x2e lib/relic/lib/librelic_s.a(relic_fpx_sqr_low.c.obj)
 .ARM.attributes
                0x000008fc       0x2e lib/relic/lib/librelic_s.a(relic_util.c.obj)
 .ARM.attributes
                0x0000092a       0x2e lib/relic/lib/librelic_s.a(relic_bn_add.c.obj)
 .ARM.attributes
                0x00000958       0x2e lib/relic/lib/librelic_s.a(relic_bn_cmp.c.obj)
 .ARM.attributes
                0x00000986       0x2e lib/relic/lib/librelic_s.a(relic_bn_div.c.obj)
 .ARM.attributes
                0x000009b4       0x2e lib/relic/lib/librelic_s.a(relic_bn_gcd.c.obj)
 .ARM.attributes
                0x000009e2       0x2e lib/relic/lib/librelic_s.a(relic_bn_mem.c.obj)
 .ARM.attributes
                0x00000a10       0x2e lib/relic/lib/librelic_s.a(relic_bn_mod.c.obj)
 .ARM.attributes
                0x00000a3e       0x2e lib/relic/lib/librelic_s.a(relic_bn_mul.c.obj)
 .ARM.attributes
                0x00000a6c       0x2e lib/relic/lib/librelic_s.a(relic_bn_rec.c.obj)
 .ARM.attributes
                0x00000a9a       0x2e lib/relic/lib/librelic_s.a(relic_bn_shift.c.obj)
 .ARM.attributes
                0x00000ac8       0x2e lib/relic/lib/librelic_s.a(relic_bn_sqr.c.obj)
 .ARM.attributes
                0x00000af6       0x2e lib/relic/lib/librelic_s.a(relic_bn_srt.c.obj)
 .ARM.attributes
                0x00000b24       0x2e lib/relic/lib/librelic_s.a(relic_fp_add.c.obj)
 .ARM.attributes
                0x00000b52       0x2e lib/relic/lib/librelic_s.a(relic_fp_cmp.c.obj)
 .ARM.attributes
                0x00000b80       0x2e lib/relic/lib/librelic_s.a(relic_fp_crt.c.obj)
 .ARM.attributes
                0x00000bae       0x2e lib/relic/lib/librelic_s.a(relic_fp_div.c.obj)
 .ARM.attributes
                0x00000bdc       0x2e lib/relic/lib/librelic_s.a(relic_fp_exp.c.obj)
 .ARM.attributes
                0x00000c0a       0x2e lib/relic/lib/librelic_s.a(relic_fp_inv.c.obj)
 .ARM.attributes
                0x00000c38       0x2e lib/relic/lib/librelic_s.a(relic_fp_mul.c.obj)
 .ARM.attributes
                0x00000c66       0x2e lib/relic/lib/librelic_s.a(relic_fp_param.c.obj)
 .ARM.attributes
                0x00000c94       0x2e lib/relic/lib/librelic_s.a(relic_fp_smb.c.obj)
 .ARM.attributes
                0x00000cc2       0x2e lib/relic/lib/librelic_s.a(relic_fp_sqr.c.obj)
 .ARM.attributes
                0x00000cf0       0x2e lib/relic/lib/librelic_s.a(relic_fp12_mul.c.obj)
 .ARM.attributes
                0x00000d1e       0x2e lib/relic/lib/librelic_s.a(relic_fpx_cyc.c.obj)
 .ARM.attributes
                0x00000d4c       0x2e lib/relic/lib/librelic_s.a(relic_fpx_exp.c.obj)
 .ARM.attributes
                0x00000d7a       0x2e lib/relic/lib/librelic_s.a(relic_fpx_frb.c.obj)
 .ARM.attributes
                0x00000da8       0x2e lib/relic/lib/librelic_s.a(relic_fpx_inv.c.obj)
 .ARM.attributes
                0x00000dd6       0x2e lib/relic/lib/librelic_s.a(relic_ep_add.c.obj)
 .ARM.attributes
                0x00000e04       0x2e lib/relic/lib/librelic_s.a(relic_ep_cmp.c.obj)
 .ARM.attributes
                0x00000e32       0x2e lib/relic/lib/librelic_s.a(relic_ep2_add.c.obj)
 .ARM.attributes
                0x00000e60       0x2e lib/relic/lib/librelic_s.a(relic_ep2_dbl.c.obj)
 .ARM.attributes
                0x00000e8e       0x2e lib/relic/lib/librelic_s.a(relic_ep2_frb.c.obj)
 .ARM.attributes
                0x00000ebc       0x2e lib/relic/lib/librelic_s.a(relic_ep2_mul.c.obj)
 .ARM.attributes
                0x00000eea       0x2e lib/relic/lib/librelic_s.a(relic_ep2_neg.c.obj)
 .ARM.attributes
                0x00000f18       0x2e lib/relic/lib/librelic_s.a(relic_pp_add_k12.c.obj)
 .ARM.attributes
                0x00000f46       0x2e lib/relic/lib/librelic_s.a(relic_pp_dbl_k12.c.obj)
 .ARM.attributes
                0x00000f74       0x2e lib/relic/lib/librelic_s.a(relic_pp_exp_k12.c.obj)
 .ARM.attributes
                0x00000fa2       0x2e lib/relic/lib/librelic_s.a(relic_bn_add_low.c.obj)
 .ARM.attributes
                0x00000fd0       0x2e lib/relic/lib/librelic_s.a(relic_bn_sqr_low.c.obj)
 .ARM.attributes
                0x00000ffe       0x2e lib/relic/lib/librelic_s.a(relic_fp_sqr_low.c.obj)
 .ARM.attributes
                0x0000102c       0x2e lib/relic/lib/librelic_s.a(relic_fp6_sqr.c.obj)
 .ARM.attributes
                0x0000105a       0x1e /opt/homebrew/Cellar/arm-none-eabi-gcc/16.1.0/lib/gcc/arm-none-eabi/16.1.0/thumb/v7e-m/nofp/libgcc.a(_aeabi_uldivmod.o)
 .ARM.attributes
                0x00001078       0x2e /opt/homebrew/Cellar/arm-none-eabi-gcc/16.1.0/lib/gcc/arm-none-eabi/16.1.0/thumb/v7e-m/nofp/libgcc.a(_udivmoddi4.o)
 .ARM.attributes
                0x000010a6       0x1e /opt/homebrew/Cellar/arm-none-eabi-gcc/16.1.0/lib/gcc/arm-none-eabi/16.1.0/thumb/v7e-m/nofp/libgcc.a(_dvmd_tls.o)

.debug_line     0x00000000      0x6ae
 .debug_line    0x00000000       0x4e /opt/homebrew/Cellar/arm-none-eabi-gcc/16.1.0/lib/gcc/arm-none-eabi/16.1.0/thumb/v7e-m/nofp/libgcc.a(_aeabi_uldivmod.o)
 .debug_line    0x0000004e      0x616 /opt/homebrew/Cellar/arm-none-eabi-gcc/16.1.0/lib/gcc/arm-none-eabi/16.1.0/thumb/v7e-m/nofp/libgcc.a(_udivmoddi4.o)
 .debug_line    0x00000664       0x4a /opt/homebrew/Cellar/arm-none-eabi-gcc/16.1.0/lib/gcc/arm-none-eabi/16.1.0/thumb/v7e-m/nofp/libgcc.a(_dvmd_tls.o)

.debug_line_str
                0x00000000       0xb5
 .debug_line_str
                0x00000000       0xb5 /opt/homebrew/Cellar/arm-none-eabi-gcc/16.1.0/lib/gcc/arm-none-eabi/16.1.0/thumb/v7e-m/nofp/libgcc.a(_aeabi_uldivmod.o)
                                 0xa9 (size before relaxing)
 .debug_line_str
                0x000000b5        0x0 /opt/homebrew/Cellar/arm-none-eabi-gcc/16.1.0/lib/gcc/arm-none-eabi/16.1.0/thumb/v7e-m/nofp/libgcc.a(_dvmd_tls.o)
                                 0xad (size before relaxing)

.debug_info     0x00000000      0x74e
 .debug_info    0x00000000       0x24 /opt/homebrew/Cellar/arm-none-eabi-gcc/16.1.0/lib/gcc/arm-none-eabi/16.1.0/thumb/v7e-m/nofp/libgcc.a(_aeabi_uldivmod.o)
 .debug_info    0x00000024      0x6ee /opt/homebrew/Cellar/arm-none-eabi-gcc/16.1.0/lib/gcc/arm-none-eabi/16.1.0/thumb/v7e-m/nofp/libgcc.a(_udivmoddi4.o)
 .debug_info    0x00000712       0x3c /opt/homebrew/Cellar/arm-none-eabi-gcc/16.1.0/lib/gcc/arm-none-eabi/16.1.0/thumb/v7e-m/nofp/libgcc.a(_dvmd_tls.o)

.debug_abbrev   0x00000000      0x1aa
 .debug_abbrev  0x00000000       0x14 /opt/homebrew/Cellar/arm-none-eabi-gcc/16.1.0/lib/gcc/arm-none-eabi/16.1.0/thumb/v7e-m/nofp/libgcc.a(_aeabi_uldivmod.o)
 .debug_abbrev  0x00000014      0x170 /opt/homebrew/Cellar/arm-none-eabi-gcc/16.1.0/lib/gcc/arm-none-eabi/16.1.0/thumb/v7e-m/nofp/libgcc.a(_udivmoddi4.o)
 .debug_abbrev  0x00000184       0x26 /opt/homebrew/Cellar/arm-none-eabi-gcc/16.1.0/lib/gcc/arm-none-eabi/16.1.0/thumb/v7e-m/nofp/libgcc.a(_dvmd_tls.o)

.debug_aranges  0x00000000       0x60
 .debug_aranges
                0x00000000       0x20 /opt/homebrew/Cellar/arm-none-eabi-gcc/16.1.0/lib/gcc/arm-none-eabi/16.1.0/thumb/v7e-m/nofp/libgcc.a(_aeabi_uldivmod.o)
 .debug_aranges
                0x00000020       0x20 /opt/homebrew/Cellar/arm-none-eabi-gcc/16.1.0/lib/gcc/arm-none-eabi/16.1.0/thumb/v7e-m/nofp/libgcc.a(_udivmoddi4.o)
 .debug_aranges
                0x00000040       0x20 /opt/homebrew/Cellar/arm-none-eabi-gcc/16.1.0/lib/gcc/arm-none-eabi/16.1.0/thumb/v7e-m/nofp/libgcc.a(_dvmd_tls.o)

.debug_str      0x00000000      0x6b9
 .debug_str     0x00000000      0x6b9 /opt/homebrew/Cellar/arm-none-eabi-gcc/16.1.0/lib/gcc/arm-none-eabi/16.1.0/thumb/v7e-m/nofp/libgcc.a(_aeabi_uldivmod.o)
                                 0xb7 (size before relaxing)
 .debug_str     0x000006b9        0x0 /opt/homebrew/Cellar/arm-none-eabi-gcc/16.1.0/lib/gcc/arm-none-eabi/16.1.0/thumb/v7e-m/nofp/libgcc.a(_udivmoddi4.o)
                                0x66c (size before relaxing)
 .debug_str     0x000006b9        0x0 /opt/homebrew/Cellar/arm-none-eabi-gcc/16.1.0/lib/gcc/arm-none-eabi/16.1.0/thumb/v7e-m/nofp/libgcc.a(_dvmd_tls.o)
                                 0xd7 (size before relaxing)

.debug_frame    0x00000000       0x60
 .debug_frame   0x00000000       0x2c /opt/homebrew/Cellar/arm-none-eabi-gcc/16.1.0/lib/gcc/arm-none-eabi/16.1.0/thumb/v7e-m/nofp/libgcc.a(_aeabi_uldivmod.o)
 .debug_frame   0x0000002c       0x34 /opt/homebrew/Cellar/arm-none-eabi-gcc/16.1.0/lib/gcc/arm-none-eabi/16.1.0/thumb/v7e-m/nofp/libgcc.a(_udivmoddi4.o)

.debug_loclists
                0x00000000      0xa0e
 .debug_loclists
                0x00000000      0xa0e /opt/homebrew/Cellar/arm-none-eabi-gcc/16.1.0/lib/gcc/arm-none-eabi/16.1.0/thumb/v7e-m/nofp/libgcc.a(_udivmoddi4.o)

.debug_rnglists
                0x00000000       0x8e
 .debug_rnglists
                0x00000000       0x8e /opt/homebrew/Cellar/arm-none-eabi-gcc/16.1.0/lib/gcc/arm-none-eabi/16.1.0/thumb/v7e-m/nofp/libgcc.a(_udivmoddi4.o)
