Archive member included to satisfy reference by file (symbol)

libpairing.a(point_decode.c.obj)
                              CMakeFiles/clear_signing_m4.dir/uvision/clear_signing_m4.c.obj (decode_g1)
libpairing.a(crypto_init.c.obj)
                              CMakeFiles/clear_signing_m4.dir/uvision/clear_signing_m4.c.obj (pairing_init)
lib/relic/lib/librelic_s.a(relic_core.c.obj)
                              libpairing.a(crypto_init.c.obj) (core_init)
lib/relic/lib/librelic_s.a(relic_arch_none.c.obj)
                              lib/relic/lib/librelic_s.a(relic_core.c.obj) (arch_init)
lib/relic/lib/librelic_s.a(relic_rand_core.c.obj)
                              lib/relic/lib/librelic_s.a(relic_core.c.obj) (rand_init)
lib/relic/lib/librelic_s.a(relic_rand_call.c.obj)
                              lib/relic/lib/librelic_s.a(relic_rand_core.c.obj) (rand_seed)
lib/relic/lib/librelic_s.a(relic_bn_mem.c.obj)
                              CMakeFiles/clear_signing_m4.dir/uvision/clear_signing_m4.c.obj (bn_make)
lib/relic/lib/librelic_s.a(relic_bn_util.c.obj)
                              libpairing.a(point_decode.c.obj) (bn_read_bin)
lib/relic/lib/librelic_s.a(relic_dv_util.c.obj)
                              lib/relic/lib/librelic_s.a(relic_bn_util.c.obj) (dv_zero)
lib/relic/lib/librelic_s.a(relic_fp_prime.c.obj)
                              lib/relic/lib/librelic_s.a(relic_core.c.obj) (fp_prime_init)
lib/relic/lib/librelic_s.a(relic_fp_rdc.c.obj)
                              lib/relic/lib/librelic_s.a(relic_fp_prime.c.obj) (fp_rdc_monty_comba)
lib/relic/lib/librelic_s.a(relic_fp_srt.c.obj)
                              lib/relic/lib/librelic_s.a(relic_fp_prime.c.obj) (fp_is_sqr)
lib/relic/lib/librelic_s.a(relic_fp_util.c.obj)
                              lib/relic/lib/librelic_s.a(relic_fp_rdc.c.obj) (fp_copy)
lib/relic/lib/librelic_s.a(relic_fpx_cmp.c.obj)
                              CMakeFiles/clear_signing_m4.dir/uvision/clear_signing_m4.c.obj (fp12_cmp)
lib/relic/lib/librelic_s.a(relic_fpx_field.c.obj)
                              lib/relic/lib/librelic_s.a(relic_fp_prime.c.obj) (fp2_field_init)
lib/relic/lib/librelic_s.a(relic_fpx_srt.c.obj)
                              lib/relic/lib/librelic_s.a(relic_fpx_field.c.obj) (fp2_srt)
lib/relic/lib/librelic_s.a(relic_fpx_util.c.obj)
                              lib/relic/lib/librelic_s.a(relic_fpx_srt.c.obj) (fp2_copy)
lib/relic/lib/librelic_s.a(relic_ep_add.c.obj)
                              CMakeFiles/clear_signing_m4.dir/uvision/clear_signing_m4.c.obj (ep_add_projc)
lib/relic/lib/librelic_s.a(relic_ep_curve.c.obj)
                              lib/relic/lib/librelic_s.a(relic_core.c.obj) (ep_curve_init)
lib/relic/lib/librelic_s.a(relic_ep_dbl.c.obj)
                              lib/relic/lib/librelic_s.a(relic_ep_add.c.obj) (ep_dbl_basic)
lib/relic/lib/librelic_s.a(relic_ep_mul.c.obj)
                              lib/relic/lib/librelic_s.a(relic_ep_curve.c.obj) (ep_mul_basic)
lib/relic/lib/librelic_s.a(relic_ep_neg.c.obj)
                              lib/relic/lib/librelic_s.a(relic_ep_add.c.obj) (ep_neg)
lib/relic/lib/librelic_s.a(relic_ep_norm.c.obj)
                              CMakeFiles/clear_signing_m4.dir/uvision/clear_signing_m4.c.obj (ep_norm)
lib/relic/lib/librelic_s.a(relic_ep_param.c.obj)
                              libpairing.a(crypto_init.c.obj) (ep_param_set)
lib/relic/lib/librelic_s.a(relic_ep_psi.c.obj)
                              lib/relic/lib/librelic_s.a(relic_ep_curve.c.obj) (ep_psi)
lib/relic/lib/librelic_s.a(relic_ep_tpl.c.obj)
                              lib/relic/lib/librelic_s.a(relic_ep_mul.c.obj) (ep_tpl_projc)
lib/relic/lib/librelic_s.a(relic_ep_util.c.obj)
                              lib/relic/lib/librelic_s.a(relic_ep_add.c.obj) (ep_is_infty)
lib/relic/lib/librelic_s.a(relic_ep2_curve.c.obj)
                              libpairing.a(crypto_init.c.obj) (ep2_curve_set_twist)
lib/relic/lib/librelic_s.a(relic_ep2_norm.c.obj)
                              lib/relic/lib/librelic_s.a(relic_ep2_curve.c.obj) (ep2_norm)
lib/relic/lib/librelic_s.a(relic_ep2_util.c.obj)
                              lib/relic/lib/librelic_s.a(relic_ep2_norm.c.obj) (ep2_is_infty)
lib/relic/lib/librelic_s.a(relic_pp_map.c.obj)
                              lib/relic/lib/librelic_s.a(relic_core.c.obj) (pp_map_init)
lib/relic/lib/librelic_s.a(relic_pp_map_k12.c.obj)
                              CMakeFiles/clear_signing_m4.dir/uvision/clear_signing_m4.c.obj (pp_map_sim_oatep_k12)
lib/relic/lib/librelic_s.a(relic_bn_div_low.c.obj)
                              lib/relic/lib/librelic_s.a(relic_fp_rdc.c.obj) (bn_divn_low)
lib/relic/lib/librelic_s.a(relic_bn_mul_low.c.obj)
                              lib/relic/lib/librelic_s.a(relic_bn_div_low.c.obj) (bn_mul1_low)
lib/relic/lib/librelic_s.a(relic_bn_shift_low.c.obj)
                              lib/relic/lib/librelic_s.a(relic_bn_div_low.c.obj) (bn_lshb_low)
[...]
Memory Configuration

Name             Origin             Length             Attributes
FLASH            0x00000000         0x00400000         xr
SRAM             0x20000000         0x00400000         xrw
*default*        0x00000000         0xffffffff

Linker script and memory map

LOAD CMakeFiles/clear_signing_m4.dir/uvision/clear_signing_m4.c.obj
LOAD CMakeFiles/clear_signing_m4.dir/uvision/startup.c.obj
LOAD CMakeFiles/clear_signing_m4.dir/src/fr.c.obj
LOAD CMakeFiles/clear_signing_m4.dir/src/poseidon.c.obj
START GROUP
LOAD libpairing.a
LOAD lib/relic/lib/librelic_s.a
LOAD /opt/homebrew/Cellar/arm-none-eabi-gcc/16.1.0/lib/gcc/arm-none-eabi/16.1.0/thumb/v7e-m/nofp/libgcc.a
END GROUP
                0x20400000                        _stack_top = (ORIGIN (SRAM) + LENGTH (SRAM))

.isr_vector     0x00000000       0x40
 *(.isr_vector)
 .isr_vector    0x00000000       0x40 CMakeFiles/clear_signing_m4.dir/uvision/startup.c.obj
                0x00000000                vector_table

.text           0x00000040     0xf661
 *(.text*)
 .text.SysTick_Handler
                0x00000040       0x10 CMakeFiles/clear_signing_m4.dir/uvision/clear_signing_m4.c.obj
                0x00000040                SysTick_Handler
 .text.startup.main
                0x00000050      0x504 CMakeFiles/clear_signing_m4.dir/uvision/clear_signing_m4.c.obj
                0x00000050                main
 .text.Default_Handler
                0x00000554        0x4 CMakeFiles/clear_signing_m4.dir/uvision/startup.c.obj
 .text._start   0x00000558       0x48 CMakeFiles/clear_signing_m4.dir/uvision/startup.c.obj
                0x00000558                _start
 .text.put_uint
                0x000005a0       0x64 CMakeFiles/clear_signing_m4.dir/uvision/startup.c.obj
 .text.memset   0x00000604       0x10 CMakeFiles/clear_signing_m4.dir/uvision/startup.c.obj
                0x00000604                memset
 .text.memcpy   0x00000614       0x14 CMakeFiles/clear_signing_m4.dir/uvision/startup.c.obj
                0x00000614                memcpy
 .text.memcmp   0x00000628       0x28 CMakeFiles/clear_signing_m4.dir/uvision/startup.c.obj
                0x00000628                memcmp
 .text.strlen   0x00000650       0x18 CMakeFiles/clear_signing_m4.dir/uvision/startup.c.obj
                0x00000650                strlen
 .text.strrchr  0x00000668       0x1c CMakeFiles/clear_signing_m4.dir/uvision/startup.c.obj
                0x00000668                strrchr
 .text.printf   0x00000684      0x1c4 CMakeFiles/clear_signing_m4.dir/uvision/startup.c.obj
                0x00000684                printf
 .text.vprintf  0x00000848      0x1ac CMakeFiles/clear_signing_m4.dir/uvision/startup.c.obj
                0x00000848                vprintf
 .text.fflush   0x000009f4        0x4 CMakeFiles/clear_signing_m4.dir/uvision/startup.c.obj
                0x000009f4                fflush
 .text.fr_set_zero
                0x000009f8        0x8 CMakeFiles/clear_signing_m4.dir/src/fr.c.obj
                0x000009f8                fr_set_zero
 .text.fr_set_u64
                0x00000a00       0x24 CMakeFiles/clear_signing_m4.dir/src/fr.c.obj
                0x00000a00                fr_set_u64
 .text.fr_from_be
                0x00000a24       0xb4 CMakeFiles/clear_signing_m4.dir/src/fr.c.obj
                0x00000a24                fr_from_be
 .text.fr_to_be
                0x00000ad8       0x44 CMakeFiles/clear_signing_m4.dir/src/fr.c.obj
                0x00000ad8                fr_to_be
 .text.fr_add   0x00000b1c       0xe0 CMakeFiles/clear_signing_m4.dir/src/fr.c.obj
                0x00000b1c                fr_add
 .text.fr_mul   0x00000bfc      0x1d8 CMakeFiles/clear_signing_m4.dir/src/fr.c.obj
                0x00000bfc                fr_mul
 .text.fr_pow5  0x00000dd4       0x28 CMakeFiles/clear_signing_m4.dir/src/fr.c.obj
                0x00000dd4                fr_pow5
 .text.permute  0x00000dfc       0xd4 CMakeFiles/clear_signing_m4.dir/src/poseidon.c.obj
 .text.poseidon_init.part.0
                0x00000ed0       0x64 CMakeFiles/clear_signing_m4.dir/src/poseidon.c.obj
 .text.poseidon_hash_bytes
                0x00000f34       0xd0 CMakeFiles/clear_signing_m4.dir/src/poseidon.c.obj
                0x00000f34                poseidon_hash_bytes
 .text.decode_g1
                0x00001004       0x3c libpairing.a(point_decode.c.obj)
                0x00001004                decode_g1
 .text.decode_g2
                0x00001040       0x54 libpairing.a(point_decode.c.obj)
                0x00001040                decode_g2
 .text.decode_fr
                0x00001094        0xc libpairing.a(point_decode.c.obj)
                0x00001094                decode_fr
 .text.decode_gt
                0x000010a0       0x4c libpairing.a(point_decode.c.obj)
                0x000010a0                decode_gt
 .text.pairing_init
                0x000010ec       0x20 libpairing.a(crypto_init.c.obj)
                0x000010ec                pairing_init
 .text.pairing_cleanup
                0x0000110c        0x4 libpairing.a(crypto_init.c.obj)
                0x0000110c                pairing_cleanup
 .text.core_init
                0x00001110       0x34 lib/relic/lib/librelic_s.a(relic_core.c.obj)
                0x00001110                core_init
 .text.core_clean
                0x00001144       0x28 lib/relic/lib/librelic_s.a(relic_core.c.obj)
                0x00001144                core_clean
 .text.core_get
                0x0000116c        0xc lib/relic/lib/librelic_s.a(relic_core.c.obj)
                0x0000116c                core_get
 .text.arch_init
                0x00001178        0x4 lib/relic/lib/librelic_s.a(relic_arch_none.c.obj)
                0x00001178                arch_init
 .text.arch_clean
                0x0000117c        0x4 lib/relic/lib/librelic_s.a(relic_arch_none.c.obj)
                0x0000117c                arch_clean
 .text.arch_lzcnt
                0x00001180        0x8 lib/relic/lib/librelic_s.a(relic_arch_none.c.obj)
                0x00001180                arch_lzcnt
 .text.rand_init
                0x00001188       0x1c lib/relic/lib/librelic_s.a(relic_rand_core.c.obj)
                0x00001188                rand_init
 .text.rand_clean
                0x000011a4       0x18 lib/relic/lib/librelic_s.a(relic_rand_core.c.obj)
                0x000011a4                rand_clean
 .text.rand_seed
                0x000011bc       0x24 lib/relic/lib/librelic_s.a(relic_rand_call.c.obj)
                0x000011bc                rand_seed
 .text.bn_make  0x000011e0       0x48 lib/relic/lib/librelic_s.a(relic_bn_mem.c.obj)
                0x000011e0                bn_make
 .text.bn_clean
                0x00001228        0xc lib/relic/lib/librelic_s.a(relic_bn_mem.c.obj)
                0x00001228                bn_clean
 .text.bn_grow  0x00001234       0x38 lib/relic/lib/librelic_s.a(relic_bn_mem.c.obj)
                0x00001234                bn_grow
 .text.bn_trim  0x0000126c       0x30 lib/relic/lib/librelic_s.a(relic_bn_mem.c.obj)
                0x0000126c                bn_trim
 .text.bn_copy  0x0000129c       0x34 lib/relic/lib/librelic_s.a(relic_bn_util.c.obj)
                0x0000129c                bn_copy
 .text.bn_abs   0x000012d0       0x34 lib/relic/lib/librelic_s.a(relic_bn_util.c.obj)
                0x000012d0                bn_abs
 .text.bn_neg   0x00001304       0x50 lib/relic/lib/librelic_s.a(relic_bn_util.c.obj)
                0x00001304                bn_neg
 .text.bn_sign  0x00001354        0x4 lib/relic/lib/librelic_s.a(relic_bn_util.c.obj)
                0x00001354                bn_sign
 .text.bn_zero  0x00001358       0x18 lib/relic/lib/librelic_s.a(relic_bn_util.c.obj)
                0x00001358                bn_zero
 .text.bn_is_zero
                0x00001370       0x1c lib/relic/lib/librelic_s.a(relic_bn_util.c.obj)
                0x00001370                bn_is_zero
 .text.bn_is_even
                0x0000138c       0x1c lib/relic/lib/librelic_s.a(relic_bn_util.c.obj)
                0x0000138c                bn_is_even
 .text.bn_bits  0x000013a8       0x34 lib/relic/lib/librelic_s.a(relic_bn_util.c.obj)
                0x000013a8                bn_bits
 .text.bn_get_bit
                0x000013dc       0x64 lib/relic/lib/librelic_s.a(relic_bn_util.c.obj)
                0x000013dc                bn_get_bit
 .text.bn_set_bit
                0x00001440       0x50 lib/relic/lib/librelic_s.a(relic_bn_util.c.obj)
                0x00001440                bn_set_bit
 .text.bn_get_dig
                0x00001490        0x8 lib/relic/lib/librelic_s.a(relic_bn_util.c.obj)
                0x00001490                bn_get_dig
 .text.bn_set_dig
                0x00001498       0x20 lib/relic/lib/librelic_s.a(relic_bn_util.c.obj)
                0x00001498                bn_set_dig
 .text.bn_set_2b
                0x000014b8       0x7c lib/relic/lib/librelic_s.a(relic_bn_util.c.obj)
                0x000014b8                bn_set_2b
 .text.bn_read_str
                0x00001534       0xe0 lib/relic/lib/librelic_s.a(relic_bn_util.c.obj)
                0x00001534                bn_read_str
 .text.bn_read_bin
                0x00001614       0xdc lib/relic/lib/librelic_s.a(relic_bn_util.c.obj)
                0x00001614                bn_read_bin
 .text.bn_write_bin
                0x000016f0       0xe0 lib/relic/lib/librelic_s.a(relic_bn_util.c.obj)
                0x000016f0                bn_write_bin
 .text.dv_zero  0x000017d0       0x48 lib/relic/lib/librelic_s.a(relic_dv_util.c.obj)
                0x000017d0                dv_zero
 .text.dv_copy  0x00001818        0x8 lib/relic/lib/librelic_s.a(relic_dv_util.c.obj)
                0x00001818                dv_copy
 .text.dv_copy_sec
                0x00001820       0x2c lib/relic/lib/librelic_s.a(relic_dv_util.c.obj)
                0x00001820                dv_copy_sec
 .text.dv_cmp   0x0000184c       0x48 lib/relic/lib/librelic_s.a(relic_dv_util.c.obj)
                0x0000184c                dv_cmp
 .text.dv_cmp_sec
                0x00001894       0x34 lib/relic/lib/librelic_s.a(relic_dv_util.c.obj)
                0x00001894                dv_cmp_sec
 .text.dv_rshd  0x000018c8       0x40 lib/relic/lib/librelic_s.a(relic_dv_util.c.obj)
                0x000018c8                dv_rshd
 .text.dv_lshd  0x00001908       0x44 lib/relic/lib/librelic_s.a(relic_dv_util.c.obj)
                0x00001908                dv_lshd
 .text.fp_prime_set
                0x0000194c      0x334 lib/relic/lib/librelic_s.a(relic_fp_prime.c.obj)
 .text.fp_prime_init
                0x00001c80       0x70 lib/relic/lib/librelic_s.a(relic_fp_prime.c.obj)
                0x00001c80                fp_prime_init
 .text.fp_prime_clean
                0x00001cf0       0x64 lib/relic/lib/librelic_s.a(relic_fp_prime.c.obj)
                0x00001cf0                fp_prime_clean
 .text.fp_prime_get
                0x00001d54        0xc lib/relic/lib/librelic_s.a(relic_fp_prime.c.obj)
                0x00001d54                fp_prime_get
 .text.fp_prime_get_rdc
                0x00001d60        0xc lib/relic/lib/librelic_s.a(relic_fp_prime.c.obj)
                0x00001d60                fp_prime_get_rdc
 .text.fp_prime_get_par
                0x00001d6c       0x18 lib/relic/lib/librelic_s.a(relic_fp_prime.c.obj)
                0x00001d6c                fp_prime_get_par
 .text.fp_prime_get_par_sps
                0x00001d84       0x28 lib/relic/lib/librelic_s.a(relic_fp_prime.c.obj)
                0x00001d84                fp_prime_get_par_sps
 .text.fp_prime_get_srt
                0x00001dac        0xc lib/relic/lib/librelic_s.a(relic_fp_prime.c.obj)
                0x00001dac                fp_prime_get_srt
 .text.fp_prime_get_mod8
                0x00001db8        0xc lib/relic/lib/librelic_s.a(relic_fp_prime.c.obj)
                0x00001db8                fp_prime_get_mod8
 .text.fp_prime_get_mod18
                0x00001dc4        0xc lib/relic/lib/librelic_s.a(relic_fp_prime.c.obj)
                0x00001dc4                fp_prime_get_mod18
 .text.fp_prime_get_qnr
                0x00001dd0        0xc lib/relic/lib/librelic_s.a(relic_fp_prime.c.obj)
                0x00001dd0                fp_prime_get_qnr
 .text.fp_prime_get_2ad
                0x00001ddc        0xc lib/relic/lib/librelic_s.a(relic_fp_prime.c.obj)
                0x00001ddc                fp_prime_get_2ad
 .text.fp_prime_set_pairf
                0x00001de8      0x188 lib/relic/lib/librelic_s.a(relic_fp_prime.c.obj)
                0x00001de8                fp_prime_set_pairf
 .text.fp_prime_conv
                0x00001f70       0x60 lib/relic/lib/librelic_s.a(relic_fp_prime.c.obj)
                0x00001f70                fp_prime_conv
 .text.fp_prime_conv_dig
                0x00001fd0       0x48 lib/relic/lib/librelic_s.a(relic_fp_prime.c.obj)
                0x00001fd0                fp_prime_conv_dig
 .text.fp_prime_back
                0x00002018       0x48 lib/relic/lib/librelic_s.a(relic_fp_prime.c.obj)
                0x00002018                fp_prime_back
 .text.fp_rdc_monty_comba
                0x00002060        0x4 lib/relic/lib/librelic_s.a(relic_fp_rdc.c.obj)
                0x00002060                fp_rdc_monty_comba
 .text.fp_is_sqr
                0x00002064       0x20 lib/relic/lib/librelic_s.a(relic_fp_srt.c.obj)
                0x00002064                fp_is_sqr
 .text.fp_srt   0x00002084      0x1cc lib/relic/lib/librelic_s.a(relic_fp_srt.c.obj)
                0x00002084                fp_srt
 .text.fp_copy  0x00002250        0x8 lib/relic/lib/librelic_s.a(relic_fp_util.c.obj)
                0x00002250                fp_copy
 .text.fp_copy_sec
                0x00002258        0x8 lib/relic/lib/librelic_s.a(relic_fp_util.c.obj)
                0x00002258                fp_copy_sec
 .text.fp_zero  0x00002260        0x8 lib/relic/lib/librelic_s.a(relic_fp_util.c.obj)
                0x00002260                fp_zero
 .text.fp_is_zero
                0x00002268       0x4c lib/relic/lib/librelic_s.a(relic_fp_util.c.obj)
                0x00002268                fp_is_zero
 .text.fp_is_even
                0x000022b4       0x20 lib/relic/lib/librelic_s.a(relic_fp_util.c.obj)
                0x000022b4                fp_is_even
 .text.fp_bits  0x000022d4       0x28 lib/relic/lib/librelic_s.a(relic_fp_util.c.obj)
                0x000022d4                fp_bits
 .text.fp_set_dig
                0x000022fc        0x4 lib/relic/lib/librelic_s.a(relic_fp_util.c.obj)
                0x000022fc                fp_set_dig
 .text.fp_norm  0x00002300       0x30 lib/relic/lib/librelic_s.a(relic_fp_util.c.obj)
                0x00002300                fp_norm
 .text.fp_read_str
                0x00002330       0x64 lib/relic/lib/librelic_s.a(relic_fp_util.c.obj)
                0x00002330                fp_read_str
 .text.fp_read_bin
                0x00002394       0xc4 lib/relic/lib/librelic_s.a(relic_fp_util.c.obj)
                0x00002394                fp_read_bin
 .text.fp2_cmp  0x00002458       0x28 lib/relic/lib/librelic_s.a(relic_fpx_cmp.c.obj)
                0x00002458                fp2_cmp
 .text.fp2_cmp_dig
                0x00002480       0x20 lib/relic/lib/librelic_s.a(relic_fpx_cmp.c.obj)
                0x00002480                fp2_cmp_dig
 .text.fp6_cmp  0x000024a0       0x68 lib/relic/lib/librelic_s.a(relic_fpx_cmp.c.obj)
                0x000024a0                fp6_cmp
 .text.fp6_cmp_dig
                0x00002508       0x38 lib/relic/lib/librelic_s.a(relic_fpx_cmp.c.obj)
                0x00002508                fp6_cmp_dig
 .text.fp12_cmp
                0x00002540       0x24 lib/relic/lib/librelic_s.a(relic_fpx_cmp.c.obj)
                0x00002540                fp12_cmp
 .text.fp12_cmp_dig
                0x00002564       0x20 lib/relic/lib/librelic_s.a(relic_fpx_cmp.c.obj)
                0x00002564                fp12_cmp_dig
 .text.fp2_field_get_qnr
                0x00002584       0x10 lib/relic/lib/librelic_s.a(relic_fpx_field.c.obj)
                0x00002584                fp2_field_get_qnr
 .text.fp2_field_init
                0x00002594      0x304 lib/relic/lib/librelic_s.a(relic_fpx_field.c.obj)
                0x00002594                fp2_field_init
 .text.fp2_srt.part.0
                0x00002898      0x284 lib/relic/lib/librelic_s.a(relic_fpx_srt.c.obj)
 .text.fp2_srt  0x00002b1c       0x2c lib/relic/lib/librelic_s.a(relic_fpx_srt.c.obj)
                0x00002b1c                fp2_srt
 .text.fp2_copy
                0x00002b48       0x20 lib/relic/lib/librelic_s.a(relic_fpx_util.c.obj)
                0x00002b48                fp2_copy
 .text.fp2_copy_sec
                0x00002b68       0x24 lib/relic/lib/librelic_s.a(relic_fpx_util.c.obj)
                0x00002b68                fp2_copy_sec
 .text.fp2_zero
                0x00002b8c       0x18 lib/relic/lib/librelic_s.a(relic_fpx_util.c.obj)
                0x00002b8c                fp2_zero
 .text.fp2_is_zero
                0x00002ba4       0x1c lib/relic/lib/librelic_s.a(relic_fpx_util.c.obj)
                0x00002ba4                fp2_is_zero
 .text.fp2_set_dig
                0x00002bc0       0x18 lib/relic/lib/librelic_s.a(relic_fpx_util.c.obj)
                0x00002bc0                fp2_set_dig
 .text.fp6_copy
                0x00002bd8       0x4c lib/relic/lib/librelic_s.a(relic_fpx_util.c.obj)
                0x00002bd8                fp6_copy
 .text.fp6_zero
                0x00002c24       0x34 lib/relic/lib/librelic_s.a(relic_fpx_util.c.obj)
                0x00002c24                fp6_zero
 .text.fp6_is_zero
                0x00002c58       0x4c lib/relic/lib/librelic_s.a(relic_fpx_util.c.obj)
                0x00002c58                fp6_is_zero
 .text.fp12_copy
                0x00002ca4       0x20 lib/relic/lib/librelic_s.a(relic_fpx_util.c.obj)
                0x00002ca4                fp12_copy
 .text.fp12_zero
                0x00002cc4       0x3c lib/relic/lib/librelic_s.a(relic_fpx_util.c.obj)
                0x00002cc4                fp12_zero
 .text.fp12_set_dig
                0x00002d00       0x3c lib/relic/lib/librelic_s.a(relic_fpx_util.c.obj)
                0x00002d00                fp12_set_dig
 .text.ep_add_projc
                0x00002d3c      0x960 lib/relic/lib/librelic_s.a(relic_ep_add.c.obj)
                0x00002d3c                ep_add_projc
 .text.ep_sub   0x0000369c       0x28 lib/relic/lib/librelic_s.a(relic_ep_add.c.obj)
                0x0000369c                ep_sub
 .text.ep_curve_set_map
                0x000036c4      0x2a0 lib/relic/lib/librelic_s.a(relic_ep_curve.c.obj)
 .text.detect_opt
                0x00003964       0x68 lib/relic/lib/librelic_s.a(relic_ep_curve.c.obj)
 .text.ep_curve_set
                0x000039cc       0x7c lib/relic/lib/librelic_s.a(relic_ep_curve.c.obj)
 .text.ep_curve_init
                0x00003a48       0x4c lib/relic/lib/librelic_s.a(relic_ep_curve.c.obj)
                0x00003a48                ep_curve_init
 .text.ep_curve_clean
                0x00003a94       0x3c lib/relic/lib/librelic_s.a(relic_ep_curve.c.obj)
                0x00003a94                ep_curve_clean
 .text.ep_curve_get_a
                0x00003ad0        0xc lib/relic/lib/librelic_s.a(relic_ep_curve.c.obj)
                0x00003ad0                ep_curve_get_a
 .text.ep_curve_get_b
                0x00003adc        0xc lib/relic/lib/librelic_s.a(relic_ep_curve.c.obj)
                0x00003adc                ep_curve_get_b
 .text.ep_curve_get_beta
                0x00003ae8        0xc lib/relic/lib/librelic_s.a(relic_ep_curve.c.obj)
                0x00003ae8                ep_curve_get_beta
 .text.ep_curve_get_v1
                0x00003af4        0xc lib/relic/lib/librelic_s.a(relic_ep_curve.c.obj)
                0x00003af4                ep_curve_get_v1
 .text.ep_curve_get_v2
                0x00003b00       0x10 lib/relic/lib/librelic_s.a(relic_ep_curve.c.obj)
                0x00003b00                ep_curve_get_v2
 .text.ep_curve_opt_a
                0x00003b10       0x10 lib/relic/lib/librelic_s.a(relic_ep_curve.c.obj)
                0x00003b10                ep_curve_opt_a
 .text.ep_curve_opt_b
                0x00003b20       0x10 lib/relic/lib/librelic_s.a(relic_ep_curve.c.obj)
                0x00003b20                ep_curve_opt_b
 .text.ep_curve_mul_a
                0x00003b30       0x54 lib/relic/lib/librelic_s.a(relic_ep_curve.c.obj)
                0x00003b30                ep_curve_mul_a
 .text.ep_curve_mul_b
                0x00003b84       0x40 lib/relic/lib/librelic_s.a(relic_ep_curve.c.obj)
                0x00003b84                ep_curve_mul_b
 .text.ep_curve_is_endom
                0x00003bc4       0x10 lib/relic/lib/librelic_s.a(relic_ep_curve.c.obj)
                0x00003bc4                ep_curve_is_endom
 .text.ep_curve_is_pairf
                0x00003bd4       0x10 lib/relic/lib/librelic_s.a(relic_ep_curve.c.obj)
                0x00003bd4                ep_curve_is_pairf
 .text.ep_curve_get_ord
                0x00003be4       0x18 lib/relic/lib/librelic_s.a(relic_ep_curve.c.obj)
                0x00003be4                ep_curve_get_ord
 .text.ep_curve_set_endom
                0x00003bfc      0x2e8 lib/relic/lib/librelic_s.a(relic_ep_curve.c.obj)
                0x00003bfc                ep_curve_set_endom
 .text.ep_dbl_projc
                0x00003ee4      0x3f0 lib/relic/lib/librelic_s.a(relic_ep_dbl.c.obj)
                0x00003ee4                ep_dbl_projc
 .text.ep_mul_naf_imp
                0x000042d4       0xbc lib/relic/lib/librelic_s.a(relic_ep_mul.c.obj)
 .text.ep_mul_glv_imp
                0x00004390      0x1a4 lib/relic/lib/librelic_s.a(relic_ep_mul.c.obj)
 .text.ep_mul_dig.part.0
                0x00004534       0xa4 lib/relic/lib/librelic_s.a(relic_ep_mul.c.obj)
 .text.ep_mul_basic
                0x000045d8      0x108 lib/relic/lib/librelic_s.a(relic_ep_mul.c.obj)
                0x000045d8                ep_mul_basic
 .text.ep_mul_lwnaf
                0x000046e0       0x40 lib/relic/lib/librelic_s.a(relic_ep_mul.c.obj)
                0x000046e0                ep_mul_lwnaf
 .text.ep_neg   0x00004720       0x44 lib/relic/lib/librelic_s.a(relic_ep_neg.c.obj)
                0x00004720                ep_neg
 .text.ep_norm_imp
                0x00004764       0x94 lib/relic/lib/librelic_s.a(relic_ep_norm.c.obj)
 .text.ep_norm  0x000047f8       0x40 lib/relic/lib/librelic_s.a(relic_ep_norm.c.obj)
                0x000047f8                ep_norm
 .text.ep_norm_sim
                0x00004838       0xf4 lib/relic/lib/librelic_s.a(relic_ep_norm.c.obj)
                0x00004838                ep_norm_sim
 .text.ep_param_get
                0x0000492c        0xc lib/relic/lib/librelic_s.a(relic_ep_param.c.obj)
                0x0000492c                ep_param_get
 .text.ep_param_set
                0x00004938      0x304 lib/relic/lib/librelic_s.a(relic_ep_param.c.obj)
                0x00004938                ep_param_set
 .text.ep_psi   0x00004c3c       0x60 lib/relic/lib/librelic_s.a(relic_ep_psi.c.obj)
                0x00004c3c                ep_psi
 .text.ep_tpl_projc
                0x00004c9c       0x34 lib/relic/lib/librelic_s.a(relic_ep_tpl.c.obj)
                0x00004c9c                ep_tpl_projc
 .text.ep_is_infty
                0x00004cd0       0x14 lib/relic/lib/librelic_s.a(relic_ep_util.c.obj)
                0x00004cd0                ep_is_infty
 .text.ep_set_infty
                0x00004ce4       0x20 lib/relic/lib/librelic_s.a(relic_ep_util.c.obj)
                0x00004ce4                ep_set_infty
 .text.ep_copy  0x00004d04       0x28 lib/relic/lib/librelic_s.a(relic_ep_util.c.obj)
                0x00004d04                ep_copy
 .text.ep_rhs   0x00004d2c       0x6c lib/relic/lib/librelic_s.a(relic_ep_util.c.obj)
                0x00004d2c                ep_rhs
 .text.ep_on_curve
                0x00004d98       0x44 lib/relic/lib/librelic_s.a(relic_ep_util.c.obj)
                0x00004d98                ep_on_curve
 .text.ep_tab   0x00004ddc       0x70 lib/relic/lib/librelic_s.a(relic_ep_util.c.obj)
                0x00004ddc                ep_tab
 .text.detect_opt
                0x00004e4c       0x78 lib/relic/lib/librelic_s.a(relic_ep2_curve.c.obj)
 .text.ep2_curve_init
                0x00004ec4       0x24 lib/relic/lib/librelic_s.a(relic_ep2_curve.c.obj)
                0x00004ec4                ep2_curve_init
 .text.ep2_curve_clean
                0x00004ee8       0x2c lib/relic/lib/librelic_s.a(relic_ep2_curve.c.obj)
                0x00004ee8                ep2_curve_clean
 .text.ep2_curve_opt_a
                0x00004f14       0x10 lib/relic/lib/librelic_s.a(relic_ep2_curve.c.obj)
                0x00004f14                ep2_curve_opt_a
 .text.ep2_curve_opt_b
                0x00004f24       0x10 lib/relic/lib/librelic_s.a(relic_ep2_curve.c.obj)
                0x00004f24                ep2_curve_opt_b
 .text.ep2_curve_mul_a
                0x00004f34       0x9c lib/relic/lib/librelic_s.a(relic_ep2_curve.c.obj)
                0x00004f34                ep2_curve_mul_a
 .text.ep2_curve_mul_b
                0x00004fd0       0x8c lib/relic/lib/librelic_s.a(relic_ep2_curve.c.obj)
                0x00004fd0                ep2_curve_mul_b
 .text.ep2_curve_is_twist
                0x0000505c       0x10 lib/relic/lib/librelic_s.a(relic_ep2_curve.c.obj)
                0x0000505c                ep2_curve_is_twist
 .text.ep2_curve_get_a
                0x0000506c       0x10 lib/relic/lib/librelic_s.a(relic_ep2_curve.c.obj)
                0x0000506c                ep2_curve_get_a
 .text.ep2_curve_get_b
                0x0000507c       0x10 lib/relic/lib/librelic_s.a(relic_ep2_curve.c.obj)
                0x0000507c                ep2_curve_get_b
 .text.ep2_curve_set_twist
                0x0000508c      0x62c lib/relic/lib/librelic_s.a(relic_ep2_curve.c.obj)
                0x0000508c                ep2_curve_set_twist
 .text.ep2_norm_imp
                0x000056b8       0x9c lib/relic/lib/librelic_s.a(relic_ep2_norm.c.obj)
 .text.ep2_norm
                0x00005754       0x40 lib/relic/lib/librelic_s.a(relic_ep2_norm.c.obj)
                0x00005754                ep2_norm
 .text.ep2_is_infty
                0x00005794       0x14 lib/relic/lib/librelic_s.a(relic_ep2_util.c.obj)
                0x00005794                ep2_is_infty
 .text.ep2_set_infty
                0x000057a8       0x20 lib/relic/lib/librelic_s.a(relic_ep2_util.c.obj)
                0x000057a8                ep2_set_infty
 .text.ep2_copy
                0x000057c8       0x2c lib/relic/lib/librelic_s.a(relic_ep2_util.c.obj)
                0x000057c8                ep2_copy
 .text.ep2_rhs  0x000057f4       0x6c lib/relic/lib/librelic_s.a(relic_ep2_util.c.obj)
                0x000057f4                ep2_rhs
 .text.ep2_on_curve
                0x00005860       0x44 lib/relic/lib/librelic_s.a(relic_ep2_util.c.obj)
                0x00005860                ep2_on_curve
 .text.pp_map_init
                0x000058a4        0x4 lib/relic/lib/librelic_s.a(relic_pp_map.c.obj)
                0x000058a4                pp_map_init
 .text.pp_map_clean
                0x000058a8        0x4 lib/relic/lib/librelic_s.a(relic_pp_map.c.obj)
                0x000058a8                pp_map_clean
 .text.pp_mil_k12
                0x000058ac      0x25c lib/relic/lib/librelic_s.a(relic_pp_map_k12.c.obj)
 .text.pp_fin_k12_oatep
                0x00005b08       0x74 lib/relic/lib/librelic_s.a(relic_pp_map_k12.c.obj)
 .text.pp_map_sim_oatep_k12
                0x00005b7c      0x1b4 lib/relic/lib/librelic_s.a(relic_pp_map_k12.c.obj)
                0x00005b7c                pp_map_sim_oatep_k12
 .text.bn_divn_low
                0x00005d30      0x254 lib/relic/lib/librelic_s.a(relic_bn_div_low.c.obj)
                0x00005d30                bn_divn_low
 .text.bn_div1_low
                0x00005f84       0x48 lib/relic/lib/librelic_s.a(relic_bn_div_low.c.obj)
                0x00005f84                bn_div1_low
 .text.bn_mul1_low
                0x00005fcc       0x38 lib/relic/lib/librelic_s.a(relic_bn_mul_low.c.obj)
                0x00005fcc                bn_mul1_low
 .text.bn_muls_low
                0x00006004       0x70 lib/relic/lib/librelic_s.a(relic_bn_mul_low.c.obj)
                0x00006004                bn_muls_low
 .text.bn_muln_low
                0x00006074       0xf0 lib/relic/lib/librelic_s.a(relic_bn_mul_low.c.obj)
                0x00006074                bn_muln_low
 .text.bn_muld_low
                0x00006164      0x25c lib/relic/lib/librelic_s.a(relic_bn_mul_low.c.obj)
                0x00006164                bn_muld_low
 .text.bn_lsh1_low
                0x000063c0       0x2c lib/relic/lib/librelic_s.a(relic_bn_shift_low.c.obj)
                0x000063c0                bn_lsh1_low
 .text.bn_lshb_low
                0x000063ec       0x50 lib/relic/lib/librelic_s.a(relic_bn_shift_low.c.obj)
                0x000063ec                bn_lshb_low
 .text.bn_rsh1_low
                0x0000643c       0x34 lib/relic/lib/librelic_s.a(relic_bn_shift_low.c.obj)
                0x0000643c                bn_rsh1_low
 .text.bn_rshb_low
                0x00006470       0x64 lib/relic/lib/librelic_s.a(relic_bn_shift_low.c.obj)
                0x00006470                bn_rshb_low
 .text.bn_rshs_low
                0x000064d4       0x68 lib/relic/lib/librelic_s.a(relic_bn_shift_low.c.obj)
                0x000064d4                bn_rshs_low
 .text.fp_addn_low
                0x0000653c       0x34 lib/relic/lib/librelic_s.a(relic_fp_add_low.c.obj)
                0x0000653c                fp_addn_low
 .text.fp_addm_low
                0x00006570       0x88 lib/relic/lib/librelic_s.a(relic_fp_add_low.c.obj)
                0x00006570                fp_addm_low
 .text.fp_addd_low
                0x000065f8       0x38 lib/relic/lib/librelic_s.a(relic_fp_add_low.c.obj)
                0x000065f8                fp_addd_low
 .text.fp_addc_low
                0x00006630       0x8c lib/relic/lib/librelic_s.a(relic_fp_add_low.c.obj)
                0x00006630                fp_addc_low
 .text.fp_subn_low
                0x000066bc       0x44 lib/relic/lib/librelic_s.a(relic_fp_add_low.c.obj)
                0x000066bc                fp_subn_low
 .text.fp_subm_low
                0x00006700       0x74 lib/relic/lib/librelic_s.a(relic_fp_add_low.c.obj)
                0x00006700                fp_subm_low
 .text.fp_subc_low
                0x00006774       0x78 lib/relic/lib/librelic_s.a(relic_fp_add_low.c.obj)
                0x00006774                fp_subc_low
 .text.fp_subd_low
                0x000067ec       0x44 lib/relic/lib/librelic_s.a(relic_fp_add_low.c.obj)
                0x000067ec                fp_subd_low
 .text.fp_negm_low
                0x00006830       0x64 lib/relic/lib/librelic_s.a(relic_fp_add_low.c.obj)
                0x00006830                fp_negm_low
 .text.fp_dblm_low
                0x00006894       0x80 lib/relic/lib/librelic_s.a(relic_fp_add_low.c.obj)
                0x00006894                fp_dblm_low
 .text.fp_hlvm_low
                0x00006914       0x70 lib/relic/lib/librelic_s.a(relic_fp_add_low.c.obj)
                0x00006914                fp_hlvm_low
 .text.fp_hlvd_low
                0x00006984       0xa8 lib/relic/lib/librelic_s.a(relic_fp_add_low.c.obj)
                0x00006984                fp_hlvd_low
 .text.fp_mul1_low
                0x00006a2c       0x2c lib/relic/lib/librelic_s.a(relic_fp_mul_low.c.obj)
                0x00006a2c                fp_mul1_low
 .text.fp_muln_low
                0x00006a58       0xe4 lib/relic/lib/librelic_s.a(relic_fp_mul_low.c.obj)
                0x00006a58                fp_muln_low
 .text.fp_mulm_low
                0x00006b3c       0x18 lib/relic/lib/librelic_s.a(relic_fp_mul_low.c.obj)
                0x00006b3c                fp_mulm_low
 .text.fp_rdcn_low
                0x00006b54      0x178 lib/relic/lib/librelic_s.a(relic_fp_rdc_low.c.obj)
                0x00006b54                fp_rdcn_low
 .text.fp_rsh1_low
                0x00006ccc       0x24 lib/relic/lib/librelic_s.a(relic_fp_shift_low.c.obj)
                0x00006ccc                fp_rsh1_low
 .text.util_conv_char
                0x00006cf0        0xc lib/relic/lib/librelic_s.a(relic_util.c.obj)
                0x00006cf0                util_conv_char
 .text.util_bits_dig
                0x00006cfc        0xc lib/relic/lib/librelic_s.a(relic_util.c.obj)
                0x00006cfc                util_bits_dig
 .text.util_printf
                0x00006d08       0x28 lib/relic/lib/librelic_s.a(relic_util.c.obj)
                0x00006d08                util_printf
 .text.bn_add_imp
                0x00006d30       0x88 lib/relic/lib/librelic_s.a(relic_bn_add.c.obj)
 .text.bn_sub_imp
                0x00006db8       0x6c lib/relic/lib/librelic_s.a(relic_bn_add.c.obj)
 .text.bn_add   0x00006e24       0x68 lib/relic/lib/librelic_s.a(relic_bn_add.c.obj)
                0x00006e24                bn_add
 .text.bn_add_dig
                0x00006e8c       0x80 lib/relic/lib/librelic_s.a(relic_bn_add.c.obj)
                0x00006e8c                bn_add_dig
 .text.bn_sub   0x00006f0c       0x70 lib/relic/lib/librelic_s.a(relic_bn_add.c.obj)
                0x00006f0c                bn_sub
 .text.bn_sub_dig
                0x00006f7c       0x80 lib/relic/lib/librelic_s.a(relic_bn_add.c.obj)
                0x00006f7c                bn_sub_dig
 .text.bn_cmp_abs
                0x00006ffc       0x40 lib/relic/lib/librelic_s.a(relic_bn_cmp.c.obj)
                0x00006ffc                bn_cmp_abs
 .text.bn_cmp_dig
                0x0000703c       0x24 lib/relic/lib/librelic_s.a(relic_bn_cmp.c.obj)
                0x0000703c                bn_cmp_dig
 .text.bn_cmp   0x00007060       0x4c lib/relic/lib/librelic_s.a(relic_bn_cmp.c.obj)
                0x00007060                bn_cmp
 .text.bn_div_imp
                0x000070ac      0x178 lib/relic/lib/librelic_s.a(relic_bn_div.c.obj)
 .text.bn_div   0x00007224       0x54 lib/relic/lib/librelic_s.a(relic_bn_div.c.obj)
                0x00007224                bn_div
 .text.bn_div_rem
                0x00007278       0x58 lib/relic/lib/librelic_s.a(relic_bn_div.c.obj)
                0x00007278                bn_div_rem
 .text.bn_div_dig
                0x000072d0       0x8c lib/relic/lib/librelic_s.a(relic_bn_div.c.obj)
                0x000072d0                bn_div_dig
 .text.bn_div_rem_dig
                0x0000735c       0xac lib/relic/lib/librelic_s.a(relic_bn_div.c.obj)
                0x0000735c                bn_div_rem_dig
 .text.bn_gcd_ext_mid
                0x00007408      0x24c lib/relic/lib/librelic_s.a(relic_bn_gcd.c.obj)
                0x00007408                bn_gcd_ext_mid
 .text.bn_mod_dig
                0x00007654        0xc lib/relic/lib/librelic_s.a(relic_bn_mod.c.obj)
                0x00007654                bn_mod_dig
 .text.bn_mod_basic
                0x00007660        0xc lib/relic/lib/librelic_s.a(relic_bn_mod.c.obj)
                0x00007660                bn_mod_basic
 .text.bn_mod_pre_monty
                0x0000766c       0x84 lib/relic/lib/librelic_s.a(relic_bn_mod.c.obj)
                0x0000766c                bn_mod_pre_monty
 .text.bn_mul_dig
                0x000076f0       0x44 lib/relic/lib/librelic_s.a(relic_bn_mul.c.obj)
                0x000076f0                bn_mul_dig
 .text.bn_mul_comba
                0x00007734       0x78 lib/relic/lib/librelic_s.a(relic_bn_mul.c.obj)
                0x00007734                bn_mul_comba
 .text.get_bits
                0x000077ac       0xa8 lib/relic/lib/librelic_s.a(relic_bn_rec.c.obj)
 .text.bn_rec_slw
                0x00007854       0xc0 lib/relic/lib/librelic_s.a(relic_bn_rec.c.obj)
                0x00007854                bn_rec_slw
 .text.bn_rec_naf
                0x00007914      0x150 lib/relic/lib/librelic_s.a(relic_bn_rec.c.obj)
                0x00007914                bn_rec_naf
 .text.bn_rec_glv
                0x00007a64      0x298 lib/relic/lib/librelic_s.a(relic_bn_rec.c.obj)
                0x00007a64                bn_rec_glv
 .text.bn_dbl   0x00007cfc       0x34 lib/relic/lib/librelic_s.a(relic_bn_shift.c.obj)
                0x00007cfc                bn_dbl
 .text.bn_hlv   0x00007d30       0x20 lib/relic/lib/librelic_s.a(relic_bn_shift.c.obj)
                0x00007d30                bn_hlv
 .text.bn_lsh   0x00007d50       0x8c lib/relic/lib/librelic_s.a(relic_bn_shift.c.obj)
                0x00007d50                bn_lsh
 .text.bn_rsh   0x00007ddc       0x7c lib/relic/lib/librelic_s.a(relic_bn_shift.c.obj)
                0x00007ddc                bn_rsh
 .text.bn_sqr_comba
                0x00007e58       0x38 lib/relic/lib/librelic_s.a(relic_bn_sqr.c.obj)
                0x00007e58                bn_sqr_comba
 .text.bn_srt   0x00007e90      0x108 lib/relic/lib/librelic_s.a(relic_bn_srt.c.obj)
                0x00007e90                bn_srt
 .text.fp_add_integ
                0x00007f98        0x4 lib/relic/lib/librelic_s.a(relic_fp_add.c.obj)
                0x00007f98                fp_add_integ
 .text.fp_add_dig
                0x00007f9c       0x38 lib/relic/lib/librelic_s.a(relic_fp_add.c.obj)
                0x00007f9c                fp_add_dig
 .text.fp_sub_integ
                0x00007fd4        0x4 lib/relic/lib/librelic_s.a(relic_fp_add.c.obj)
                0x00007fd4                fp_sub_integ
 .text.fp_sub_dig
                0x00007fd8       0x38 lib/relic/lib/librelic_s.a(relic_fp_add.c.obj)
                0x00007fd8                fp_sub_dig
 .text.fp_neg_integ
                0x00008010        0x4 lib/relic/lib/librelic_s.a(relic_fp_add.c.obj)
                0x00008010                fp_neg_integ
 .text.fp_dbl_integ
                0x00008014        0x4 lib/relic/lib/librelic_s.a(relic_fp_add.c.obj)
                0x00008014                fp_dbl_integ
 .text.fp_cmp_dig
                0x00008018       0x38 lib/relic/lib/librelic_s.a(relic_fp_cmp.c.obj)
                0x00008018                fp_cmp_dig
 .text.fp_cmp   0x00008050       0x34 lib/relic/lib/librelic_s.a(relic_fp_cmp.c.obj)
                0x00008050                fp_cmp
 .text.fp_is_cub.part.0
                0x00008084       0x54 lib/relic/lib/librelic_s.a(relic_fp_crt.c.obj)
 .text.fp_is_cub
                0x000080d8       0x30 lib/relic/lib/librelic_s.a(relic_fp_crt.c.obj)
                0x000080d8                fp_is_cub
 .text.fp_hlv_integ
                0x00008108        0x4 lib/relic/lib/librelic_s.a(relic_fp_div.c.obj)
                0x00008108                fp_hlv_integ
 .text.fp_exp_slide
                0x0000810c       0xe4 lib/relic/lib/librelic_s.a(relic_fp_exp.c.obj)
                0x0000810c                fp_exp_slide
 .text.fp_inv_jmpds.part.0
                0x000081f0      0x670 lib/relic/lib/librelic_s.a(relic_fp_inv.c.obj)
 .text.fp_inv_jmpds
                0x00008860       0x50 lib/relic/lib/librelic_s.a(relic_fp_inv.c.obj)
                0x00008860                fp_inv_jmpds
 .text.fp_inv_sim
                0x000088b0       0xcc lib/relic/lib/librelic_s.a(relic_fp_inv.c.obj)
                0x000088b0                fp_inv_sim
 .text.fp_mul_dig
                0x0000897c       0x20 lib/relic/lib/librelic_s.a(relic_fp_mul.c.obj)
                0x0000897c                fp_mul_dig
 .text.fp_mul_integ
                0x0000899c        0x4 lib/relic/lib/librelic_s.a(relic_fp_mul.c.obj)
                0x0000899c                fp_mul_integ
 .text.fp_param_set
                0x000089a0       0x8c lib/relic/lib/librelic_s.a(relic_fp_param.c.obj)
                0x000089a0                fp_param_set
 .text.jumpdivstep
                0x00008a2c      0x108 lib/relic/lib/librelic_s.a(relic_fp_smb.c.obj)
 .text.fp_smb_jmpds
                0x00008b34      0x22c lib/relic/lib/librelic_s.a(relic_fp_smb.c.obj)
                0x00008b34                fp_smb_jmpds
 .text.fp_sqr_integ
                0x00008d60        0x4 lib/relic/lib/librelic_s.a(relic_fp_sqr.c.obj)
                0x00008d60                fp_sqr_integ
 .text.fp12_mul_unr
                0x00008d64       0xbc lib/relic/lib/librelic_s.a(relic_fp12_mul.c.obj)
                0x00008d64                fp12_mul_unr
 .text.fp12_mul_lazyr
                0x00008e20       0x38 lib/relic/lib/librelic_s.a(relic_fp12_mul.c.obj)
                0x00008e20                fp12_mul_lazyr
 .text.fp12_mul_dxs_lazyr
                0x00008e58      0x360 lib/relic/lib/librelic_s.a(relic_fp12_mul.c.obj)
                0x00008e58                fp12_mul_dxs_lazyr
 .text.fp12_sqr_unr
                0x000091b8      0x1fc lib/relic/lib/librelic_s.a(relic_fp12_sqr.c.obj)
                0x000091b8                fp12_sqr_unr
 .text.fp12_sqr_lazyr
                0x000093b4       0x38 lib/relic/lib/librelic_s.a(relic_fp12_sqr.c.obj)
                0x000093b4                fp12_sqr_lazyr
 .text.fp12_sqr_cyc_lazyr
                0x000093ec      0x228 lib/relic/lib/librelic_s.a(relic_fp12_sqr.c.obj)
                0x000093ec                fp12_sqr_cyc_lazyr
 .text.fp12_sqr_pck_lazyr
                0x00009614      0x170 lib/relic/lib/librelic_s.a(relic_fp12_sqr.c.obj)
                0x00009614                fp12_sqr_pck_lazyr
 .text.fp2_mul_integ
                0x00009784        0x4 lib/relic/lib/librelic_s.a(relic_fp2_mul.c.obj)
                0x00009784                fp2_mul_integ
 .text.fp2_mul_nor_integ
                0x00009788        0x4 lib/relic/lib/librelic_s.a(relic_fp2_mul.c.obj)
                0x00009788                fp2_mul_nor_integ
 .text.fp2_mul_art
                0x0000978c       0x58 lib/relic/lib/librelic_s.a(relic_fp2_mul.c.obj)
                0x0000978c                fp2_mul_art
 .text.fp2_mul_frb
                0x000097e4       0x4c lib/relic/lib/librelic_s.a(relic_fp2_mul.c.obj)
                0x000097e4                fp2_mul_frb
 .text.fp2_mul_dig
                0x00009830       0x24 lib/relic/lib/librelic_s.a(relic_fp2_mul.c.obj)
                0x00009830                fp2_mul_dig
 .text.fp2_sqr_integ
                0x00009854        0x4 lib/relic/lib/librelic_s.a(relic_fp2_sqr.c.obj)
                0x00009854                fp2_sqr_integ
 .text.fp4_mul_unr
                0x00009858       0x78 lib/relic/lib/librelic_s.a(relic_fp4_mul.c.obj)
                0x00009858                fp4_mul_unr
 .text.fp4_sqr_unr
                0x000098d0       0x60 lib/relic/lib/librelic_s.a(relic_fp4_sqr.c.obj)
                0x000098d0                fp4_sqr_unr
 .text.fp6_mul_unr
                0x00009930      0x134 lib/relic/lib/librelic_s.a(relic_fp6_mul.c.obj)
                0x00009930                fp6_mul_unr
 .text.fp6_mul_lazyr
                0x00009a64       0x34 lib/relic/lib/librelic_s.a(relic_fp6_mul.c.obj)
                0x00009a64                fp6_mul_lazyr
 .text.fp6_mul_art
                0x00009a98       0x34 lib/relic/lib/librelic_s.a(relic_fp6_mul.c.obj)
                0x00009a98                fp6_mul_art
 .text.fp2_add_integ
                0x00009acc        0x4 lib/relic/lib/librelic_s.a(relic_fpx_add.c.obj)
                0x00009acc                fp2_add_integ
 .text.fp2_sub_integ
                0x00009ad0        0x4 lib/relic/lib/librelic_s.a(relic_fpx_add.c.obj)
                0x00009ad0                fp2_sub_integ
 .text.fp2_dbl_integ
                0x00009ad4        0x4 lib/relic/lib/librelic_s.a(relic_fpx_add.c.obj)
                0x00009ad4                fp2_dbl_integ
 .text.fp2_neg  0x00009ad8       0x20 lib/relic/lib/librelic_s.a(relic_fpx_add.c.obj)
                0x00009ad8                fp2_neg
 .text.fp6_add  0x00009af8       0x30 lib/relic/lib/librelic_s.a(relic_fpx_add.c.obj)
                0x00009af8                fp6_add
 .text.fp6_sub  0x00009b28       0x30 lib/relic/lib/librelic_s.a(relic_fpx_add.c.obj)
                0x00009b28                fp6_sub
 .text.fp6_neg  0x00009b58       0x4c lib/relic/lib/librelic_s.a(relic_fpx_add.c.obj)
                0x00009b58                fp6_neg
 .text.fp12_conv_cyc
                0x00009ba4       0x38 lib/relic/lib/librelic_s.a(relic_fpx_cyc.c.obj)
                0x00009ba4                fp12_conv_cyc
 .text.fp12_back_cyc_sim
                0x00009bdc      0x1f8 lib/relic/lib/librelic_s.a(relic_fpx_cyc.c.obj)
                0x00009bdc                fp12_back_cyc_sim
 .text.fp12_exp_cyc_sps
                0x00009dd4      0x198 lib/relic/lib/librelic_s.a(relic_fpx_cyc.c.obj)
                0x00009dd4                fp12_exp_cyc_sps
 .text.fp2_exp  0x00009f6c       0x78 lib/relic/lib/librelic_s.a(relic_fpx_exp.c.obj)
                0x00009f6c                fp2_exp
 .text.fp2_frb  0x00009fe4       0x38 lib/relic/lib/librelic_s.a(relic_fpx_frb.c.obj)
                0x00009fe4                fp2_frb
 .text.fp6_frb  0x0000a01c       0xa8 lib/relic/lib/librelic_s.a(relic_fpx_frb.c.obj)
                0x0000a01c                fp6_frb
 .text.fp12_frb
                0x0000a0c4       0xc8 lib/relic/lib/librelic_s.a(relic_fpx_frb.c.obj)
                0x0000a0c4                fp12_frb
 .text.fp2_inv  0x0000a18c       0xb0 lib/relic/lib/librelic_s.a(relic_fpx_inv.c.obj)
                0x0000a18c                fp2_inv
 .text.fp2_inv_sim
                0x0000a23c       0xcc lib/relic/lib/librelic_s.a(relic_fpx_inv.c.obj)
                0x0000a23c                fp2_inv_sim
 .text.fp6_inv  0x0000a308       0xec lib/relic/lib/librelic_s.a(relic_fpx_inv.c.obj)
                0x0000a308                fp6_inv
 .text.fp12_inv
                0x0000a3f4       0x58 lib/relic/lib/librelic_s.a(relic_fpx_inv.c.obj)
                0x0000a3f4                fp12_inv
 .text.fp12_inv_cyc
                0x0000a44c       0x20 lib/relic/lib/librelic_s.a(relic_fpx_inv.c.obj)
                0x0000a44c                fp12_inv_cyc
 .text.ep_cmp   0x0000a46c      0x118 lib/relic/lib/librelic_s.a(relic_ep_cmp.c.obj)
                0x0000a46c                ep_cmp
 .text.ep2_add_projc_imp
                0x0000a584      0x92c lib/relic/lib/librelic_s.a(relic_ep2_add.c.obj)
 .text.ep2_add_projc
                0x0000aeb0       0x40 lib/relic/lib/librelic_s.a(relic_ep2_add.c.obj)
                0x0000aeb0                ep2_add_projc
 .text.ep2_sub  0x0000aef0       0x28 lib/relic/lib/librelic_s.a(relic_ep2_add.c.obj)
                0x0000aef0                ep2_sub
 .text.ep2_dbl_projc_imp
                0x0000af18      0x3b0 lib/relic/lib/librelic_s.a(relic_ep2_dbl.c.obj)
 .text.ep2_dbl_projc
                0x0000b2c8       0x2c lib/relic/lib/librelic_s.a(relic_ep2_dbl.c.obj)
                0x0000b2c8                ep2_dbl_projc
 .text.ep2_frb  0x0000b2f4       0xac lib/relic/lib/librelic_s.a(relic_ep2_frb.c.obj)
                0x0000b2f4                ep2_frb
 .text.ep2_mul_dig.part.0
                0x0000b3a0       0x88 lib/relic/lib/librelic_s.a(relic_ep2_mul.c.obj)
 .text.ep2_mul_basic
                0x0000b428       0xe8 lib/relic/lib/librelic_s.a(relic_ep2_mul.c.obj)
                0x0000b428                ep2_mul_basic
 .text.ep2_neg  0x0000b510       0x48 lib/relic/lib/librelic_s.a(relic_ep2_neg.c.obj)
                0x0000b510                ep2_neg
 .text.pp_add_k12_projc_lazyr
                0x0000b558      0x170 lib/relic/lib/librelic_s.a(relic_pp_add_k12.c.obj)
                0x0000b558                pp_add_k12_projc_lazyr
 .text.pp_dbl_k12_projc_lazyr
                0x0000b6c8      0x2a0 lib/relic/lib/librelic_s.a(relic_pp_dbl_k12.c.obj)
                0x0000b6c8                pp_dbl_k12_projc_lazyr
 .text.pp_exp_sm9
                0x0000b968      0x1d4 lib/relic/lib/librelic_s.a(relic_pp_exp_k12.c.obj)
 .text.pp_exp_bn
                0x0000bb3c      0x148 lib/relic/lib/librelic_s.a(relic_pp_exp_k12.c.obj)
 .text.pp_exp_b12
                0x0000bc84      0x1b0 lib/relic/lib/librelic_s.a(relic_pp_exp_k12.c.obj)
 .text.pp_exp_k12
                0x0000be34       0x3c lib/relic/lib/librelic_s.a(relic_pp_exp_k12.c.obj)
                0x0000be34                pp_exp_k12
 .text.bn_add1_low
                0x0000be70       0x50 lib/relic/lib/librelic_s.a(relic_bn_add_low.c.obj)
                0x0000be70                bn_add1_low
 .text.bn_addn_low
                0x0000bec0       0x44 lib/relic/lib/librelic_s.a(relic_bn_add_low.c.obj)
                0x0000bec0                bn_addn_low
 .text.bn_sub1_low
                0x0000bf04       0x50 lib/relic/lib/librelic_s.a(relic_bn_add_low.c.obj)
                0x0000bf04                bn_sub1_low
 .text.bn_subn_low
                0x0000bf54       0x50 lib/relic/lib/librelic_s.a(relic_bn_add_low.c.obj)
                0x0000bf54                bn_subn_low
 .text.bn_negs_low
                0x0000bfa4       0x34 lib/relic/lib/librelic_s.a(relic_bn_add_low.c.obj)
                0x0000bfa4                bn_negs_low
 .text.bn_sqrn_low
                0x0000bfd8      0x1fc lib/relic/lib/librelic_s.a(relic_bn_sqr_low.c.obj)
                0x0000bfd8                bn_sqrn_low
 .text.fp_sqrn_low
                0x0000c1d4      0x1bc lib/relic/lib/librelic_s.a(relic_fp_sqr_low.c.obj)
                0x0000c1d4                fp_sqrn_low
 .text.fp_sqrm_low
                0x0000c390       0x18 lib/relic/lib/librelic_s.a(relic_fp_sqr_low.c.obj)
                0x0000c390                fp_sqrm_low
 .text.fp2_addn_low
                0x0000c3a8       0x24 lib/relic/lib/librelic_s.a(relic_fpx_add_low.c.obj)
                0x0000c3a8                fp2_addn_low
 .text.fp2_addm_low
                0x0000c3cc       0x24 lib/relic/lib/librelic_s.a(relic_fpx_add_low.c.obj)
                0x0000c3cc                fp2_addm_low
 .text.fp2_addd_low
                0x0000c3f0       0x28 lib/relic/lib/librelic_s.a(relic_fpx_add_low.c.obj)
                0x0000c3f0                fp2_addd_low
 .text.fp2_addc_low
                0x0000c418       0x2c lib/relic/lib/librelic_s.a(relic_fpx_add_low.c.obj)
                0x0000c418                fp2_addc_low
 .text.fp2_subm_low
                0x0000c444       0x24 lib/relic/lib/librelic_s.a(relic_fpx_add_low.c.obj)
                0x0000c444                fp2_subm_low
 .text.fp2_subc_low
                0x0000c468       0x2c lib/relic/lib/librelic_s.a(relic_fpx_add_low.c.obj)
                0x0000c468                fp2_subc_low
 .text.fp2_dblm_low
                0x0000c494       0x20 lib/relic/lib/librelic_s.a(relic_fpx_add_low.c.obj)
                0x0000c494                fp2_dblm_low
 .text.fp2_norm_low
                0x0000c4b4       0x8c lib/relic/lib/librelic_s.a(relic_fpx_add_low.c.obj)
                0x0000c4b4                fp2_norm_low
 .text.fp2_nord_low
                0x0000c540      0x108 lib/relic/lib/librelic_s.a(relic_fpx_add_low.c.obj)
                0x0000c540                fp2_nord_low
 .text.fp2_muln_low
                0x0000c648       0x88 lib/relic/lib/librelic_s.a(relic_fpx_mul_low.c.obj)
                0x0000c648                fp2_muln_low
 .text.fp2_mulm_low
                0x0000c6d0       0x1c lib/relic/lib/librelic_s.a(relic_fpx_mul_low.c.obj)
                0x0000c6d0                fp2_mulm_low
 .text.fp2_rdcn_low
                0x0000c6ec       0x20 lib/relic/lib/librelic_s.a(relic_fpx_rdc_low.c.obj)
                0x0000c6ec                fp2_rdcn_low
 .text.fp2_sqrn_low
                0x0000c70c       0xdc lib/relic/lib/librelic_s.a(relic_fpx_sqr_low.c.obj)
                0x0000c70c                fp2_sqrn_low
 .text.fp2_sqrm_low
                0x0000c7e8       0x1c lib/relic/lib/librelic_s.a(relic_fpx_sqr_low.c.obj)
                0x0000c7e8                fp2_sqrm_low
 .text.fp6_sqr_unr
                0x0000c804       0xfc lib/relic/lib/librelic_s.a(relic_fp6_sqr.c.obj)
                0x0000c804                fp6_sqr_unr
 .text.fp6_sqr_lazyr
                0x0000c900       0x34 lib/relic/lib/librelic_s.a(relic_fp6_sqr.c.obj)
                0x0000c900                fp6_sqr_lazyr
 .text          0x0000c934       0x30 /opt/homebrew/Cellar/arm-none-eabi-gcc/16.1.0/lib/gcc/arm-none-eabi/16.1.0/thumb/v7e-m/nofp/libgcc.a(_aeabi_uldivmod.o)
                0x0000c934                __aeabi_uldivmod
 .text          0x0000c964      0x328 /opt/homebrew/Cellar/arm-none-eabi-gcc/16.1.0/lib/gcc/arm-none-eabi/16.1.0/thumb/v7e-m/nofp/libgcc.a(_udivmoddi4.o)
                0x0000c964                __udivmoddi4
 .text          0x0000cc8c        0x4 /opt/homebrew/Cellar/arm-none-eabi-gcc/16.1.0/lib/gcc/arm-none-eabi/16.1.0/thumb/v7e-m/nofp/libgcc.a(_dvmd_tls.o)
                0x0000cc8c                __aeabi_ldiv0
                0x0000cc8c                __aeabi_idiv0
 *(.rodata*)
 .rodata.main.str1.4
                0x0000cc90      0xb65 CMakeFiles/clear_signing_m4.dir/uvision/clear_signing_m4.c.obj
                                0x15f (size before relaxing)
 *fill*         0x0000d7f5        0x3 
 .rodata.CS_EXPECTED_H_T
                0x0000d7f8       0x20 CMakeFiles/clear_signing_m4.dir/uvision/clear_signing_m4.c.obj
 .rodata.CS_EXPECTED_H_C
                0x0000d818       0x20 CMakeFiles/clear_signing_m4.dir/uvision/clear_signing_m4.c.obj
 .rodata.CS_PROOF
                0x0000d838      0x100 CMakeFiles/clear_signing_m4.dir/uvision/clear_signing_m4.c.obj
 .rodata.CS_TEXT
                0x0000d938       0x60 CMakeFiles/clear_signing_m4.dir/uvision/clear_signing_m4.c.obj
 .rodata.CS_CALLDATA
                0x0000d998       0x44 CMakeFiles/clear_signing_m4.dir/uvision/clear_signing_m4.c.obj
 .rodata.CS_VK_NEG_DELTA_G2
                0x0000d9dc       0x80 CMakeFiles/clear_signing_m4.dir/uvision/clear_signing_m4.c.obj
 .rodata.CS_VK_NEG_GAMMA_G2
                0x0000da5c       0x80 CMakeFiles/clear_signing_m4.dir/uvision/clear_signing_m4.c.obj
 .rodata.CS_VK_ALPHA_BETA_GT
                0x0000dadc      0x180 CMakeFiles/clear_signing_m4.dir/uvision/clear_signing_m4.c.obj
 .rodata.CS_VK_IC_G1
                0x0000dc5c       0xc0 CMakeFiles/clear_signing_m4.dir/uvision/clear_signing_m4.c.obj
 .rodata.printf.str1.4
                0x0000dd1c        0x0 CMakeFiles/clear_signing_m4.dir/uvision/startup.c.obj
                                 0x11 (size before relaxing)
 *fill*         0x0000dd1c        0x4 
 .rodata.R_MOD  0x0000dd20       0x20 CMakeFiles/clear_signing_m4.dir/src/fr.c.obj
 .rodata.POSEIDON_MDS
                0x0000dd40      0x120 CMakeFiles/clear_signing_m4.dir/src/poseidon.c.obj
 .rodata.POSEIDON_ARK
                0x0000de60     0x1800 CMakeFiles/clear_signing_m4.dir/src/poseidon.c.obj
 .rodata.bn_make.str1.4
                0x0000f660        0x0 lib/relic/lib/librelic_s.a(relic_bn_mem.c.obj)
                                 0x7f (size before relaxing)
 .rodata.bn_set_2b.str1.4
                0x0000f660        0x0 lib/relic/lib/librelic_s.a(relic_bn_util.c.obj)
                                 0x7f (size before relaxing)
 .rodata.dv_zero.str1.4
                0x0000f660        0x0 lib/relic/lib/librelic_s.a(relic_dv_util.c.obj)
                                 0x7f (size before relaxing)
 .rodata.fp_prime_set.str1.4
                0x0000f660        0x0 lib/relic/lib/librelic_s.a(relic_fp_prime.c.obj)
                                 0x7f (size before relaxing)
 .rodata.fp_read_bin.str1.4
                0x0000f660        0x0 lib/relic/lib/librelic_s.a(relic_fp_util.c.obj)
                                 0x7f (size before relaxing)
 .rodata.fp2_srt.part.0.str1.4
                0x0000f660        0x0 lib/relic/lib/librelic_s.a(relic_fpx_srt.c.obj)
                                 0x7f (size before relaxing)
 .rodata.ep_curve_set_map.str1.4
                0x0000f660        0x0 lib/relic/lib/librelic_s.a(relic_ep_curve.c.obj)
                                 0x7f (size before relaxing)
 .rodata.ep_param_set.str1.4
                0x0000f660        0x0 lib/relic/lib/librelic_s.a(relic_ep_param.c.obj)
                                0x15b (size before relaxing)
 .rodata.ep2_curve_set_twist.str1.4
                0x0000f660        0x0 lib/relic/lib/librelic_s.a(relic_ep2_curve.c.obj)
                                0x48b (size before relaxing)
 .rodata.conv_table.0
                0x0000f660       0x41 lib/relic/lib/librelic_s.a(relic_util.c.obj)
 .rodata.bn_div.str1.4
                0x0000f6a1        0x0 lib/relic/lib/librelic_s.a(relic_bn_div.c.obj)
                                 0x7f (size before relaxing)
 .rodata.bn_mod_pre_barrt.str1.4
                0x0000f6a1        0x0 lib/relic/lib/librelic_s.a(relic_bn_mod.c.obj)
                                 0x7f (size before relaxing)
 .rodata.bn_rec_win.str1.4
                0x0000f6a1        0x0 lib/relic/lib/librelic_s.a(relic_bn_rec.c.obj)
                                 0x7f (size before relaxing)
 .rodata.bn_srt.str1.4
                0x0000f6a1        0x0 lib/relic/lib/librelic_s.a(relic_bn_srt.c.obj)
                                 0x7f (size before relaxing)
 .rodata.fp_inv_basic.str1.4
                0x0000f6a1        0x0 lib/relic/lib/librelic_s.a(relic_fp_inv.c.obj)
                                 0x7f (size before relaxing)
 .rodata.fp_param_set.str1.4
                0x0000f6a1        0x0 lib/relic/lib/librelic_s.a(relic_fp_param.c.obj)
                                 0x11 (size before relaxing)

.glue_7         0x0000f6a4        0x0
 .glue_7        0x0000f6a4        0x0 linker stubs

.glue_7t        0x0000f6a4        0x0
 .glue_7t       0x0000f6a4        0x0 linker stubs

.vfp11_veneer   0x0000f6a4        0x0
 .vfp11_veneer  0x0000f6a4        0x0 linker stubs

.v4_bx          0x0000f6a4        0x0
 .v4_bx         0x0000f6a4        0x0 linker stubs

.iplt           0x0000f6a4        0x0
 .iplt          0x0000f6a4        0x0 CMakeFiles/clear_signing_m4.dir/uvision/clear_signing_m4.c.obj

.rel.dyn        0x0000f6a4        0x0
 .rel.iplt      0x0000f6a4        0x0 CMakeFiles/clear_signing_m4.dir/uvision/clear_signing_m4.c.obj

.ARM.exidx      0x0000f6a4        0x8
 .ARM.exidx     0x0000f6a4        0x8 /opt/homebrew/Cellar/arm-none-eabi-gcc/16.1.0/lib/gcc/arm-none-eabi/16.1.0/thumb/v7e-m/nofp/libgcc.a(_udivmoddi4.o)

.data           0x20000000        0x8 load address 0x0000f6ac
 *(.data*)
 .data.stdout   0x20000000        0x4 CMakeFiles/clear_signing_m4.dir/uvision/startup.c.obj
                0x20000000                stdout
 .data._stdout_f
                0x20000004        0x4 CMakeFiles/clear_signing_m4.dir/uvision/startup.c.obj

.igot.plt       0x20000008        0x0 load address 0x0000f6b4
 .igot.plt      0x20000008        0x0 CMakeFiles/clear_signing_m4.dir/uvision/clear_signing_m4.c.obj

.bss            0x20000008     0x4afc load address 0x0000f6b4
                0x20000008                        __bss_start = .
 *(.bss*)
 .bss.buf.0     0x20000008       0x15 CMakeFiles/clear_signing_m4.dir/uvision/clear_signing_m4.c.obj
 *fill*         0x2000001d        0x3 
 .bss.g_done    0x20000020        0x4 CMakeFiles/clear_signing_m4.dir/uvision/clear_signing_m4.c.obj
                0x20000020                g_done
 *fill*         0x20000024        0x4 
 .bss.g_cycles_total
                0x20000028        0x8 CMakeFiles/clear_signing_m4.dir/uvision/clear_signing_m4.c.obj
                0x20000028                g_cycles_total
 .bss.g_cycles_pair
                0x20000030        0x8 CMakeFiles/clear_signing_m4.dir/uvision/clear_signing_m4.c.obj
                0x20000030                g_cycles_pair
 .bss.g_cycles_prep
                0x20000038        0x8 CMakeFiles/clear_signing_m4.dir/uvision/clear_signing_m4.c.obj
                0x20000038                g_cycles_prep
 .bss.g_cycles_ht
                0x20000040        0x8 CMakeFiles/clear_signing_m4.dir/uvision/clear_signing_m4.c.obj
                0x20000040                g_cycles_ht
 .bss.g_cycles_hc
                0x20000048        0x8 CMakeFiles/clear_signing_m4.dir/uvision/clear_signing_m4.c.obj
                0x20000048                g_cycles_hc
 .bss.g_valid   0x20000050        0x4 CMakeFiles/clear_signing_m4.dir/uvision/clear_signing_m4.c.obj
                0x20000050                g_valid
 .bss.g_hashes_ok
                0x20000054        0x4 CMakeFiles/clear_signing_m4.dir/uvision/clear_signing_m4.c.obj
                0x20000054                g_hashes_ok
 .bss.systick_overflow_count
                0x20000058        0x4 CMakeFiles/clear_signing_m4.dir/uvision/clear_signing_m4.c.obj
                0x20000058                systick_overflow_count
 .bss.initialized
                0x2000005c        0x4 CMakeFiles/clear_signing_m4.dir/src/poseidon.c.obj
 .bss.MDS       0x20000060      0x120 CMakeFiles/clear_signing_m4.dir/src/poseidon.c.obj
 .bss.ARK       0x20000180     0x1800 CMakeFiles/clear_signing_m4.dir/src/poseidon.c.obj
 .bss.core_ctx  0x20001980        0x4 lib/relic/lib/librelic_s.a(relic_core.c.obj)
 .bss.first_ctx
                0x20001984     0x3180 lib/relic/lib/librelic_s.a(relic_core.c.obj)
 *(COMMON)
                0x20004b04                        __bss_end = .
                0x20004b04                        _end = .
OUTPUT(clear_signing_m4 elf32-littlearm)
LOAD linker stubs

.comment        0x00000000       0x12
 .comment       0x00000000       0x12 CMakeFiles/clear_signing_m4.dir/uvision/clear_signing_m4.c.obj
                                 0x13 (size before relaxing)
 .comment       0x00000012        0x0 CMakeFiles/clear_signing_m4.dir/uvision/startup.c.obj
                                 0x13 (size before relaxing)
 .comment       0x00000012        0x0 CMakeFiles/clear_signing_m4.dir/src/fr.c.obj
                                 0x13 (size before relaxing)
 .comment       0x00000012        0x0 CMakeFiles/clear_signing_m4.dir/src/poseidon.c.obj
                                 0x13 (size before relaxing)
 .comment       0x00000012        0x0 libpairing.a(point_decode.c.obj)
                                 0x13 (size before relaxing)
 .comment       0x00000012        0x0 libpairing.a(crypto_init.c.obj)
                                 0x13 (size before relaxing)
 .comment       0x00000012        0x0 lib/relic/lib/librelic_s.a(relic_core.c.obj)
                                 0x13 (size before relaxing)
 .comment       0x00000012        0x0 lib/relic/lib/librelic_s.a(relic_arch_none.c.obj)
                                 0x13 (size before relaxing)
 .comment       0x00000012        0x0 lib/relic/lib/librelic_s.a(relic_rand_core.c.obj)
                                 0x13 (size before relaxing)
 .comment       0x00000012        0x0 lib/relic/lib/librelic_s.a(relic_rand_call.c.obj)
                                 0x13 (size before relaxing)
 .comment       0x00000012        0x0 lib/relic/lib/librelic_s.a(relic_bn_mem.c.obj)
                                 0x13 (size before relaxing)
 .comment       0x00000012        0x0 lib/relic/lib/librelic_s.a(relic_bn_util.c.obj)
                                 0x13 (size before relaxing)
 .comment       0x00000012        0x0 lib/relic/lib/librelic_s.a(relic_dv_util.c.obj)
                                 0x13 (size before relaxing)
 .comment       0x00000012        0x0 lib/relic/lib/librelic_s.a(relic_fp_prime.c.obj)
                                 0x13 (size before relaxing)
 .comment       0x00000012        0x0 lib/relic/lib/librelic_s.a(relic_fp_rdc.c.obj)
                                 0x13 (size before relaxing)
 .comment       0x00000012        0x0 lib/relic/lib/librelic_s.a(relic_fp_srt.c.obj)
                                 0x13 (size before relaxing)
 .comment       0x00000012        0x0 lib/relic/lib/librelic_s.a(relic_fp_util.c.obj)
                                 0x13 (size before relaxing)
 .comment       0x00000012        0x0 lib/relic/lib/librelic_s.a(relic_fpx_cmp.c.obj)
                                 0x13 (size before relaxing)
 .comment       0x00000012        0x0 lib/relic/lib/librelic_s.a(relic_fpx_field.c.obj)
                                 0x13 (size before relaxing)
 .comment       0x00000012        0x0 lib/relic/lib/librelic_s.a(relic_fpx_srt.c.obj)
                                 0x13 (size before relaxing)
 .comment       0x00000012        0x0 lib/relic/lib/librelic_s.a(relic_fpx_util.c.obj)
                                 0x13 (size before relaxing)
 .comment       0x00000012        0x0 lib/relic/lib/librelic_s.a(relic_ep_add.c.obj)
                                 0x13 (size before relaxing)
 .comment       0x00000012        0x0 lib/relic/lib/librelic_s.a(relic_ep_curve.c.obj)
                                 0x13 (size before relaxing)
 .comment       0x00000012        0x0 lib/relic/lib/librelic_s.a(relic_ep_dbl.c.obj)
                                 0x13 (size before relaxing)
 .comment       0x00000012        0x0 lib/relic/lib/librelic_s.a(relic_ep_mul.c.obj)
                                 0x13 (size before relaxing)
 .comment       0x00000012        0x0 lib/relic/lib/librelic_s.a(relic_ep_neg.c.obj)
                                 0x13 (size before relaxing)
 .comment       0x00000012        0x0 lib/relic/lib/librelic_s.a(relic_ep_norm.c.obj)
                                 0x13 (size before relaxing)
 .comment       0x00000012        0x0 lib/relic/lib/librelic_s.a(relic_ep_param.c.obj)
                                 0x13 (size before relaxing)
 .comment       0x00000012        0x0 lib/relic/lib/librelic_s.a(relic_ep_psi.c.obj)
                                 0x13 (size before relaxing)
 .comment       0x00000012        0x0 lib/relic/lib/librelic_s.a(relic_ep_tpl.c.obj)
                                 0x13 (size before relaxing)
 .comment       0x00000012        0x0 lib/relic/lib/librelic_s.a(relic_ep_util.c.obj)
                                 0x13 (size before relaxing)
 .comment       0x00000012        0x0 lib/relic/lib/librelic_s.a(relic_ep2_curve.c.obj)
                                 0x13 (size before relaxing)
 .comment       0x00000012        0x0 lib/relic/lib/librelic_s.a(relic_ep2_norm.c.obj)
                                 0x13 (size before relaxing)
 .comment       0x00000012        0x0 lib/relic/lib/librelic_s.a(relic_ep2_util.c.obj)
                                 0x13 (size before relaxing)
 .comment       0x00000012        0x0 lib/relic/lib/librelic_s.a(relic_pp_map.c.obj)
                                 0x13 (size before relaxing)
 .comment       0x00000012        0x0 lib/relic/lib/librelic_s.a(relic_pp_map_k12.c.obj)
                                 0x13 (size before relaxing)
 .comment       0x00000012        0x0 lib/relic/lib/librelic_s.a(relic_bn_div_low.c.obj)
                                 0x13 (size before relaxing)
 .comment       0x00000012        0x0 lib/relic/lib/librelic_s.a(relic_bn_mul_low.c.obj)
                                 0x13 (size before relaxing)
 .comment       0x00000012        0x0 lib/relic/lib/librelic_s.a(relic_bn_shift_low.c.obj)
                                 0x13 (size before relaxing)
 .comment       0x00000012        0x0 lib/relic/lib/librelic_s.a(relic_fp_add_low.c.obj)
                                 0x13 (size before relaxing)
 .comment       0x00000012        0x0 lib/relic/lib/librelic_s.a(relic_fp_mul_low.c.obj)
                                 0x13 (size before relaxing)
 .comment       0x00000012        0x0 lib/relic/lib/librelic_s.a(relic_fp_rdc_low.c.obj)
                                 0x13 (size before relaxing)
 .comment       0x00000012        0x0 lib/relic/lib/librelic_s.a(relic_fp_shift_low.c.obj)
                                 0x13 (size before relaxing)
 .comment       0x00000012        0x0 lib/relic/lib/librelic_s.a(relic_util.c.obj)
                                 0x13 (size before relaxing)
 .comment       0x00000012        0x0 lib/relic/lib/librelic_s.a(relic_bn_add.c.obj)
                                 0x13 (size before relaxing)
 .comment       0x00000012        0x0 lib/relic/lib/librelic_s.a(relic_bn_cmp.c.obj)
                                 0x13 (size before relaxing)
 .comment       0x00000012        0x0 lib/relic/lib/librelic_s.a(relic_bn_div.c.obj)
                                 0x13 (size before relaxing)
 .comment       0x00000012        0x0 lib/relic/lib/librelic_s.a(relic_bn_gcd.c.obj)
                                 0x13 (size before relaxing)
 .comment       0x00000012        0x0 lib/relic/lib/librelic_s.a(relic_bn_mod.c.obj)
                                 0x13 (size before relaxing)
 .comment       0x00000012        0x0 lib/relic/lib/librelic_s.a(relic_bn_mul.c.obj)
                                 0x13 (size before relaxing)
 .comment       0x00000012        0x0 lib/relic/lib/librelic_s.a(relic_bn_rec.c.obj)
                                 0x13 (size before relaxing)
 .comment       0x00000012        0x0 lib/relic/lib/librelic_s.a(relic_bn_shift.c.obj)
                                 0x13 (size before relaxing)
 .comment       0x00000012        0x0 lib/relic/lib/librelic_s.a(relic_bn_sqr.c.obj)
                                 0x13 (size before relaxing)
 .comment       0x00000012        0x0 lib/relic/lib/librelic_s.a(relic_bn_srt.c.obj)
                                 0x13 (size before relaxing)
 .comment       0x00000012        0x0 lib/relic/lib/librelic_s.a(relic_fp_add.c.obj)
                                 0x13 (size before relaxing)
 .comment       0x00000012        0x0 lib/relic/lib/librelic_s.a(relic_fp_cmp.c.obj)
                                 0x13 (size before relaxing)
 .comment       0x00000012        0x0 lib/relic/lib/librelic_s.a(relic_fp_crt.c.obj)
                                 0x13 (size before relaxing)
 .comment       0x00000012        0x0 lib/relic/lib/librelic_s.a(relic_fp_div.c.obj)
                                 0x13 (size before relaxing)
 .comment       0x00000012        0x0 lib/relic/lib/librelic_s.a(relic_fp_exp.c.obj)
                                 0x13 (size before relaxing)
 .comment       0x00000012        0x0 lib/relic/lib/librelic_s.a(relic_fp_inv.c.obj)
                                 0x13 (size before relaxing)
 .comment       0x00000012        0x0 lib/relic/lib/librelic_s.a(relic_fp_mul.c.obj)
                                 0x13 (size before relaxing)
 .comment       0x00000012        0x0 lib/relic/lib/librelic_s.a(relic_fp_param.c.obj)
                                 0x13 (size before relaxing)
 .comment       0x00000012        0x0 lib/relic/lib/librelic_s.a(relic_fp_smb.c.obj)
                                 0x13 (size before relaxing)
 .comment       0x00000012        0x0 lib/relic/lib/librelic_s.a(relic_fp_sqr.c.obj)
                                 0x13 (size before relaxing)
 .comment       0x00000012        0x0 lib/relic/lib/librelic_s.a(relic_fp12_mul.c.obj)
                                 0x13 (size before relaxing)
 .comment       0x00000012        0x0 lib/relic/lib/librelic_s.a(relic_fp12_sqr.c.obj)
                                 0x13 (size before relaxing)
 .comment       0x00000012        0x0 lib/relic/lib/librelic_s.a(relic_fp2_mul.c.obj)
                                 0x13 (size before relaxing)
 .comment       0x00000012        0x0 lib/relic/lib/librelic_s.a(relic_fp2_sqr.c.obj)
                                 0x13 (size before relaxing)
 .comment       0x00000012        0x0 lib/relic/lib/librelic_s.a(relic_fp4_mul.c.obj)
                                 0x13 (size before relaxing)
 .comment       0x00000012        0x0 lib/relic/lib/librelic_s.a(relic_fp4_sqr.c.obj)
                                 0x13 (size before relaxing)
 .comment       0x00000012        0x0 lib/relic/lib/librelic_s.a(relic_fp6_mul.c.obj)
                                 0x13 (size before relaxing)
 .comment       0x00000012        0x0 lib/relic/lib/librelic_s.a(relic_fpx_add.c.obj)
                                 0x13 (size before relaxing)
 .comment       0x00000012        0x0 lib/relic/lib/librelic_s.a(relic_fpx_cyc.c.obj)
                                 0x13 (size before relaxing)
 .comment       0x00000012        0x0 lib/relic/lib/librelic_s.a(relic_fpx_exp.c.obj)
                                 0x13 (size before relaxing)
 .comment       0x00000012        0x0 lib/relic/lib/librelic_s.a(relic_fpx_frb.c.obj)
                                 0x13 (size before relaxing)
 .comment       0x00000012        0x0 lib/relic/lib/librelic_s.a(relic_fpx_inv.c.obj)
                                 0x13 (size before relaxing)
 .comment       0x00000012        0x0 lib/relic/lib/librelic_s.a(relic_ep_cmp.c.obj)
                                 0x13 (size before relaxing)
 .comment       0x00000012        0x0 lib/relic/lib/librelic_s.a(relic_ep2_add.c.obj)
                                 0x13 (size before relaxing)
 .comment       0x00000012        0x0 lib/relic/lib/librelic_s.a(relic_ep2_dbl.c.obj)
                                 0x13 (size before relaxing)
 .comment       0x00000012        0x0 lib/relic/lib/librelic_s.a(relic_ep2_frb.c.obj)
                                 0x13 (size before relaxing)
 .comment       0x00000012        0x0 lib/relic/lib/librelic_s.a(relic_ep2_mul.c.obj)
                                 0x13 (size before relaxing)
 .comment       0x00000012        0x0 lib/relic/lib/librelic_s.a(relic_ep2_neg.c.obj)
                                 0x13 (size before relaxing)
 .comment       0x00000012        0x0 lib/relic/lib/librelic_s.a(relic_pp_add_k12.c.obj)
                                 0x13 (size before relaxing)
 .comment       0x00000012        0x0 lib/relic/lib/librelic_s.a(relic_pp_dbl_k12.c.obj)
                                 0x13 (size before relaxing)
 .comment       0x00000012        0x0 lib/relic/lib/librelic_s.a(relic_pp_exp_k12.c.obj)
                                 0x13 (size before relaxing)
 .comment       0x00000012        0x0 lib/relic/lib/librelic_s.a(relic_bn_add_low.c.obj)
                                 0x13 (size before relaxing)
 .comment       0x00000012        0x0 lib/relic/lib/librelic_s.a(relic_bn_sqr_low.c.obj)
                                 0x13 (size before relaxing)
 .comment       0x00000012        0x0 lib/relic/lib/librelic_s.a(relic_fp_sqr_low.c.obj)
                                 0x13 (size before relaxing)
 .comment       0x00000012        0x0 lib/relic/lib/librelic_s.a(relic_fpx_add_low.c.obj)
                                 0x13 (size before relaxing)
 .comment       0x00000012        0x0 lib/relic/lib/librelic_s.a(relic_fpx_mul_low.c.obj)
                                 0x13 (size before relaxing)
 .comment       0x00000012        0x0 lib/relic/lib/librelic_s.a(relic_fpx_rdc_low.c.obj)
                                 0x13 (size before relaxing)
 .comment       0x00000012        0x0 lib/relic/lib/librelic_s.a(relic_fpx_sqr_low.c.obj)
                                 0x13 (size before relaxing)
 .comment       0x00000012        0x0 lib/relic/lib/librelic_s.a(relic_fp6_sqr.c.obj)
                                 0x13 (size before relaxing)
 .comment       0x00000012        0x0 /opt/homebrew/Cellar/arm-none-eabi-gcc/16.1.0/lib/gcc/arm-none-eabi/16.1.0/thumb/v7e-m/nofp/libgcc.a(_udivmoddi4.o)
                                 0x13 (size before relaxing)

.ARM.attributes
                0x00000000       0x2e
 .ARM.attributes
                0x00000000       0x2e CMakeFiles/clear_signing_m4.dir/uvision/clear_signing_m4.c.obj
 .ARM.attributes
                0x0000002e       0x2e CMakeFiles/clear_signing_m4.dir/uvision/startup.c.obj
 .ARM.attributes
                0x0000005c       0x2e CMakeFiles/clear_signing_m4.dir/src/fr.c.obj
 .ARM.attributes
                0x0000008a       0x2e CMakeFiles/clear_signing_m4.dir/src/poseidon.c.obj
 .ARM.attributes
                0x000000b8       0x2e libpairing.a(point_decode.c.obj)
 .ARM.attributes
                0x000000e6       0x2e libpairing.a(crypto_init.c.obj)
 .ARM.attributes
                0x00000114       0x2e lib/relic/lib/librelic_s.a(relic_core.c.obj)
 .ARM.attributes
                0x00000142       0x2e lib/relic/lib/librelic_s.a(relic_arch_none.c.obj)
 .ARM.attributes
                0x00000170       0x2e lib/relic/lib/librelic_s.a(relic_rand_core.c.obj)
 .ARM.attributes
                0x0000019e       0x2e lib/relic/lib/librelic_s.a(relic_rand_call.c.obj)
 .ARM.attributes
                0x000001cc       0x2e lib/relic/lib/librelic_s.a(relic_bn_mem.c.obj)
 .ARM.attributes
                0x000001fa       0x2e lib/relic/lib/librelic_s.a(relic_bn_util.c.obj)
 .ARM.attributes
                0x00000228       0x2e lib/relic/lib/librelic_s.a(relic_dv_util.c.obj)
 .ARM.attributes
                0x00000256       0x2e lib/relic/lib/librelic_s.a(relic_fp_prime.c.obj)
 .ARM.attributes
                0x00000284       0x2e lib/relic/lib/librelic_s.a(relic_fp_rdc.c.obj)
 .ARM.attributes
                0x000002b2       0x2e lib/relic/lib/librelic_s.a(relic_fp_srt.c.obj)
 .ARM.attributes
                0x000002e0       0x2e lib/relic/lib/librelic_s.a(relic_fp_util.c.obj)
 .ARM.attributes
                0x0000030e       0x2e lib/relic/lib/librelic_s.a(relic_fpx_cmp.c.obj)
 .ARM.attributes
                0x0000033c       0x2e lib/relic/lib/librelic_s.a(relic_fpx_field.c.obj)
 .ARM.attributes
                0x0000036a       0x2e lib/relic/lib/librelic_s.a(relic_fpx_srt.c.obj)
 .ARM.attributes
                0x00000398       0x2e lib/relic/lib/librelic_s.a(relic_fpx_util.c.obj)
 .ARM.attributes
                0x000003c6       0x2e lib/relic/lib/librelic_s.a(relic_ep_add.c.obj)
 .ARM.attributes
                0x000003f4       0x2e lib/relic/lib/librelic_s.a(relic_ep_curve.c.obj)
 .ARM.attributes
                0x00000422       0x2e lib/relic/lib/librelic_s.a(relic_ep_dbl.c.obj)
 .ARM.attributes
                0x00000450       0x2e lib/relic/lib/librelic_s.a(relic_ep_mul.c.obj)
 .ARM.attributes
                0x0000047e       0x2e lib/relic/lib/librelic_s.a(relic_ep_neg.c.obj)
 .ARM.attributes
                0x000004ac       0x2e lib/relic/lib/librelic_s.a(relic_ep_norm.c.obj)
 .ARM.attributes
                0x000004da       0x2e lib/relic/lib/librelic_s.a(relic_ep_param.c.obj)
 .ARM.attributes
                0x00000508       0x2e lib/relic/lib/librelic_s.a(relic_ep_psi.c.obj)
 .ARM.attributes
                0x00000536       0x2e lib/relic/lib/librelic_s.a(relic_ep_tpl.c.obj)
 .ARM.attributes
                0x00000564       0x2e lib/relic/lib/librelic_s.a(relic_ep_util.c.obj)
 .ARM.attributes
                0x00000592       0x2e lib/relic/lib/librelic_s.a(relic_ep2_curve.c.obj)
 .ARM.attributes
                0x000005c0       0x2e lib/relic/lib/librelic_s.a(relic_ep2_norm.c.obj)
 .ARM.attributes
                0x000005ee       0x2e lib/relic/lib/librelic_s.a(relic_ep2_util.c.obj)
 .ARM.attributes
                0x0000061c       0x2e lib/relic/lib/librelic_s.a(relic_pp_map.c.obj)
 .ARM.attributes
                0x0000064a       0x2e lib/relic/lib/librelic_s.a(relic_pp_map_k12.c.obj)
 .ARM.attributes
                0x00000678       0x2e lib/relic/lib/librelic_s.a(relic_bn_div_low.c.obj)
 .ARM.attributes
                0x000006a6       0x2e lib/relic/lib/librelic_s.a(relic_bn_mul_low.c.obj)
 .ARM.attributes
                0x000006d4       0x2e lib/relic/lib/librelic_s.a(relic_bn_shift_low.c.obj)
 .ARM.attributes
                0x00000702       0x2e lib/relic/lib/librelic_s.a(relic_fp_add_low.c.obj)
 .ARM.attributes
                0x00000730       0x2e lib/relic/lib/librelic_s.a(relic_fp_mul_low.c.obj)
 .ARM.attributes
                0x0000075e       0x2e lib/relic/lib/librelic_s.a(relic_fp_rdc_low.c.obj)
 .ARM.attributes
                0x0000078c       0x2e lib/relic/lib/librelic_s.a(relic_fp_shift_low.c.obj)
 .ARM.attributes
                0x000007ba       0x2e lib/relic/lib/librelic_s.a(relic_util.c.obj)
 .ARM.attributes
                0x000007e8       0x2e lib/relic/lib/librelic_s.a(relic_bn_add.c.obj)
 .ARM.attributes
                0x00000816       0x2e lib/relic/lib/librelic_s.a(relic_bn_cmp.c.obj)
 .ARM.attributes
                0x00000844       0x2e lib/relic/lib/librelic_s.a(relic_bn_div.c.obj)
 .ARM.attributes
                0x00000872       0x2e lib/relic/lib/librelic_s.a(relic_bn_gcd.c.obj)
 .ARM.attributes
                0x000008a0       0x2e lib/relic/lib/librelic_s.a(relic_bn_mod.c.obj)
 .ARM.attributes
                0x000008ce       0x2e lib/relic/lib/librelic_s.a(relic_bn_mul.c.obj)
 .ARM.attributes
                0x000008fc       0x2e lib/relic/lib/librelic_s.a(relic_bn_rec.c.obj)
 .ARM.attributes
                0x0000092a       0x2e lib/relic/lib/librelic_s.a(relic_bn_shift.c.obj)
 .ARM.attributes
                0x00000958       0x2e lib/relic/lib/librelic_s.a(relic_bn_sqr.c.obj)
 .ARM.attributes
                0x00000986       0x2e lib/relic/lib/librelic_s.a(relic_bn_srt.c.obj)
 .ARM.attributes
                0x000009b4       0x2e lib/relic/lib/librelic_s.a(relic_fp_add.c.obj)
 .ARM.attributes
                0x000009e2       0x2e lib/relic/lib/librelic_s.a(relic_fp_cmp.c.obj)
 .ARM.attributes
                0x00000a10       0x2e lib/relic/lib/librelic_s.a(relic_fp_crt.c.obj)
 .ARM.attributes
                0x00000a3e       0x2e lib/relic/lib/librelic_s.a(relic_fp_div.c.obj)
 .ARM.attributes
                0x00000a6c       0x2e lib/relic/lib/librelic_s.a(relic_fp_exp.c.obj)
 .ARM.attributes
                0x00000a9a       0x2e lib/relic/lib/librelic_s.a(relic_fp_inv.c.obj)
 .ARM.attributes
                0x00000ac8       0x2e lib/relic/lib/librelic_s.a(relic_fp_mul.c.obj)
 .ARM.attributes
                0x00000af6       0x2e lib/relic/lib/librelic_s.a(relic_fp_param.c.obj)
 .ARM.attributes
                0x00000b24       0x2e lib/relic/lib/librelic_s.a(relic_fp_smb.c.obj)
 .ARM.attributes
                0x00000b52       0x2e lib/relic/lib/librelic_s.a(relic_fp_sqr.c.obj)
 .ARM.attributes
                0x00000b80       0x2e lib/relic/lib/librelic_s.a(relic_fp12_mul.c.obj)
 .ARM.attributes
                0x00000bae       0x2e lib/relic/lib/librelic_s.a(relic_fp12_sqr.c.obj)
 .ARM.attributes
                0x00000bdc       0x2e lib/relic/lib/librelic_s.a(relic_fp2_mul.c.obj)
 .ARM.attributes
                0x00000c0a       0x2e lib/relic/lib/librelic_s.a(relic_fp2_sqr.c.obj)
 .ARM.attributes
                0x00000c38       0x2e lib/relic/lib/librelic_s.a(relic_fp4_mul.c.obj)
 .ARM.attributes
                0x00000c66       0x2e lib/relic/lib/librelic_s.a(relic_fp4_sqr.c.obj)
 .ARM.attributes
                0x00000c94       0x2e lib/relic/lib/librelic_s.a(relic_fp6_mul.c.obj)
 .ARM.attributes
                0x00000cc2       0x2e lib/relic/lib/librelic_s.a(relic_fpx_add.c.obj)
 .ARM.attributes
                0x00000cf0       0x2e lib/relic/lib/librelic_s.a(relic_fpx_cyc.c.obj)
 .ARM.attributes
                0x00000d1e       0x2e lib/relic/lib/librelic_s.a(relic_fpx_exp.c.obj)
 .ARM.attributes
                0x00000d4c       0x2e lib/relic/lib/librelic_s.a(relic_fpx_frb.c.obj)
 .ARM.attributes
                0x00000d7a       0x2e lib/relic/lib/librelic_s.a(relic_fpx_inv.c.obj)
 .ARM.attributes
                0x00000da8       0x2e lib/relic/lib/librelic_s.a(relic_ep_cmp.c.obj)
 .ARM.attributes
                0x00000dd6       0x2e lib/relic/lib/librelic_s.a(relic_ep2_add.c.obj)
 .ARM.attributes
                0x00000e04       0x2e lib/relic/lib/librelic_s.a(relic_ep2_dbl.c.obj)
 .ARM.attributes
                0x00000e32       0x2e lib/relic/lib/librelic_s.a(relic_ep2_frb.c.obj)
 .ARM.attributes
                0x00000e60       0x2e lib/relic/lib/librelic_s.a(relic_ep2_mul.c.obj)
 .ARM.attributes
                0x00000e8e       0x2e lib/relic/lib/librelic_s.a(relic_ep2_neg.c.obj)
 .ARM.attributes
                0x00000ebc       0x2e lib/relic/lib/librelic_s.a(relic_pp_add_k12.c.obj)
 .ARM.attributes
                0x00000eea       0x2e lib/relic/lib/librelic_s.a(relic_pp_dbl_k12.c.obj)
 .ARM.attributes
                0x00000f18       0x2e lib/relic/lib/librelic_s.a(relic_pp_exp_k12.c.obj)
 .ARM.attributes
                0x00000f46       0x2e lib/relic/lib/librelic_s.a(relic_bn_add_low.c.obj)
 .ARM.attributes
                0x00000f74       0x2e lib/relic/lib/librelic_s.a(relic_bn_sqr_low.c.obj)
 .ARM.attributes
                0x00000fa2       0x2e lib/relic/lib/librelic_s.a(relic_fp_sqr_low.c.obj)
 .ARM.attributes
                0x00000fd0       0x2e lib/relic/lib/librelic_s.a(relic_fpx_add_low.c.obj)
 .ARM.attributes
                0x00000ffe       0x2e lib/relic/lib/librelic_s.a(relic_fpx_mul_low.c.obj)
 .ARM.attributes
                0x0000102c       0x2e lib/relic/lib/librelic_s.a(relic_fpx_rdc_low.c.obj)
 .ARM.attributes
                0x0000105a       0x2e lib/relic/lib/librelic_s.a(relic_fpx_sqr_low.c.obj)
 .ARM.attributes
                0x00001088       0x2e lib/relic/lib/librelic_s.a(relic_fp6_sqr.c.obj)
 .ARM.attributes
                0x000010b6       0x1e /opt/homebrew/Cellar/arm-none-eabi-gcc/16.1.0/lib/gcc/arm-none-eabi/16.1.0/thumb/v7e-m/nofp/libgcc.a(_aeabi_uldivmod.o)
 .ARM.attributes
                0x000010d4       0x2e /opt/homebrew/Cellar/arm-none-eabi-gcc/16.1.0/lib/gcc/arm-none-eabi/16.1.0/thumb/v7e-m/nofp/libgcc.a(_udivmoddi4.o)
 .ARM.attributes
                0x00001102       0x1e /opt/homebrew/Cellar/arm-none-eabi-gcc/16.1.0/lib/gcc/arm-none-eabi/16.1.0/thumb/v7e-m/nofp/libgcc.a(_dvmd_tls.o)

.debug_line     0x00000000      0x6ae
 .debug_line    0x00000000       0x4e /opt/homebrew/Cellar/arm-none-eabi-gcc/16.1.0/lib/gcc/arm-none-eabi/16.1.0/thumb/v7e-m/nofp/libgcc.a(_aeabi_uldivmod.o)
 .debug_line    0x0000004e      0x616 /opt/homebrew/Cellar/arm-none-eabi-gcc/16.1.0/lib/gcc/arm-none-eabi/16.1.0/thumb/v7e-m/nofp/libgcc.a(_udivmoddi4.o)
 .debug_line    0x00000664       0x4a /opt/homebrew/Cellar/arm-none-eabi-gcc/16.1.0/lib/gcc/arm-none-eabi/16.1.0/thumb/v7e-m/nofp/libgcc.a(_dvmd_tls.o)

.debug_line_str
                0x00000000       0xb5
 .debug_line_str
                0x00000000       0xb5 /opt/homebrew/Cellar/arm-none-eabi-gcc/16.1.0/lib/gcc/arm-none-eabi/16.1.0/thumb/v7e-m/nofp/libgcc.a(_aeabi_uldivmod.o)
                                 0xa9 (size before relaxing)
 .debug_line_str
                0x000000b5        0x0 /opt/homebrew/Cellar/arm-none-eabi-gcc/16.1.0/lib/gcc/arm-none-eabi/16.1.0/thumb/v7e-m/nofp/libgcc.a(_dvmd_tls.o)
                                 0xad (size before relaxing)

.debug_info     0x00000000      0x74e
 .debug_info    0x00000000       0x24 /opt/homebrew/Cellar/arm-none-eabi-gcc/16.1.0/lib/gcc/arm-none-eabi/16.1.0/thumb/v7e-m/nofp/libgcc.a(_aeabi_uldivmod.o)
 .debug_info    0x00000024      0x6ee /opt/homebrew/Cellar/arm-none-eabi-gcc/16.1.0/lib/gcc/arm-none-eabi/16.1.0/thumb/v7e-m/nofp/libgcc.a(_udivmoddi4.o)
 .debug_info    0x00000712       0x3c /opt/homebrew/Cellar/arm-none-eabi-gcc/16.1.0/lib/gcc/arm-none-eabi/16.1.0/thumb/v7e-m/nofp/libgcc.a(_dvmd_tls.o)

.debug_abbrev   0x00000000      0x1aa
 .debug_abbrev  0x00000000       0x14 /opt/homebrew/Cellar/arm-none-eabi-gcc/16.1.0/lib/gcc/arm-none-eabi/16.1.0/thumb/v7e-m/nofp/libgcc.a(_aeabi_uldivmod.o)
 .debug_abbrev  0x00000014      0x170 /opt/homebrew/Cellar/arm-none-eabi-gcc/16.1.0/lib/gcc/arm-none-eabi/16.1.0/thumb/v7e-m/nofp/libgcc.a(_udivmoddi4.o)
 .debug_abbrev  0x00000184       0x26 /opt/homebrew/Cellar/arm-none-eabi-gcc/16.1.0/lib/gcc/arm-none-eabi/16.1.0/thumb/v7e-m/nofp/libgcc.a(_dvmd_tls.o)

.debug_aranges  0x00000000       0x60
 .debug_aranges
                0x00000000       0x20 /opt/homebrew/Cellar/arm-none-eabi-gcc/16.1.0/lib/gcc/arm-none-eabi/16.1.0/thumb/v7e-m/nofp/libgcc.a(_aeabi_uldivmod.o)
 .debug_aranges
                0x00000020       0x20 /opt/homebrew/Cellar/arm-none-eabi-gcc/16.1.0/lib/gcc/arm-none-eabi/16.1.0/thumb/v7e-m/nofp/libgcc.a(_udivmoddi4.o)
 .debug_aranges
                0x00000040       0x20 /opt/homebrew/Cellar/arm-none-eabi-gcc/16.1.0/lib/gcc/arm-none-eabi/16.1.0/thumb/v7e-m/nofp/libgcc.a(_dvmd_tls.o)

.debug_str      0x00000000      0x6b9
 .debug_str     0x00000000      0x6b9 /opt/homebrew/Cellar/arm-none-eabi-gcc/16.1.0/lib/gcc/arm-none-eabi/16.1.0/thumb/v7e-m/nofp/libgcc.a(_aeabi_uldivmod.o)
                                 0xb7 (size before relaxing)
 .debug_str     0x000006b9        0x0 /opt/homebrew/Cellar/arm-none-eabi-gcc/16.1.0/lib/gcc/arm-none-eabi/16.1.0/thumb/v7e-m/nofp/libgcc.a(_udivmoddi4.o)
                                0x66c (size before relaxing)
 .debug_str     0x000006b9        0x0 /opt/homebrew/Cellar/arm-none-eabi-gcc/16.1.0/lib/gcc/arm-none-eabi/16.1.0/thumb/v7e-m/nofp/libgcc.a(_dvmd_tls.o)
                                 0xd7 (size before relaxing)

.debug_frame    0x00000000       0x60
 .debug_frame   0x00000000       0x2c /opt/homebrew/Cellar/arm-none-eabi-gcc/16.1.0/lib/gcc/arm-none-eabi/16.1.0/thumb/v7e-m/nofp/libgcc.a(_aeabi_uldivmod.o)
 .debug_frame   0x0000002c       0x34 /opt/homebrew/Cellar/arm-none-eabi-gcc/16.1.0/lib/gcc/arm-none-eabi/16.1.0/thumb/v7e-m/nofp/libgcc.a(_udivmoddi4.o)

.debug_loclists
                0x00000000      0xa0e
 .debug_loclists
                0x00000000      0xa0e /opt/homebrew/Cellar/arm-none-eabi-gcc/16.1.0/lib/gcc/arm-none-eabi/16.1.0/thumb/v7e-m/nofp/libgcc.a(_udivmoddi4.o)

.debug_rnglists
                0x00000000       0x8e
 .debug_rnglists
                0x00000000       0x8e /opt/homebrew/Cellar/arm-none-eabi-gcc/16.1.0/lib/gcc/arm-none-eabi/16.1.0/thumb/v7e-m/nofp/libgcc.a(_udivmoddi4.o)
